12-14 14:24:59.403 D/app_process64(26650): 12-14 14:24:59.401+07:00 I/System.Net.Http.HttpClient.Refit.Implementation.Generated+UnoApp3ServicesApiIProductApi, UnoApp3, Version=1.0.0.0, Culture=neutral, PublicKeyToken=null.LogicalHandler: Start processing HTTP request GET https://d08a7e4817c8.ngrok-free.app/api/public/products/107
12-14 14:24:59.404 D/app_process64(26650): 12-14 14:24:59.403+07:00 I/System.Net.Http.HttpClient.Refit.Implementation.Generated+UnoApp3ServicesApiIProductApi, UnoApp3, Version=1.0.0.0, Culture=neutral, PublicKeyToken=null.ClientHandler: Sending HTTP request GET https://d08a7e4817c8.ngrok-free.app/api/public/products/107
12-14 14:24:59.405 D/app_process64(26650): 12-14 14:24:59.405+07:00 I/Uno.Extensions.Http.DiagnosticHandler: SendAsync - Host: https://d08a7e4817c8.ngrok-free.app
12-14 14:24:59.407 D/app_process64(26650): 12-14 14:24:59.406+07:00 I/Uno.Extensions.Http.DiagnosticHandler: SendAsync - Method: GET /api/public/products/107 https/1.1
12-14 14:24:59.408 I/DOTNET  (26650): info: System.Net.Http.HttpClient.Refit.Implementation.Generated+UnoApp3ServicesApiIProductApi, UnoApp3, Version=1.0.0.0, Culture=neutral, PublicKeyToken=null.ClientHandler[100]
12-14 14:24:59.408 I/DOTNET  (26650):       Sending HTTP request GET https://d08a7e4817c8.ngrok-free.app/api/public/products/107
12-14 14:24:59.596 D/app_process64(26650): 12-14 14:24:59.595+07:00 I/Uno.Extensions.Http.DiagnosticHandler: SendAsync - Response: HTTPS/1.1 200 OK
12-14 14:24:59.596 D/app_process64(26650): 12-14 14:24:59.596+07:00 I/Uno.Extensions.Http.DiagnosticHandler: SendAsync - Header (response): Date: Sun, 14 Dec 2025 07:24:59 GMT
12-14 14:24:59.597 D/app_process64(26650): 12-14 14:24:59.596+07:00 I/Uno.Extensions.Http.DiagnosticHandler: SendAsync - Header (response): Ngrok-Agent-Ips: 116.111.184.17
12-14 14:24:59.597 D/app_process64(26650): 12-14 14:24:59.597+07:00 I/Uno.Extensions.Http.DiagnosticHandler: SendAsync - Header (response): Server: Kestrel
12-14 14:24:59.598 D/app_process64(26650): 12-14 14:24:59.597+07:00 I/Uno.Extensions.Http.DiagnosticHandler: SendAsync - Header (response): Transfer-Encoding: chunked
12-14 14:24:59.598 D/app_process64(26650): 12-14 14:24:59.598+07:00 I/Uno.Extensions.Http.DiagnosticHandler: SendAsync - Header (response): X-Android-Received-Millis: 1765697099575
12-14 14:24:59.599 D/app_process64(26650): 12-14 14:24:59.599+07:00 I/Uno.Extensions.Http.DiagnosticHandler: SendAsync - Header (response): X-Android-Response-Source: NETWORK 200
12-14 14:24:59.599 D/app_process64(26650): 12-14 14:24:59.599+07:00 I/Uno.Extensions.Http.DiagnosticHandler: SendAsync - Header (response): X-Android-Selected-Protocol: http/1.1
12-14 14:24:59.600 D/app_process64(26650): 12-14 14:24:59.599+07:00 I/Uno.Extensions.Http.DiagnosticHandler: SendAsync - Header (response): X-Android-Sent-Millis: 1765697099413
12-14 14:24:59.601 D/app_process64(26650): 12-14 14:24:59.600+07:00 I/System.Net.Http.HttpClient.Refit.Implementation.Generated+UnoApp3ServicesApiIProductApi, UnoApp3, Version=1.0.0.0, Culture=neutral, PublicKeyToken=null.ClientHandler: Received HTTP response headers after 195.4166ms - 200
12-14 14:24:59.601 I/DOTNET  (26650): info: System.Net.Http.HttpClient.Refit.Implementation.Generated+UnoApp3ServicesApiIProductApi, UnoApp3, Version=1.0.0.0, Culture=neutral, PublicKeyToken=null.ClientHandler[101]
12-14 14:24:59.601 I/DOTNET  (26650):       Received HTTP response headers after 195.4166ms - 200
12-14 14:24:59.601 I/DOTNET  (26650): info: System.Net.Http.HttpClient.Refit.Implementation.Generated+UnoApp3ServicesApiIProductApi, UnoApp3, Version=1.0.0.0, Culture=neutral, PublicKeyToken=null.LogicalHandler[101]
12-14 14:24:59.601 I/DOTNET  (26650):       End processing HTTP request after 199.8341ms - 200
12-14 14:24:59.601 D/app_process64(26650): 12-14 14:24:59.601+07:00 I/System.Net.Http.HttpClient.Refit.Implementation.Generated+UnoApp3ServicesApiIProductApi, UnoApp3, Version=1.0.0.0, Culture=neutral, PublicKeyToken=null.LogicalHandler: End processing HTTP request after 199.8341ms - 200
12-14 14:24:59.699 D/app_process64(26650): The Bindable attribute is missing and the type [UnoApp3.Models.CartItemDisplay] is not known by the MetadataProvider. Reflection was used instead of the binding engine and generated static metadata. Add the Bindable attribute to prevent this message and performance issues.
12-14 14:24:59.753 E/android.hardware.thermal@2.0-service.qti( 1139): ThermalHAL not initialized properly.
12-14 14:24:59.753 E/ThermalHalWrapper( 1997): Couldn't get temperatures because of HAL error: ThermalHAL not initialized properly.
12-14 14:24:59.785 W/VsyncModulator( 1183): setTransactionSchedule: Unexpected EarlyEnd
12-14 14:25:00.000 V/AlarmManager( 1997): Triggering alarm #0: Alarm{1df2ef1 type 3 origWhen 382481675 whenElapsed 382481675 android}
12-14 14:25:00.008 D/KeyguardUpdateMonitor( 3138): received broadcast android.intent.action.TIME_TICK
12-14 14:25:00.014 D/KeyguardUpdateMonitor( 3138): handleTimeUpdate
12-14 14:25:00.409 W/VsyncModulator( 1183): setTransactionSchedule: Unexpected EarlyEnd
12-14 14:25:00.580 I/BatteryService( 1997): current mPlugType2current mHealthInfo.batteryLevel100current mHealthInfo.batteryTemperature354
12-14 14:25:00.586 D/UiModeManager( 1997): updateConfigurationLocked: mDockState=0; mCarMode=false; mCar=false; mPowerSave=false; mComputedNightMode=false; mNightMode=1; uiMode=17
12-14 14:25:00.587 I/BatteryInfoReceiver( 4827): ACTION_BATTERY_CHANGED
12-14 14:25:00.588 I/PowerSaveService( 4827): onReceive: android.intent.action.BATTERY_CHANGED
12-14 14:25:00.588 I/PowerNoticeUI( 4827): handleBatteryChanged oldPlugType 2 mPlugType 2 oldBatteryLevel 100 mBatteryLevel 100 temperature 354
12-14 14:25:00.589 D/PowerCheckerService( 6487): onBatteryChanged, mBatteryLevel = 100, status = 2, level = 100, plug = 2, scale = 100
12-14 14:25:00.591 D/PowerKeeper.Thermal( 6487): mBatteryTemperature: 35
12-14 14:25:00.592 D/ThermalIECHandler( 6487): storeDataStyle: thermal_iec_monitor_persistence_data_style_iec_state; startIECTime: -1; IECScreenOffOverPeriodTime: 381178784
12-14 14:25:00.607 V/DeviceStatisticsService( 3103): chargerType=2 batteryLevel=100 totalBatteryCapacity=3393000
12-14 14:25:00.792 E/android.hardware.thermal@2.0-service.qti( 1139): ThermalHAL not initialized properly.
12-14 14:25:00.793 E/ThermalHalWrapper( 1997): Couldn't get temperatures because of HAL error: ThermalHAL not initialized properly.
12-14 14:25:01.604 D/MIUIInput( 1997): [MotionEvent] publisher action=0x4, 268963914, channel '3e1bcc4 NavigationBar0 (server)'
12-14 14:25:01.605 D/MIUIInput( 1997): [MotionEvent] publisher action=0x0, 268963914, channel 'b78d33e com.companyname.UnoApp3/crc647550fd11ca543fdf.MainActivity (server)'
12-14 14:25:01.728 D/MIUIInput( 1997): [MotionEvent] publisher action=0x1, 268964040, channel 'b78d33e com.companyname.UnoApp3/crc647550fd11ca543fdf.MainActivity (server)'
12-14 14:25:01.742 W/VsyncModulator( 1183): setTransactionSchedule: Unexpected EarlyEnd
12-14 14:25:01.828 E/android.hardware.thermal@2.0-service.qti( 1139): ThermalHAL not initialized properly.
12-14 14:25:01.830 E/ThermalHalWrapper( 1997): Couldn't get temperatures because of HAL error: ThermalHAL not initialized properly.
12-14 14:25:02.836 E/android.hardware.thermal@2.0-service.qti( 1139): ThermalHAL not initialized properly.
12-14 14:25:02.837 E/ThermalHalWrapper( 1997): Couldn't get temperatures because of HAL error: ThermalHAL not initialized properly.
12-14 14:25:03.872 E/android.hardware.thermal@2.0-service.qti( 1139): ThermalHAL not initialized properly.
12-14 14:25:03.872 E/ThermalHalWrapper( 1997): Couldn't get temperatures because of HAL error: ThermalHAL not initialized properly.
12-14 14:25:04.250 W/VsyncModulator( 1183): setTransactionSchedule: Unexpected EarlyEnd
12-14 14:25:04.607 I/BatteryService( 1997): current mPlugType2current mHealthInfo.batteryLevel100current mHealthInfo.batteryTemperature354
12-14 14:25:04.615 D/UiModeManager( 1997): updateConfigurationLocked: mDockState=0; mCarMode=false; mCar=false; mPowerSave=false; mComputedNightMode=false; mNightMode=1; uiMode=17
12-14 14:25:04.618 I/BatteryInfoReceiver( 4827): ACTION_BATTERY_CHANGED
12-14 14:25:04.619 I/PowerSaveService( 4827): onReceive: android.intent.action.BATTERY_CHANGED
12-14 14:25:04.620 D/PowerCheckerService( 6487): onBatteryChanged, mBatteryLevel = 100, status = 2, level = 100, plug = 2, scale = 100
12-14 14:25:04.622 D/ThermalIECHandler( 6487): storeDataStyle: thermal_iec_monitor_persistence_data_style_iec_state; startIECTime: -1; IECScreenOffOverPeriodTime: 381178784
12-14 14:25:04.622 I/PowerNoticeUI( 4827): handleBatteryChanged oldPlugType 2 mPlugType 2 oldBatteryLevel 100 mBatteryLevel 100 temperature 354
12-14 14:25:04.627 D/PowerKeeper.Thermal( 6487): mBatteryTemperature: 35
12-14 14:25:04.639 V/DeviceStatisticsService( 3103): chargerType=2 batteryLevel=100 totalBatteryCapacity=3393000
12-14 14:25:04.886 E/android.hardware.thermal@2.0-service.qti( 1139): ThermalHAL not initialized properly.
12-14 14:25:04.888 E/ThermalHalWrapper( 1997): Couldn't get temperatures because of HAL error: ThermalHAL not initialized properly.
12-14 14:25:05.927 E/android.hardware.thermal@2.0-service.qti( 1139): ThermalHAL not initialized properly.
12-14 14:25:05.928 E/ThermalHalWrapper( 1997): Couldn't get temperatures because of HAL error: ThermalHAL not initialized properly.
12-14 14:25:06.067 W/VsyncModulator( 1183): setTransactionSchedule: Unexpected EarlyEnd
12-14 14:25:06.177 W/VsyncModulator( 1183): setTransactionSchedule: Unexpected EarlyEnd
12-14 14:25:06.621 I/BatteryService( 1997): current mPlugType2current mHealthInfo.batteryLevel100current mHealthInfo.batteryTemperature354
12-14 14:25:06.629 D/UiModeManager( 1997): updateConfigurationLocked: mDockState=0; mCarMode=false; mCar=false; mPowerSave=false; mComputedNightMode=false; mNightMode=1; uiMode=17
12-14 14:25:06.629 D/ThermalIECHandler( 6487): storeDataStyle: thermal_iec_monitor_persistence_data_style_iec_state; startIECTime: -1; IECScreenOffOverPeriodTime: 381178784
12-14 14:25:06.633 I/BatteryInfoReceiver( 4827): ACTION_BATTERY_CHANGED
12-14 14:25:06.634 I/PowerSaveService( 4827): onReceive: android.intent.action.BATTERY_CHANGED
12-14 14:25:06.634 I/PowerNoticeUI( 4827): handleBatteryChanged oldPlugType 2 mPlugType 2 oldBatteryLevel 100 mBatteryLevel 100 temperature 354
12-14 14:25:06.638 D/PowerCheckerService( 6487): onBatteryChanged, mBatteryLevel = 100, status = 2, level = 100, plug = 2, scale = 100
12-14 14:25:06.639 D/PowerKeeper.Thermal( 6487): mBatteryTemperature: 35
12-14 14:25:06.650 V/DeviceStatisticsService( 3103): chargerType=2 batteryLevel=100 totalBatteryCapacity=3393000
12-14 14:25:06.949 E/android.hardware.thermal@2.0-service.qti( 1139): ThermalHAL not initialized properly.
12-14 14:25:06.950 E/ThermalHalWrapper( 1997): Couldn't get temperatures because of HAL error: ThermalHAL not initialized properly.
12-14 14:25:07.988 E/android.hardware.thermal@2.0-service.qti( 1139): ThermalHAL not initialized properly.
12-14 14:25:07.989 E/ThermalHalWrapper( 1997): Couldn't get temperatures because of HAL error: ThermalHAL not initialized properly.
12-14 14:25:09.015 E/android.hardware.thermal@2.0-service.qti( 1139): ThermalHAL not initialized properly.
12-14 14:25:09.016 E/ThermalHalWrapper( 1997): Couldn't get temperatures because of HAL error: ThermalHAL not initialized properly.
12-14 14:25:09.104 W/VsyncModulator( 1183): setTransactionSchedule: Unexpected EarlyEnd
12-14 14:25:09.217 W/VsyncModulator( 1183): setTransactionSchedule: Unexpected EarlyEnd
12-14 14:25:09.970 D/MiuiNetworkPolicy( 1997): updateLimit mLimitEnabled=true,enabled=false,mNetworkPriorityMode=0
12-14 14:25:10.055 E/android.hardware.thermal@2.0-service.qti( 1139): ThermalHAL not initialized properly.
12-14 14:25:10.056 E/ThermalHalWrapper( 1997): Couldn't get temperatures because of HAL error: ThermalHAL not initialized properly.
12-14 14:25:10.247 D/BoundBrokerSvc(13990): onUnbind: Intent { act=com.google.android.gms.pay.service.BIND dat=chimera-action: cmp=com.google.android.gms/.chimera.GmsApiService }
12-14 14:25:10.259 W/ProcessStats( 1997): Tracking association SourceState{3fa24c2 com.google.android.inputmethod.latin/10223 BTopFgs #582970} whose proc state 2 is better than process ProcessState{202fba7 com.google.android.gms.persistent/10206 pkg=com.google.android.gms} proc state 3 (84 skipped)
12-14 14:25:10.663 I/BatteryService( 1997): current mPlugType2current mHealthInfo.batteryLevel100current mHealthInfo.batteryTemperature354
12-14 14:25:10.670 D/UiModeManager( 1997): updateConfigurationLocked: mDockState=0; mCarMode=false; mCar=false; mPowerSave=false; mComputedNightMode=false; mNightMode=1; uiMode=17
12-14 14:25:10.672 I/BatteryInfoReceiver( 4827): ACTION_BATTERY_CHANGED
12-14 14:25:10.672 I/PowerSaveService( 4827): onReceive: android.intent.action.BATTERY_CHANGED
12-14 14:25:10.673 I/PowerNoticeUI( 4827): handleBatteryChanged oldPlugType 2 mPlugType 2 oldBatteryLevel 100 mBatteryLevel 100 temperature 354
12-14 14:25:10.674 D/ThermalIECHandler( 6487): storeDataStyle: thermal_iec_monitor_persistence_data_style_iec_state; startIECTime: -1; IECScreenOffOverPeriodTime: 381178784
12-14 14:25:10.676 D/PowerCheckerService( 6487): onBatteryChanged, mBatteryLevel = 100, status = 2, level = 100, plug = 2, scale = 100
12-14 14:25:10.677 D/PowerKeeper.Thermal( 6487): mBatteryTemperature: 35
12-14 14:25:10.693 V/DeviceStatisticsService( 3103): chargerType=2 batteryLevel=100 totalBatteryCapacity=3393000
12-14 14:25:11.065 E/android.hardware.thermal@2.0-service.qti( 1139): ThermalHAL not initialized properly.
12-14 14:25:11.067 E/ThermalHalWrapper( 1997): Couldn't get temperatures because of HAL error: ThermalHAL not initialized properly.
12-14 14:25:12.084 E/android.hardware.thermal@2.0-service.qti( 1139): ThermalHAL not initialized properly.
12-14 14:25:12.085 E/ThermalHalWrapper( 1997): Couldn't get temperatures because of HAL error: ThermalHAL not initialized properly.
12-14 14:25:12.668 I/BatteryService( 1997): current mPlugType2current mHealthInfo.batteryLevel100current mHealthInfo.batteryTemperature354
12-14 14:25:12.673 D/UiModeManager( 1997): updateConfigurationLocked: mDockState=0; mCarMode=false; mCar=false; mPowerSave=false; mComputedNightMode=false; mNightMode=1; uiMode=17
12-14 14:25:12.675 D/ThermalIECHandler( 6487): storeDataStyle: thermal_iec_monitor_persistence_data_style_iec_state; startIECTime: -1; IECScreenOffOverPeriodTime: 381178784
12-14 14:25:12.677 I/BatteryInfoReceiver( 4827): ACTION_BATTERY_CHANGED
12-14 14:25:12.680 D/PowerCheckerService( 6487): onBatteryChanged, mBatteryLevel = 100, status = 2, level = 100, plug = 2, scale = 100
12-14 14:25:12.681 D/PowerKeeper.Thermal( 6487): mBatteryTemperature: 35
12-14 14:25:12.684 I/PowerSaveService( 4827): onReceive: android.intent.action.BATTERY_CHANGED
12-14 14:25:12.684 I/PowerNoticeUI( 4827): handleBatteryChanged oldPlugType 2 mPlugType 2 oldBatteryLevel 100 mBatteryLevel 100 temperature 354
12-14 14:25:12.708 V/DeviceStatisticsService( 3103): chargerType=2 batteryLevel=100 totalBatteryCapacity=3393000
12-14 14:25:13.121 E/android.hardware.thermal@2.0-service.qti( 1139): ThermalHAL not initialized properly.
12-14 14:25:13.122 E/ThermalHalWrapper( 1997): Couldn't get temperatures because of HAL error: ThermalHAL not initialized properly.
12-14 14:25:13.675 W/ActivityManager( 1997): Unable to start service Intent { cmp=com.miui.powerkeeper/.perfshielder.PerfShielderStatisticsService } U=0: not found
12-14 14:25:13.677 V/PerfShielderService( 1997): Miui powerkeeper: can't bind to com.miui.powerkeeper.perfshielder.PerfShielderStatisticsService
12-14 14:25:14.129 E/android.hardware.thermal@2.0-service.qti( 1139): ThermalHAL not initialized properly.
12-14 14:25:14.130 E/ThermalHalWrapper( 1997): Couldn't get temperatures because of HAL error: ThermalHAL not initialized properly.
12-14 14:25:14.697 I/BatteryService( 1997): current mPlugType2current mHealthInfo.batteryLevel100current mHealthInfo.batteryTemperature354
12-14 14:25:14.703 D/UiModeManager( 1997): updateConfigurationLocked: mDockState=0; mCarMode=false; mCar=false; mPowerSave=false; mComputedNightMode=false; mNightMode=1; uiMode=17
12-14 14:25:14.705 D/ThermalIECHandler( 6487): storeDataStyle: thermal_iec_monitor_persistence_data_style_iec_state; startIECTime: -1; IECScreenOffOverPeriodTime: 381178784
12-14 14:25:14.708 I/BatteryInfoReceiver( 4827): ACTION_BATTERY_CHANGED
12-14 14:25:14.709 I/PowerSaveService( 4827): onReceive: android.intent.action.BATTERY_CHANGED
12-14 14:25:14.710 I/PowerNoticeUI( 4827): handleBatteryChanged oldPlugType 2 mPlugType 2 oldBatteryLevel 100 mBatteryLevel 100 temperature 354
12-14 14:25:14.711 D/PowerKeeper.Thermal( 6487): mBatteryTemperature: 35
12-14 14:25:14.712 D/PowerCheckerService( 6487): onBatteryChanged, mBatteryLevel = 100, status = 2, level = 100, plug = 2, scale = 100
12-14 14:25:14.727 V/DeviceStatisticsService( 3103): chargerType=2 batteryLevel=100 totalBatteryCapacity=3393000
12-14 14:25:14.977 D/MiuiNetworkPolicy( 1997): updateLimit mLimitEnabled=false,enabled=true,mNetworkPriorityMode=0
12-14 14:25:15.137 E/android.hardware.thermal@2.0-service.qti( 1139): ThermalHAL not initialized properly.
12-14 14:25:15.138 E/ThermalHalWrapper( 1997): Couldn't get temperatures because of HAL error: ThermalHAL not initialized properly.
12-14 14:25:15.151 W/VsyncModulator( 1183): setTransactionSchedule: Unexpected EarlyEnd
12-14 14:25:15.261 W/VsyncModulator( 1183): setTransactionSchedule: Unexpected EarlyEnd
12-14 14:25:15.288 I/ActivityManager( 1997): Killing 24284:com.android.vending:instant_app_installer/u0a205 (adj 975): empty #17
12-14 14:25:15.303 I/libprocessgroup( 1997): Successfully killed process cgroup uid 10205 pid 24284 in 12ms
12-14 14:25:15.342 D/ActivityManagerServiceImpl( 1997): Service controller is not enabled.
12-14 14:25:15.343 I/Zygote  (  984): Process 24284 exited due to signal 9 (Killed)
12-14 14:25:15.343 D/ProcessRecordInjector( 1997): Finishing reporting clean up app record.
12-14 14:25:15.345 I/com.xiaomi.xms( 5726): oneway function results for code 3 on binder at 0xb4000076093c7a60 will be dropped but finished with status UNKNOWN_TRANSACTION
12-14 14:25:16.161 E/android.hardware.thermal@2.0-service.qti( 1139): ThermalHAL not initialized properly.
12-14 14:25:16.163 E/ThermalHalWrapper( 1997): Couldn't get temperatures because of HAL error: ThermalHAL not initialized properly.
12-14 14:25:16.472 D/HeapUsage Monitor( 1997): HeapAllocSize : 76MB; monitorSize : 500MB
12-14 14:25:16.701 I/BatteryService( 1997): current mPlugType2current mHealthInfo.batteryLevel100current mHealthInfo.batteryTemperature355
12-14 14:25:16.708 D/ThermalIECHandler( 6487): storeDataStyle: thermal_iec_monitor_persistence_data_style_iec_state; startIECTime: -1; IECScreenOffOverPeriodTime: 381178784
12-14 14:25:16.708 D/UiModeManager( 1997): updateConfigurationLocked: mDockState=0; mCarMode=false; mCar=false; mPowerSave=false; mComputedNightMode=false; mNightMode=1; uiMode=17
12-14 14:25:16.710 I/BatteryInfoReceiver( 4827): ACTION_BATTERY_CHANGED
12-14 14:25:16.713 D/PowerCheckerService( 6487): onBatteryChanged, mBatteryLevel = 100, status = 2, level = 100, plug = 2, scale = 100
12-14 14:25:16.714 D/PowerKeeper.Thermal( 6487): mBatteryTemperature: 35
12-14 14:25:16.714 I/PowerSaveService( 4827): onReceive: android.intent.action.BATTERY_CHANGED
12-14 14:25:16.714 I/PowerNoticeUI( 4827): handleBatteryChanged oldPlugType 2 mPlugType 2 oldBatteryLevel 100 mBatteryLevel 100 temperature 355
12-14 14:25:16.738 V/DeviceStatisticsService( 3103): chargerType=2 batteryLevel=100 totalBatteryCapacity=3393000
12-14 14:25:17.198 E/android.hardware.thermal@2.0-service.qti( 1139): ThermalHAL not initialized properly.
12-14 14:25:17.199 E/ThermalHalWrapper( 1997): Couldn't get temperatures because of HAL error: ThermalHAL not initialized properly.
12-14 14:25:17.449 W/ThreadPoolForeg(13990): type=1400 audit(0.0:374522): avc: denied { write } for name="traced_producer" dev="tmpfs" ino=33647 scontext=u:r:gmscore_app:s0:c512,c768 tcontext=u:object_r:traced_producer_socket:s0 tclass=sock_file permissive=0 app=com.google.android.gms
12-14 14:25:18.239 E/android.hardware.thermal@2.0-service.qti( 1139): ThermalHAL not initialized properly.
12-14 14:25:18.240 E/ThermalHalWrapper( 1997): Couldn't get temperatures because of HAL error: ThermalHAL not initialized properly.
12-14 14:25:18.525 I/BatteryService( 1997): current mPlugType2current mHealthInfo.batteryLevel100current mHealthInfo.batteryTemperature354
12-14 14:25:18.530 D/UiModeManager( 1997): updateConfigurationLocked: mDockState=0; mCarMode=false; mCar=false; mPowerSave=false; mComputedNightMode=false; mNightMode=1; uiMode=17
12-14 14:25:18.533 D/ThermalIECHandler( 6487): storeDataStyle: thermal_iec_monitor_persistence_data_style_iec_state; startIECTime: -1; IECScreenOffOverPeriodTime: 381178784
12-14 14:25:18.535 I/BatteryInfoReceiver( 4827): ACTION_BATTERY_CHANGED
12-14 14:25:18.537 D/PowerCheckerService( 6487): onBatteryChanged, mBatteryLevel = 100, status = 2, level = 100, plug = 2, scale = 100
12-14 14:25:18.539 D/PowerKeeper.Thermal( 6487): mBatteryTemperature: 35
12-14 14:25:18.539 I/PowerSaveService( 4827): onReceive: android.intent.action.BATTERY_CHANGED
12-14 14:25:18.540 I/PowerNoticeUI( 4827): handleBatteryChanged oldPlugType 2 mPlugType 2 oldBatteryLevel 100 mBatteryLevel 100 temperature 354
12-14 14:25:18.545 V/DeviceStatisticsService( 3103): chargerType=2 batteryLevel=100 totalBatteryCapacity=3393000
12-14 14:25:19.277 E/android.hardware.thermal@2.0-service.qti( 1139): ThermalHAL not initialized properly.
12-14 14:25:19.278 E/ThermalHalWrapper( 1997): Couldn't get temperatures because of HAL error: ThermalHAL not initialized properly.
12-14 14:25:20.280 E/android.hardware.thermal@2.0-service.qti( 1139): ThermalHAL not initialized properly.
12-14 14:25:20.281 E/ThermalHalWrapper( 1997): Couldn't get temperatures because of HAL error: ThermalHAL not initialized properly.
12-14 14:25:20.733 I/BatteryService( 1997): current mPlugType2current mHealthInfo.batteryLevel100current mHealthInfo.batteryTemperature354
12-14 14:25:20.739 D/ThermalIECHandler( 6487): storeDataStyle: thermal_iec_monitor_persistence_data_style_iec_state; startIECTime: -1; IECScreenOffOverPeriodTime: 381178784
12-14 14:25:20.740 D/UiModeManager( 1997): updateConfigurationLocked: mDockState=0; mCarMode=false; mCar=false; mPowerSave=false; mComputedNightMode=false; mNightMode=1; uiMode=17
12-14 14:25:20.743 I/BatteryInfoReceiver( 4827): ACTION_BATTERY_CHANGED
12-14 14:25:20.744 I/PowerSaveService( 4827): onReceive: android.intent.action.BATTERY_CHANGED
12-14 14:25:20.745 I/PowerNoticeUI( 4827): handleBatteryChanged oldPlugType 2 mPlugType 2 oldBatteryLevel 100 mBatteryLevel 100 temperature 354
12-14 14:25:20.749 D/PowerCheckerService( 6487): onBatteryChanged, mBatteryLevel = 100, status = 2, level = 100, plug = 2, scale = 100
12-14 14:25:20.751 D/PowerKeeper.Thermal( 6487): mBatteryTemperature: 35
12-14 14:25:20.763 V/DeviceStatisticsService( 3103): chargerType=2 batteryLevel=100 totalBatteryCapacity=3393000
12-14 14:25:21.321 E/android.hardware.thermal@2.0-service.qti( 1139): ThermalHAL not initialized properly.
12-14 14:25:21.322 E/ThermalHalWrapper( 1997): Couldn't get temperatures because of HAL error: ThermalHAL not initialized properly.
12-14 14:25:22.133 W/ThreadPoolForeg(13925): type=1400 audit(0.0:374523): avc: denied { write } for name="traced_producer" dev="tmpfs" ino=33647 scontext=u:r:gmscore_app:s0:c512,c768 tcontext=u:object_r:traced_producer_socket:s0 tclass=sock_file permissive=0 app=com.google.android.gms
12-14 14:25:22.356 E/android.hardware.thermal@2.0-service.qti( 1139): ThermalHAL not initialized properly.
12-14 14:25:22.357 E/ThermalHalWrapper( 1997): Couldn't get temperatures because of HAL error: ThermalHAL not initialized properly.
12-14 14:25:22.754 I/BatteryService( 1997): current mPlugType2current mHealthInfo.batteryLevel100current mHealthInfo.batteryTemperature354
12-14 14:25:22.758 D/UiModeManager( 1997): updateConfigurationLocked: mDockState=0; mCarMode=false; mCar=false; mPowerSave=false; mComputedNightMode=false; mNightMode=1; uiMode=17
12-14 14:25:22.759 I/BatteryInfoReceiver( 4827): ACTION_BATTERY_CHANGED
12-14 14:25:22.759 I/PowerSaveService( 4827): onReceive: android.intent.action.BATTERY_CHANGED
12-14 14:25:22.760 I/PowerNoticeUI( 4827): handleBatteryChanged oldPlugType 2 mPlugType 2 oldBatteryLevel 100 mBatteryLevel 100 temperature 354
12-14 14:25:22.761 D/ThermalIECHandler( 6487): storeDataStyle: thermal_iec_monitor_persistence_data_style_iec_state; startIECTime: -1; IECScreenOffOverPeriodTime: 381178784
12-14 14:25:22.762 D/PowerCheckerService( 6487): onBatteryChanged, mBatteryLevel = 100, status = 2, level = 100, plug = 2, scale = 100
12-14 14:25:22.765 D/PowerKeeper.Thermal( 6487): mBatteryTemperature: 35
12-14 14:25:22.778 V/DeviceStatisticsService( 3103): chargerType=2 batteryLevel=100 totalBatteryCapacity=3393000
12-14 14:25:23.373 E/android.hardware.thermal@2.0-service.qti( 1139): ThermalHAL not initialized properly.
12-14 14:25:23.374 E/ThermalHalWrapper( 1997): Couldn't get temperatures because of HAL error: ThermalHAL not initialized properly.
12-14 14:25:24.257 W/VsyncModulator( 1183): setTransactionSchedule: Unexpected EarlyEnd
12-14 14:25:24.369 W/VsyncModulator( 1183): setTransactionSchedule: Unexpected EarlyEnd
12-14 14:25:24.413 E/android.hardware.thermal@2.0-service.qti( 1139): ThermalHAL not initialized properly.
12-14 14:25:24.413 E/ThermalHalWrapper( 1997): Couldn't get temperatures because of HAL error: ThermalHAL not initialized properly.
12-14 14:25:24.764 I/BatteryService( 1997): current mPlugType2current mHealthInfo.batteryLevel100current mHealthInfo.batteryTemperature354
12-14 14:25:24.769 D/UiModeManager( 1997): updateConfigurationLocked: mDockState=0; mCarMode=false; mCar=false; mPowerSave=false; mComputedNightMode=false; mNightMode=1; uiMode=17
12-14 14:25:24.773 I/BatteryInfoReceiver( 4827): ACTION_BATTERY_CHANGED
12-14 14:25:24.773 I/PowerSaveService( 4827): onReceive: android.intent.action.BATTERY_CHANGED
12-14 14:25:24.775 I/PowerNoticeUI( 4827): handleBatteryChanged oldPlugType 2 mPlugType 2 oldBatteryLevel 100 mBatteryLevel 100 temperature 354
12-14 14:25:24.777 D/ThermalIECHandler( 6487): storeDataStyle: thermal_iec_monitor_persistence_data_style_iec_state; startIECTime: -1; IECScreenOffOverPeriodTime: 381178784
12-14 14:25:24.777 D/PowerCheckerService( 6487): onBatteryChanged, mBatteryLevel = 100, status = 2, level = 100, plug = 2, scale = 100
12-14 14:25:24.778 D/PowerKeeper.Thermal( 6487): mBatteryTemperature: 35
12-14 14:25:24.794 V/DeviceStatisticsService( 3103): chargerType=2 batteryLevel=100 totalBatteryCapacity=3393000
12-14 14:25:25.453 E/android.hardware.thermal@2.0-service.qti( 1139): ThermalHAL not initialized properly.
12-14 14:25:25.454 E/ThermalHalWrapper( 1997): Couldn't get temperatures because of HAL error: ThermalHAL not initialized properly.
12-14 14:25:26.457 E/android.hardware.thermal@2.0-service.qti( 1139): ThermalHAL not initialized properly.
12-14 14:25:26.458 E/ThermalHalWrapper( 1997): Couldn't get temperatures because of HAL error: ThermalHAL not initialized properly.
12-14 14:25:26.784 I/BatteryService( 1997): current mPlugType2current mHealthInfo.batteryLevel100current mHealthInfo.batteryTemperature354
12-14 14:25:26.792 I/BatteryInfoReceiver( 4827): ACTION_BATTERY_CHANGED
12-14 14:25:26.793 I/PowerSaveService( 4827): onReceive: android.intent.action.BATTERY_CHANGED
12-14 14:25:26.793 I/PowerNoticeUI( 4827): handleBatteryChanged oldPlugType 2 mPlugType 2 oldBatteryLevel 100 mBatteryLevel 100 temperature 354
12-14 14:25:26.794 D/UiModeManager( 1997): updateConfigurationLocked: mDockState=0; mCarMode=false; mCar=false; mPowerSave=false; mComputedNightMode=false; mNightMode=1; uiMode=17
12-14 14:25:26.796 D/ThermalIECHandler( 6487): storeDataStyle: thermal_iec_monitor_persistence_data_style_iec_state; startIECTime: -1; IECScreenOffOverPeriodTime: 381178784
12-14 14:25:26.796 D/PowerCheckerService( 6487): onBatteryChanged, mBatteryLevel = 100, status = 2, level = 100, plug = 2, scale = 100
12-14 14:25:26.797 D/PowerKeeper.Thermal( 6487): mBatteryTemperature: 35
12-14 14:25:26.822 V/DeviceStatisticsService( 3103): chargerType=2 batteryLevel=100 totalBatteryCapacity=3393000
12-14 14:25:27.497 E/android.hardware.thermal@2.0-service.qti( 1139): ThermalHAL not initialized properly.
12-14 14:25:27.498 E/ThermalHalWrapper( 1997): Couldn't get temperatures because of HAL error: ThermalHAL not initialized properly.
12-14 14:25:28.533 E/android.hardware.thermal@2.0-service.qti( 1139): ThermalHAL not initialized properly.
12-14 14:25:28.534 E/ThermalHalWrapper( 1997): Couldn't get temperatures because of HAL error: ThermalHAL not initialized properly.
12-14 14:25:28.805 I/BatteryService( 1997): current mPlugType2current mHealthInfo.batteryLevel100current mHealthInfo.batteryTemperature354
12-14 14:25:28.811 D/ThermalIECHandler( 6487): storeDataStyle: thermal_iec_monitor_persistence_data_style_iec_state; startIECTime: -1; IECScreenOffOverPeriodTime: 381178784
12-14 14:25:28.812 D/UiModeManager( 1997): updateConfigurationLocked: mDockState=0; mCarMode=false; mCar=false; mPowerSave=false; mComputedNightMode=false; mNightMode=1; uiMode=17
12-14 14:25:28.814 I/BatteryInfoReceiver( 4827): ACTION_BATTERY_CHANGED
12-14 14:25:28.820 I/PowerSaveService( 4827): onReceive: android.intent.action.BATTERY_CHANGED
12-14 14:25:28.823 D/PowerCheckerService( 6487): onBatteryChanged, mBatteryLevel = 100, status = 2, level = 100, plug = 2, scale = 100
12-14 14:25:28.823 D/PowerKeeper.Thermal( 6487): mBatteryTemperature: 35
12-14 14:25:28.825 I/PowerNoticeUI( 4827): handleBatteryChanged oldPlugType 2 mPlugType 2 oldBatteryLevel 100 mBatteryLevel 100 temperature 354
12-14 14:25:28.842 V/DeviceStatisticsService( 3103): chargerType=2 batteryLevel=100 totalBatteryCapacity=3393000
12-14 14:25:28.889 W/m.xiaomi.joyos(13327): Reducing the number of considered missed Gc histogram windows from 152 to 100
12-14 14:25:29.573 E/android.hardware.thermal@2.0-service.qti( 1139): ThermalHAL not initialized properly.
12-14 14:25:29.574 E/ThermalHalWrapper( 1997): Couldn't get temperatures because of HAL error: ThermalHAL not initialized properly.
12-14 14:25:30.368 W/ProcessStats( 1997): Tracking association SourceState{3fa24c2 com.google.android.inputmethod.latin/10223 BTopFgs #582976} whose proc state 2 is better than process ProcessState{202fba7 com.google.android.gms.persistent/10206 pkg=com.google.android.gms} proc state 3 (67 skipped)
12-14 14:25:30.580 E/android.hardware.thermal@2.0-service.qti( 1139): ThermalHAL not initialized properly.
12-14 14:25:30.581 E/ThermalHalWrapper( 1997): Couldn't get temperatures because of HAL error: ThermalHAL not initialized properly.
12-14 14:25:30.818 I/BatteryService( 1997): current mPlugType2current mHealthInfo.batteryLevel100current mHealthInfo.batteryTemperature354
12-14 14:25:30.822 D/UiModeManager( 1997): updateConfigurationLocked: mDockState=0; mCarMode=false; mCar=false; mPowerSave=false; mComputedNightMode=false; mNightMode=1; uiMode=17
12-14 14:25:30.825 I/BatteryInfoReceiver( 4827): ACTION_BATTERY_CHANGED
12-14 14:25:30.826 I/PowerSaveService( 4827): onReceive: android.intent.action.BATTERY_CHANGED
12-14 14:25:30.826 I/PowerNoticeUI( 4827): handleBatteryChanged oldPlugType 2 mPlugType 2 oldBatteryLevel 100 mBatteryLevel 100 temperature 354
12-14 14:25:30.827 D/ThermalIECHandler( 6487): storeDataStyle: thermal_iec_monitor_persistence_data_style_iec_state; startIECTime: -1; IECScreenOffOverPeriodTime: 381178784
12-14 14:25:30.828 D/PowerKeeper.Thermal( 6487): mBatteryTemperature: 35
12-14 14:25:30.828 D/PowerCheckerService( 6487): onBatteryChanged, mBatteryLevel = 100, status = 2, level = 100, plug = 2, scale = 100
12-14 14:25:30.847 V/DeviceStatisticsService( 3103): chargerType=2 batteryLevel=100 totalBatteryCapacity=3393000
12-14 14:25:31.613 E/android.hardware.thermal@2.0-service.qti( 1139): ThermalHAL not initialized properly.
12-14 14:25:31.614 E/ThermalHalWrapper( 1997): Couldn't get temperatures because of HAL error: ThermalHAL not initialized properly.
12-14 14:25:32.653 E/android.hardware.thermal@2.0-service.qti( 1139): ThermalHAL not initialized properly.
12-14 14:25:32.654 E/ThermalHalWrapper( 1997): Couldn't get temperatures because of HAL error: ThermalHAL not initialized properly.
12-14 14:25:32.838 I/BatteryService( 1997): current mPlugType2current mHealthInfo.batteryLevel100current mHealthInfo.batteryTemperature354
12-14 14:25:32.843 D/UiModeManager( 1997): updateConfigurationLocked: mDockState=0; mCarMode=false; mCar=false; mPowerSave=false; mComputedNightMode=false; mNightMode=1; uiMode=17
12-14 14:25:32.844 D/ThermalIECHandler( 6487): storeDataStyle: thermal_iec_monitor_persistence_data_style_iec_state; startIECTime: -1; IECScreenOffOverPeriodTime: 381178784
12-14 14:25:32.846 I/BatteryInfoReceiver( 4827): ACTION_BATTERY_CHANGED
12-14 14:25:32.847 I/PowerSaveService( 4827): onReceive: android.intent.action.BATTERY_CHANGED
12-14 14:25:32.848 I/PowerNoticeUI( 4827): handleBatteryChanged oldPlugType 2 mPlugType 2 oldBatteryLevel 100 mBatteryLevel 100 temperature 354
12-14 14:25:32.851 D/PowerCheckerService( 6487): onBatteryChanged, mBatteryLevel = 100, status = 2, level = 100, plug = 2, scale = 100
12-14 14:25:32.851 D/PowerKeeper.Thermal( 6487): mBatteryTemperature: 35
12-14 14:25:32.875 V/DeviceStatisticsService( 3103): chargerType=2 batteryLevel=100 totalBatteryCapacity=3393000
12-14 14:25:33.101 I/Finsky  (24423): [666] AIM: AppInfoManager-Perf > Destroying AppInfoManager ...
12-14 14:25:33.363 W/VsyncModulator( 1183): setTransactionSchedule: Unexpected EarlyEnd
12-14 14:25:33.473 W/VsyncModulator( 1183): setTransactionSchedule: Unexpected EarlyEnd
12-14 14:25:33.693 E/android.hardware.thermal@2.0-service.qti( 1139): ThermalHAL not initialized properly.
12-14 14:25:33.694 E/ThermalHalWrapper( 1997): Couldn't get temperatures because of HAL error: ThermalHAL not initialized properly.
12-14 14:25:34.733 E/android.hardware.thermal@2.0-service.qti( 1139): ThermalHAL not initialized properly.
12-14 14:25:34.734 E/ThermalHalWrapper( 1997): Couldn't get temperatures because of HAL error: ThermalHAL not initialized properly.
12-14 14:25:34.938 I/BatteryService( 1997): current mPlugType2current mHealthInfo.batteryLevel100current mHealthInfo.batteryTemperature354
12-14 14:25:34.942 D/UiModeManager( 1997): updateConfigurationLocked: mDockState=0; mCarMode=false; mCar=false; mPowerSave=false; mComputedNightMode=false; mNightMode=1; uiMode=17
12-14 14:25:34.945 D/ThermalIECHandler( 6487): storeDataStyle: thermal_iec_monitor_persistence_data_style_iec_state; startIECTime: -1; IECScreenOffOverPeriodTime: 381178784
12-14 14:25:34.945 D/PowerKeeper.Thermal( 6487): mBatteryTemperature: 35
12-14 14:25:34.946 I/BatteryInfoReceiver( 4827): ACTION_BATTERY_CHANGED
12-14 14:25:34.946 D/PowerCheckerService( 6487): onBatteryChanged, mBatteryLevel = 100, status = 2, level = 100, plug = 2, scale = 100
12-14 14:25:34.947 I/PowerSaveService( 4827): onReceive: android.intent.action.BATTERY_CHANGED
12-14 14:25:34.947 I/PowerNoticeUI( 4827): handleBatteryChanged oldPlugType 2 mPlugType 2 oldBatteryLevel 100 mBatteryLevel 100 temperature 354
12-14 14:25:34.951 V/DeviceStatisticsService( 3103): chargerType=2 batteryLevel=100 totalBatteryCapacity=3393000
12-14 14:25:35.773 E/android.hardware.thermal@2.0-service.qti( 1139): ThermalHAL not initialized properly.
12-14 14:25:35.774 E/ThermalHalWrapper( 1997): Couldn't get temperatures because of HAL error: ThermalHAL not initialized properly.
12-14 14:25:36.395 W/VsyncModulator( 1183): setTransactionSchedule: Unexpected EarlyEnd
12-14 14:25:36.509 W/VsyncModulator( 1183): setTransactionSchedule: Unexpected EarlyEnd
12-14 14:25:36.783 E/android.hardware.thermal@2.0-service.qti( 1139): ThermalHAL not initialized properly.
12-14 14:25:36.784 E/ThermalHalWrapper( 1997): Couldn't get temperatures because of HAL error: ThermalHAL not initialized properly.
12-14 14:25:36.813 I/mi_thermald( 1640): generic_set_level: set generic device battery to 10
12-14 14:25:36.874 I/PhenotypeProcessReaper( 4708): Memory state is: 125
12-14 14:25:36.925 I/BatteryService( 1997): current mPlugType2current mHealthInfo.batteryLevel100current mHealthInfo.batteryTemperature354
12-14 14:25:36.931 D/ThermalIECHandler( 6487): storeDataStyle: thermal_iec_monitor_persistence_data_style_iec_state; startIECTime: -1; IECScreenOffOverPeriodTime: 381178784
12-14 14:25:36.934 D/UiModeManager( 1997): updateConfigurationLocked: mDockState=0; mCarMode=false; mCar=false; mPowerSave=false; mComputedNightMode=false; mNightMode=1; uiMode=17
12-14 14:25:36.937 I/BatteryInfoReceiver( 4827): ACTION_BATTERY_CHANGED
12-14 14:25:36.938 I/PowerSaveService( 4827): onReceive: android.intent.action.BATTERY_CHANGED
12-14 14:25:36.939 I/PowerNoticeUI( 4827): handleBatteryChanged oldPlugType 2 mPlugType 2 oldBatteryLevel 100 mBatteryLevel 100 temperature 354
12-14 14:25:36.944 D/PowerCheckerService( 6487): onBatteryChanged, mBatteryLevel = 100, status = 2, level = 100, plug = 2, scale = 100
12-14 14:25:36.945 D/PowerKeeper.Thermal( 6487): mBatteryTemperature: 35
12-14 14:25:36.962 I/BatteryService( 1997): current mPlugType2current mHealthInfo.batteryLevel100current mHealthInfo.batteryTemperature354
12-14 14:25:36.963 V/DeviceStatisticsService( 3103): chargerType=2 batteryLevel=100 totalBatteryCapacity=3393000
12-14 14:25:36.966 D/ThermalIECHandler( 6487): storeDataStyle: thermal_iec_monitor_persistence_data_style_iec_state; startIECTime: -1; IECScreenOffOverPeriodTime: 381178784
12-14 14:25:36.968 D/UiModeManager( 1997): updateConfigurationLocked: mDockState=0; mCarMode=false; mCar=false; mPowerSave=false; mComputedNightMode=false; mNightMode=1; uiMode=17
12-14 14:25:36.970 I/BatteryInfoReceiver( 4827): ACTION_BATTERY_CHANGED
12-14 14:25:36.971 I/PowerSaveService( 4827): onReceive: android.intent.action.BATTERY_CHANGED
12-14 14:25:36.971 I/PowerNoticeUI( 4827): handleBatteryChanged oldPlugType 2 mPlugType 2 oldBatteryLevel 100 mBatteryLevel 100 temperature 354
12-14 14:25:36.972 D/PowerCheckerService( 6487): onBatteryChanged, mBatteryLevel = 100, status = 2, level = 100, plug = 2, scale = 100
12-14 14:25:36.973 D/PowerKeeper.Thermal( 6487): mBatteryTemperature: 35
12-14 14:25:36.974 V/DeviceStatisticsService( 3103): chargerType=2 batteryLevel=100 totalBatteryCapacity=3393000
12-14 14:25:37.815 E/android.hardware.thermal@2.0-service.qti( 1139): ThermalHAL not initialized properly.
12-14 14:25:37.817 E/ThermalHalWrapper( 1997): Couldn't get temperatures because of HAL error: ThermalHAL not initialized properly.
12-14 14:25:38.855 E/android.hardware.thermal@2.0-service.qti( 1139): ThermalHAL not initialized properly.
12-14 14:25:38.856 E/ThermalHalWrapper( 1997): Couldn't get temperatures because of HAL error: ThermalHAL not initialized properly.
12-14 14:25:39.885 E/android.hardware.thermal@2.0-service.qti( 1139): ThermalHAL not initialized properly.
12-14 14:25:39.886 E/ThermalHalWrapper( 1997): Couldn't get temperatures because of HAL error: ThermalHAL not initialized properly.
12-14 14:25:39.988 D/MiuiNetworkPolicy( 1997): updateLimit mLimitEnabled=true,enabled=false,mNetworkPriorityMode=0
12-14 14:25:40.910 E/android.hardware.thermal@2.0-service.qti( 1139): ThermalHAL not initialized properly.
12-14 14:25:40.913 E/ThermalHalWrapper( 1997): Couldn't get temperatures because of HAL error: ThermalHAL not initialized properly.
12-14 14:25:40.972 I/BatteryService( 1997): current mPlugType2current mHealthInfo.batteryLevel100current mHealthInfo.batteryTemperature354
12-14 14:25:40.977 D/ThermalIECHandler( 6487): storeDataStyle: thermal_iec_monitor_persistence_data_style_iec_state; startIECTime: -1; IECScreenOffOverPeriodTime: 381178784
12-14 14:25:40.978 D/UiModeManager( 1997): updateConfigurationLocked: mDockState=0; mCarMode=false; mCar=false; mPowerSave=false; mComputedNightMode=false; mNightMode=1; uiMode=17
12-14 14:25:40.985 D/PowerKeeper.Thermal( 6487): mBatteryTemperature: 35
12-14 14:25:40.985 I/BatteryInfoReceiver( 4827): ACTION_BATTERY_CHANGED
12-14 14:25:40.985 I/PowerSaveService( 4827): onReceive: android.intent.action.BATTERY_CHANGED
12-14 14:25:40.986 D/PowerCheckerService( 6487): onBatteryChanged, mBatteryLevel = 100, status = 2, level = 100, plug = 2, scale = 100
12-14 14:25:40.986 I/PowerNoticeUI( 4827): handleBatteryChanged oldPlugType 2 mPlugType 2 oldBatteryLevel 100 mBatteryLevel 100 temperature 354
12-14 14:25:41.004 V/DeviceStatisticsService( 3103): chargerType=2 batteryLevel=100 totalBatteryCapacity=3393000
12-14 14:25:41.911 E/android.hardware.thermal@2.0-service.qti( 1139): ThermalHAL not initialized properly.
12-14 14:25:41.912 E/ThermalHalWrapper( 1997): Couldn't get temperatures because of HAL error: ThermalHAL not initialized properly.
12-14 14:25:42.452 W/VsyncModulator( 1183): setTransactionSchedule: Unexpected EarlyEnd
12-14 14:25:42.561 W/VsyncModulator( 1183): setTransactionSchedule: Unexpected EarlyEnd
12-14 14:25:42.679 D/MIUIInput( 1997): [MotionEvent] publisher action=0x4, 269004989, channel '3e1bcc4 NavigationBar0 (server)'
12-14 14:25:42.679 D/MIUIInput( 1997): [MotionEvent] publisher action=0x0, 269004989, channel 'b78d33e com.companyname.UnoApp3/crc647550fd11ca543fdf.MainActivity (server)'
12-14 14:25:42.860 D/MIUIInput( 1997): [MotionEvent] publisher action=0x1, 269005171, channel 'b78d33e com.companyname.UnoApp3/crc647550fd11ca543fdf.MainActivity (server)'
12-14 14:25:42.869 W/VsyncModulator( 1183): setTransactionSchedule: Unexpected EarlyEnd
12-14 14:25:42.916 E/android.hardware.thermal@2.0-service.qti( 1139): ThermalHAL not initialized properly.
12-14 14:25:42.917 E/ThermalHalWrapper( 1997): Couldn't get temperatures because of HAL error: ThermalHAL not initialized properly.
12-14 14:25:43.007 I/BatteryService( 1997): current mPlugType2current mHealthInfo.batteryLevel100current mHealthInfo.batteryTemperature354
12-14 14:25:43.012 I/BatteryInfoReceiver( 4827): ACTION_BATTERY_CHANGED
12-14 14:25:43.013 I/PowerSaveService( 4827): onReceive: android.intent.action.BATTERY_CHANGED
12-14 14:25:43.013 D/ThermalIECHandler( 6487): storeDataStyle: thermal_iec_monitor_persistence_data_style_iec_state; startIECTime: -1; IECScreenOffOverPeriodTime: 381178784
12-14 14:25:43.013 I/PowerNoticeUI( 4827): handleBatteryChanged oldPlugType 2 mPlugType 2 oldBatteryLevel 100 mBatteryLevel 100 temperature 354
12-14 14:25:43.013 D/PowerCheckerService( 6487): onBatteryChanged, mBatteryLevel = 100, status = 2, level = 100, plug = 2, scale = 100
12-14 14:25:43.014 D/PowerKeeper.Thermal( 6487): mBatteryTemperature: 35
12-14 14:25:43.016 D/UiModeManager( 1997): updateConfigurationLocked: mDockState=0; mCarMode=false; mCar=false; mPowerSave=false; mComputedNightMode=false; mNightMode=1; uiMode=17
12-14 14:25:43.042 V/DeviceStatisticsService( 3103): chargerType=2 batteryLevel=100 totalBatteryCapacity=3393000
12-14 14:25:43.482 D/MIUIInput( 1997): [MotionEvent] publisher action=0x4, 269005793, channel '3e1bcc4 NavigationBar0 (server)'
12-14 14:25:43.482 D/MIUIInput( 1997): [MotionEvent] publisher action=0x0, 269005793, channel 'b78d33e com.companyname.UnoApp3/crc647550fd11ca543fdf.MainActivity (server)'
12-14 14:25:43.561 D/MIUIInput( 1997): [MotionEvent] publisher action=0x1, 269005872, channel 'b78d33e com.companyname.UnoApp3/crc647550fd11ca543fdf.MainActivity (server)'
12-14 14:25:43.641 W/VsyncModulator( 1183): setTransactionSchedule: Unexpected EarlyEnd
12-14 14:25:43.956 E/android.hardware.thermal@2.0-service.qti( 1139): ThermalHAL not initialized properly.
12-14 14:25:43.957 E/ThermalHalWrapper( 1997): Couldn't get temperatures because of HAL error: ThermalHAL not initialized properly.
12-14 14:25:44.987 E/android.hardware.thermal@2.0-service.qti( 1139): ThermalHAL not initialized properly.
12-14 14:25:44.988 E/ThermalHalWrapper( 1997): Couldn't get temperatures because of HAL error: ThermalHAL not initialized properly.
12-14 14:25:44.994 D/MiuiNetworkPolicy( 1997): updateLimit mLimitEnabled=false,enabled=true,mNetworkPriorityMode=0
12-14 14:25:45.028 I/BatteryService( 1997): current mPlugType2current mHealthInfo.batteryLevel100current mHealthInfo.batteryTemperature354
12-14 14:25:45.032 D/ThermalIECHandler( 6487): storeDataStyle: thermal_iec_monitor_persistence_data_style_iec_state; startIECTime: -1; IECScreenOffOverPeriodTime: 381178784
12-14 14:25:45.033 D/UiModeManager( 1997): updateConfigurationLocked: mDockState=0; mCarMode=false; mCar=false; mPowerSave=false; mComputedNightMode=false; mNightMode=1; uiMode=17
12-14 14:25:45.035 I/BatteryInfoReceiver( 4827): ACTION_BATTERY_CHANGED
12-14 14:25:45.035 I/PowerSaveService( 4827): onReceive: android.intent.action.BATTERY_CHANGED
12-14 14:25:45.036 I/PowerNoticeUI( 4827): handleBatteryChanged oldPlugType 2 mPlugType 2 oldBatteryLevel 100 mBatteryLevel 100 temperature 354
12-14 14:25:45.040 D/PowerKeeper.Thermal( 6487): mBatteryTemperature: 35
12-14 14:25:45.041 D/PowerCheckerService( 6487): onBatteryChanged, mBatteryLevel = 100, status = 2, level = 100, plug = 2, scale = 100
12-14 14:25:45.124 V/DeviceStatisticsService( 3103): chargerType=2 batteryLevel=100 totalBatteryCapacity=3393000
12-14 14:25:45.375 D/MIUIInput( 1997): [MotionEvent] publisher action=0x4, 269007686, channel '3e1bcc4 NavigationBar0 (server)'
12-14 14:25:45.375 D/MIUIInput( 1997): [MotionEvent] publisher action=0x0, 269007686, channel 'b78d33e com.companyname.UnoApp3/crc647550fd11ca543fdf.MainActivity (server)'
12-14 14:25:45.398 W/VsyncModulator( 1183): setTransactionSchedule: Unexpected EarlyEnd
12-14 14:25:45.463 D/MIUIInput( 1997): [MotionEvent] publisher action=0x1, 269007774, channel 'b78d33e com.companyname.UnoApp3/crc647550fd11ca543fdf.MainActivity (server)'
12-14 14:25:45.538 I/DOTNET  (26650): info: UnoApp3.Services.ProductService[0]
12-14 14:25:45.538 I/DOTNET  (26650):       GetProductAsync: getting product 107
12-14 14:25:45.539 D/app_process64(26650): 12-14 14:25:45.538+07:00 I/UnoApp3.Services.ProductService: GetProductAsync: getting product 107
12-14 14:25:45.540 I/DOTNET  (26650): info: System.Net.Http.HttpClient.Refit.Implementation.Generated+UnoApp3ServicesApiIProductApi, UnoApp3, Version=1.0.0.0, Culture=neutral, PublicKeyToken=null.LogicalHandler[100]
12-14 14:25:45.540 D/app_process64(26650): 12-14 14:25:45.540+07:00 I/System.Net.Http.HttpClient.Refit.Implementation.Generated+UnoApp3ServicesApiIProductApi, UnoApp3, Version=1.0.0.0, Culture=neutral, PublicKeyToken=null.LogicalHandler: Start processing HTTP request GET https://d08a7e4817c8.ngrok-free.app/api/public/products/107
12-14 14:25:45.541 I/DOTNET  (26650):       Start processing HTTP request GET https://d08a7e4817c8.ngrok-free.app/api/public/products/107
12-14 14:25:45.541 I/DOTNET  (26650): info: System.Net.Http.HttpClient.Refit.Implementation.Generated+UnoApp3ServicesApiIProductApi, UnoApp3, Version=1.0.0.0, Culture=neutral, PublicKeyToken=null.ClientHandler[100]
12-14 14:25:45.541 I/DOTNET  (26650):       Sending HTTP request GET https://d08a7e4817c8.ngrok-free.app/api/public/products/107
12-14 14:25:45.542 D/app_process64(26650): 12-14 14:25:45.541+07:00 I/System.Net.Http.HttpClient.Refit.Implementation.Generated+UnoApp3ServicesApiIProductApi, UnoApp3, Version=1.0.0.0, Culture=neutral, PublicKeyToken=null.ClientHandler: Sending HTTP request GET https://d08a7e4817c8.ngrok-free.app/api/public/products/107
12-14 14:25:45.542 D/app_process64(26650): 12-14 14:25:45.542+07:00 I/Uno.Extensions.Http.DiagnosticHandler: SendAsync - Host: https://d08a7e4817c8.ngrok-free.app
12-14 14:25:45.543 D/app_process64(26650): 12-14 14:25:45.542+07:00 I/Uno.Extensions.Http.DiagnosticHandler: SendAsync - Method: GET /api/public/products/107 https/1.1
12-14 14:25:45.551 W/VsyncModulator( 1183): setTransactionSchedule: Unexpected EarlyEnd
12-14 14:25:45.718 D/app_process64(26650): 12-14 14:25:45.717+07:00 I/Uno.Extensions.Http.DiagnosticHandler: SendAsync - Response: HTTPS/1.1 200 OK
12-14 14:25:45.719 D/app_process64(26650): 12-14 14:25:45.718+07:00 I/Uno.Extensions.Http.DiagnosticHandler: SendAsync - Header (response): Date: Sun, 14 Dec 2025 07:25:46 GMT
12-14 14:25:45.720 D/app_process64(26650): 12-14 14:25:45.719+07:00 I/Uno.Extensions.Http.DiagnosticHandler: SendAsync - Header (response): Ngrok-Agent-Ips: 116.111.184.17
12-14 14:25:45.720 D/app_process64(26650): 12-14 14:25:45.720+07:00 I/Uno.Extensions.Http.DiagnosticHandler: SendAsync - Header (response): Server: Kestrel
12-14 14:25:45.721 D/app_process64(26650): 12-14 14:25:45.720+07:00 I/Uno.Extensions.Http.DiagnosticHandler: SendAsync - Header (response): Transfer-Encoding: chunked
12-14 14:25:45.722 D/app_process64(26650): 12-14 14:25:45.721+07:00 I/Uno.Extensions.Http.DiagnosticHandler: SendAsync - Header (response): X-Android-Received-Millis: 1765697145701
12-14 14:25:45.722 D/app_process64(26650): 12-14 14:25:45.722+07:00 I/Uno.Extensions.Http.DiagnosticHandler: SendAsync - Header (response): X-Android-Response-Source: NETWORK 200
12-14 14:25:45.723 D/app_process64(26650): 12-14 14:25:45.723+07:00 I/Uno.Extensions.Http.DiagnosticHandler: SendAsync - Header (response): X-Android-Selected-Protocol: http/1.1
12-14 14:25:45.724 D/app_process64(26650): 12-14 14:25:45.723+07:00 I/Uno.Extensions.Http.DiagnosticHandler: SendAsync - Header (response): X-Android-Sent-Millis: 1765697145548
12-14 14:25:45.725 I/DOTNET  (26650): info: System.Net.Http.HttpClient.Refit.Implementation.Generated+UnoApp3ServicesApiIProductApi, UnoApp3, Version=1.0.0.0, Culture=neutral, PublicKeyToken=null.ClientHandler[101]
12-14 14:25:45.725 I/DOTNET  (26650):       Received HTTP response headers after 182.4239ms - 200
