12-14 14:24:01.526 D/MiuiPaperContrastOverlayStubImpl( 1997): papermode:updateTextureEyeCareLevel, texture eyecare enable:true
12-14 14:24:01.527 D/StatusBar( 3138): disable<e i a s b h r c s > disable2<q i n >
12-14 14:24:01.527 D/CollapsedStatusBarFragment( 3138): adjustDisableFlags: mStatusBarView.getState() = 0 mHideIconsForBouncer = false mWereIconsJustHidden = false, mWakeUpCoordinator.getNotificationsFullyHidden = false, mIsExpanded = false, mBypassController.getBypassEnabled = false, mStatusBarStateController.getState() = 0, mKeyguardStateController.isKeyguardGoingAway() = false, mHeadsUpManager.hasPinnedHeadsUp = false, mIsLaunchAnimationRunning = false, mHideIconsDuringLaunchAnimation = true, isFullWidth()true, mShowIconsWhenExpanded = true, mControlPanelExpand = false
12-14 14:24:01.534 D/MiuiFreeformOneTrackManager( 1997): Start Bind OneTrack Service
12-14 14:24:01.534 D/DolbyAtomsSoundEffectTile( 3138): refreshState:
12-14 14:24:01.535 I/TrafficManageService( 4827): onReceive: android.intent.action.USER_PRESENT
12-14 14:24:01.536 E/SUI_svcsock( 5449): svc_sock_send_message(suisvc): invalid remote socket suilst
12-14 14:24:01.537 D/PowerKeeper.AppStandby( 6487): disable standby chain
12-14 14:24:01.537 V/KeyguardUpdateMonitor( 3138): *** unregister callback for com.android.keyguard.faceunlock.MiuiKeyguardFaceUnlockView$2@ec66081
12-14 14:24:01.538 V/KeyguardUpdateMonitor( 3138): *** unregister callback for com.android.keyguard.EmergencyButtonController$1@a49526
12-14 14:24:01.538 D/NetdExecutor( 6487): SND -> {enablemiuistandby disable} this=com.miui.powerkeeper.utils.NetdExecutor@37adad9
12-14 14:24:01.538 D/NetdExecutor( 6487): Failed REV <- {500 Command not recognized}
12-14 14:24:01.538 D/SYS_EVENT( 5286): send event 64 notification to client
12-14 14:24:01.539 W/ContextImpl( 1997): Calling a method in the system process without a qualified user: android.app.ContextImpl.bindService:1906 com.android.server.wm.MiuiFreeformTrackManager.bindOneTrackService:141 com.android.server.wm.MiuiFreeFormGestureController$FreeFormReceiver.onReceive:693 android.app.LoadedApk$ReceiverDispatcher$Args.lambda$getRunnable$0$LoadedApk$ReceiverDispatcher$Args:1694 android.app.LoadedApk$ReceiverDispatcher$Args$$ExternalSyntheticLambda0.run:2
12-14 14:24:01.540 D/miui.face.FaceService( 5459): lock screen passed
12-14 14:24:01.540 D/NfcService( 5155): MSG_APPLY_SCREEN_STATE 8
12-14 14:24:01.540 W/BroadcastQueue( 1997): Background execution not allowed: receiving Intent { act=android.intent.action.USER_PRESENT flg=0x24200010 } to com.zing.zalo/.receiver.ZaloReceiver
12-14 14:24:01.541 W/BroadcastQueue( 1997): Background execution not allowed: receiving Intent { act=android.intent.action.USER_PRESENT flg=0x24200010 } to com.facebook.services/com.facebook.oxygen.services.fbns.RegisteredMqttSystemBroadcastReceiver
12-14 14:24:01.542 D/home_receiver( 4827): receive broadcast
12-14 14:24:01.543 D/CompatibilityInfo( 1997): mCompatibilityFlags - 0
12-14 14:24:01.543 D/CompatibilityInfo( 1997): applicationDensity - 440
12-14 14:24:01.543 D/CompatibilityInfo( 1997): applicationScale - 1.0
12-14 14:24:01.546 W/BroadcastQueue( 1997): Background execution not allowed: receiving Intent { act=android.intent.action.USER_PRESENT flg=0x24200010 } to com.google.android.gms/.auth.setup.devicesignals.LockScreenReceiver
12-14 14:24:01.547 W/BroadcastQueue( 1997): Background execution not allowed: receiving Intent { act=android.intent.action.USER_PRESENT flg=0x24200010 } to com.google.android.gms/.chimera.GmsIntentOperationService$PersistentTrustedReceiver
12-14 14:24:01.547 W/BroadcastQueue( 1997): Background execution not allowed: receiving Intent { act=android.intent.action.USER_PRESENT flg=0x24200010 } to com.facebook.lite/com.facebook.rti.push.service.MqttSystemBroadcastReceiver
12-14 14:24:01.547 W/BroadcastQueue( 1997): Background execution not allowed: receiving Intent { act=android.intent.action.USER_PRESENT flg=0x24200010 } to com.kiwibrowser.browser/org.chromium.chrome.browser.sharing.click_to_call.ClickToCallMessageHandler$PhoneUnlockedReceiver
12-14 14:24:01.550 W/ActivityManager( 1997): Unable to start service Intent { cmp=com.miui.analytics/.onetrack.TrackService } U=0: not found
12-14 14:24:01.550 D/MiuiFreeFormGestureController( 1997): handleFreeFormReceiver intent=Intent { act=android.intent.action.USER_PRESENT flg=0x24200010 }
12-14 14:24:01.551 W/fbservices-stub:InitStatus(15260): Not blocking Service (9195792)
12-14 14:24:01.551 W/fbservices-stub:InitStatus(15260): Not blocking Service (9195792)
12-14 14:24:01.554 I/NearbySharing(13925): Screen is unlocked
12-14 14:24:01.554 I/NearbySharing(13925): Uwb feature is off.
12-14 14:24:01.554 I/NearbySharing(13925): Uwb feature is off.
12-14 14:24:01.555 V/KeyguardUpdateMonitor( 3138): *** unregister callback for com.android.keyguard.EmergencyButtonController$1@7221f14
12-14 14:24:01.555 V/KeyguardUpdateMonitor( 3138): *** unregister callback for com.android.keyguard.KeyguardHostViewController$1@e4ae116
12-14 14:24:01.555 I/VideoToolBoxService( 4827): onReceive: android.intent.action.USER_PRESENT
12-14 14:24:01.555 I/GameBoosterService( 4827): onReceive: android.intent.action.USER_PRESENT
12-14 14:24:01.557 E/PackageUtils( 4827): package not install, pkg=com.xiaomi.smarthome
12-14 14:24:01.564 I/b       ( 4827):  cm need send notification = true
12-14 14:24:01.565 W/ScreenElementRoot( 3150): fail to saveVar, config file is null
12-14 14:24:01.565 W/RecentsImpl( 3150): getTopActivity from observer.   cn=ComponentInfo{com.companyname.UnoApp3/crc647550fd11ca543fdf.MainActivity}
12-14 14:24:01.566 W/RecentsImpl( 3150): adaptToTopActivity   cn=ComponentInfo{com.companyname.UnoApp3/crc647550fd11ca543fdf.MainActivity}
12-14 14:24:01.567 W/RecentsImpl( 3150): onResumed className=crc647550fd11ca543fdf.MainActivity   mIsInAnotherPro=false   isKeyguardLocked=false
12-14 14:24:01.568 I/MiuiChargeController( 3138): dismissChargeAnimation: USER_PRESENT
12-14 14:24:01.569 D/ThermalIECHandler( 6487): IECAll48Allowed: false; IECMonitorAllowed: false; IECTestState: false
12-14 14:24:01.570 D/Launcher_UnlockAnimationStateMachine( 3150): onUserPresent:IDLE
12-14 14:24:01.570 D/Launcher_UnlockAnimationStateMachine( 3150): showAnimation = IDLE
12-14 14:24:01.572 I/NearbySharing(13925): Stopping scanning because Bluetooth is disabled.
12-14 14:24:01.573 I/NearbySharing(13925): Stopping Fast Init advertisement because Bluetooth is off.
12-14 14:24:01.573 I/NearbySharing(13925): Stopping advertising because Bluetooth is disabled.
12-14 14:24:01.574 I/ContentProviderUtils( 3150): uri is in the black list
12-14 14:24:01.587 I/NearbySharing(13925): Fast Initiation Scanning has stopped
12-14 14:24:01.587 I/NearbySharing(13925): Stopping FastInitiation scanning because Bluetooth is disabled.
12-14 14:24:01.587 I/NearbySharing(13925): Dismissing HUN as there's no device nearby.
12-14 14:24:01.590 D/DecorView[](26650): onWindowFocusChanged hasWindowFocus true
12-14 14:24:01.597 D/MiWallpaperManager( 2862): onBroadcastReceived: receive act = com.miui.keyguard.setwallpaper sender = com.mi.android.globallauncher
12-14 14:24:01.597 D/KeyguradWallpaperSourceController( 2862): set_lock_wallpaper_result:false sender = com.mi.android.globallauncher
12-14 14:24:01.618 D/CompatibilityInfo( 1997): mCompatibilityFlags - 0
12-14 14:24:01.618 D/CompatibilityInfo( 1997): applicationDensity - 440
12-14 14:24:01.618 D/CompatibilityInfo( 1997): applicationScale - 1.0
12-14 14:24:01.618 I/NotificationHelper( 4827): onReceive: 	 wechatNeed = false	 wechatSize = 0
12-14 14:24:01.620 I/NotificationHelper( 4827): onReceive: 	 generalNeed = true	 generalSize = 4638431657
12-14 14:24:01.620 I/NotificationHelper( 4827): isFrequencyValid: 	 lastTimeKey = general_last_time	 lastTime = 1760795489700	 current = 1765697041620
12-14 14:24:01.623 I/NotificationHelper( 4827): checkAndSendGeneralNotification: alreadyHas false
12-14 14:24:01.624 I/WindowManagerService( 1997): Physical orientation not applied, rotation=0
12-14 14:24:01.633 I/NotificationHelper( 4827): onReceive: 	 whatsappNeed = false	 whatsAppSize = 0
12-14 14:24:01.639 I/GameBoosterService( 4827): restartGameMode: com.companyname.UnoApp3
12-14 14:24:01.701 I/GoogleInputMethodService( 4708): GoogleInputMethodService.onStartInput():1347 onStartInput(EditorInfo{EditorInfo{packageName=com.companyname.UnoApp3, inputType=8001, inputTypeString=Normal[AutoCorrect], enableLearning=true, autoCorrection=true, autoComplete=true, imeOptions=2000000, privateImeOptions=null, actionName=UNSPECIFIED, actionLabel=null, initialSelStart=-1, initialSelEnd=-1, initialCapsMode=0, label=null, fieldId=-1, fieldName=null, extras=null, hintText=null, hintLocales=[]}}, false)
12-14 14:24:01.705 I/WindowManagerService( 1997): Physical orientation not applied, rotation=0
12-14 14:24:01.719 I/WindowManagerService( 1997): Physical orientation not applied, rotation=0
12-14 14:24:01.719 I/DeviceLockTags( 4708): DeviceLockTags.notifyDeviceLockStatusChanged():108 notifyDeviceLockStatusChanged(): deviceLocked=false, blockPersonalData=false
12-14 14:24:01.719 I/Module  ( 4708): DeviceLockedStatusModuleProvider$Module.updateDeviceLockedStatus():103 repeatCheckTimes = 1, locked = false
12-14 14:24:01.723 I/NearbyMediums(13925): ModuleInitializer handles incoming intent android.intent.action.USER_PRESENT
12-14 14:24:01.768 I/ExtensionManager( 4708): ExtensionManager.updateExtensionWrappersMap():230 The same notification is already processed
12-14 14:24:01.773 D/CompatibilityInfo( 1997): mCompatibilityFlags - 0
12-14 14:24:01.773 D/CompatibilityInfo( 1997): applicationDensity - 440
12-14 14:24:01.773 D/CompatibilityInfo( 1997): applicationScale - 1.0
12-14 14:24:01.776 D/BoundBrokerSvc(13990): onBind: Intent { act=com.google.android.gms.auth.cryptauth.cryptauthservice.START dat=chimera-action: cmp=com.google.android.gms/.chimera.GmsBoundBrokerService }
12-14 14:24:01.776 D/BoundBrokerSvc(13990): Loading bound service for intent: Intent { act=com.google.android.gms.auth.cryptauth.cryptauthservice.START dat=chimera-action: cmp=com.google.android.gms/.chimera.GmsBoundBrokerService }
12-14 14:24:01.781 I/ClipboardDataHandler( 4708): ClipboardDataHandler.updateScreenshotsContentObserver():312 Disable the feature of handling screenshots in the clipboard.
12-14 14:24:01.781 W/NotificationCenter( 4708): NotificationCenter.unregisterListener():480 Listener egk@296e209 was not registered for notification class nfo
12-14 14:24:01.782 D/BiometricService( 1997): canAuthenticate: User=0, Caller=0, Authenticators=255
12-14 14:24:01.784 D/BiometricService/PreAuthInfo( 1997): Package: com.google.android.gms Sensor ID: 0 Modality: 2 Status: 1
12-14 14:24:01.785 D/BiometricService/PreAuthInfo( 1997): getCanAuthenticateInternal Modality: 2 AuthenticatorStatus: 1
12-14 14:24:01.785 D/AuthService( 1997): canAuthenticate, userId: 0, callingUserId: 0, authenticators: 255, result: 0
12-14 14:24:01.791 D/WindowManager( 1997): Update InputWindowHandle: b78d33e com.companyname.UnoApp3/crc647550fd11ca543fdf.MainActivity, frame=[0,0,1080,2400], touchableRegion=SkRegion((0,0,1080,2400)), visible=true, focusable=true, changed=true
12-14 14:24:01.794 I/WindowManagerService( 1997): Physical orientation not applied, rotation=0
12-14 14:24:01.807 D/MiuiFastUnlockController( 3138): setWallPaperAsTarget asTarget=false
12-14 14:24:01.808 D/MiuiWallpaperClient( 3138): notifyKeyguardShowingChanged false
12-14 14:24:01.809 D/MiuiKeyguardWallpaperRemoteService( 2862): onKeyguardShowingChanged  showing = false
12-14 14:24:01.810 D/MiuiKeyguardPictorialWallpaper( 2862): onKeyguardShowingChanged:
12-14 14:24:01.810 D/MiuiKeyguardPictorialWallpaper( 2862):  windowAlpha 0.0
12-14 14:24:01.815 I/WindowManagerService( 1997): Physical orientation not applied, rotation=0
12-14 14:24:01.820 D/MiuiKeyguardPictorialWallpaper( 2862):  onSurfaceRedrawNeede
12-14 14:24:01.821 W/OpenGLRenderer( 2862): Surface doesn't have any previously queued frames, nothing to readback from
12-14 14:24:01.821 D/BoundBrokerSvc(13925): onRebind: Intent { act=com.google.android.gms.auth.aang.events.services.START dat=chimera-action: cmp=com.google.android.gms/.chimera.PersistentApiService }
12-14 14:24:01.830 I/PersonalSafety(13990): ConnectivityProtectionLockingIntentOperation: cancelled task [CONTEXT service_id=310 ]
12-14 14:24:01.831 W/NotificationCenter( 4708): NotificationCenter$NotificationQueue.notifyPendingNotificationsOnExecutor():877 Heavy notify work detected on UI thread: [nfo->nev] takes 59ms
12-14 14:24:01.831 I/Fido    (13990): [FidoV2EnrollmentController] Execute registerFor API [CONTEXT service_id=287 ]
12-14 14:24:01.831 I/ExtensionManager( 4708): ExtensionManager.updateExtensionWrappersMap():230 The same notification is already processed
12-14 14:24:01.832 I/AbstractOpenableExtension( 4708): AbstractOpenableExtension.createKeyboardGroupManagerListenableFuture():121 Create keyboard group manager listenable future in hme
12-14 14:24:01.837 D/CompatibilityInfo( 1997): mCompatibilityFlags - 0
12-14 14:24:01.837 D/CompatibilityInfo( 1997): applicationDensity - 440
12-14 14:24:01.837 D/CompatibilityInfo( 1997): applicationScale - 1.0
12-14 14:24:01.838 I/AbstractOpenableExtension( 4708): AbstractOpenableExtension.createKeyboardGroupManagerListenableFuture():121 Create keyboard group manager listenable future in fap
12-14 14:24:01.838 I/EmojifyExtensionImpl( 4708): EmojifyExtensionImpl.onCreate():604 Creating Emojify extension ezu@db091f.
12-14 14:24:01.839 I/RCNIntentOperation(13925): RCN is disabled on this network.
12-14 14:24:01.839 I/HardKeyTracker( 4708): HardKeyTracker.unregisterKeySequence():221 Unregister key sequence nwm{labelResId=2132020497, callback=ctp@6a3f586, lastModifier=2, keyCodes=[48], actions=[0]}
12-14 14:24:01.840 I/HardKeyTracker( 4708): HardKeyTracker.registerKeySequence():170 Register key sequence nwm{labelResId=2132020497, callback=ctp@704846c, lastModifier=2, keyCodes=[48], actions=[0]}
12-14 14:24:01.840 I/HardKeyTracker( 4708): HardKeyTracker.unregisterKeySequence():221 Unregister key sequence nwm{labelResId=2132020497, callback=ctp@4428e47, lastModifier=2, keyCodes=[48], actions=[0]}
12-14 14:24:01.840 I/HardKeyTracker( 4708): HardKeyTracker.registerKeySequence():170 Register key sequence nwm{labelResId=2132020497, callback=ctp@4cd7a35, lastModifier=2, keyCodes=[48], actions=[0]}
12-14 14:24:01.841 I/HardKeyTracker( 4708): HardKeyTracker.unregisterKeySequence():221 Unregister key sequence nwm{labelResId=2132020495, callback=ctp@99a6674, lastModifier=2, keyCodes=[37], actions=[0]}
12-14 14:24:01.841 I/HardKeyTracker( 4708): HardKeyTracker.registerKeySequence():170 Register key sequence nwm{labelResId=2132020495, callback=ctp@b75eca, lastModifier=2, keyCodes=[37], actions=[0]}
12-14 14:24:01.841 I/HardKeyTracker( 4708): HardKeyTracker.unregisterKeySequence():221 Unregister key sequence nwm{labelResId=2132020492, callback=ctp@3ad279d, lastModifier=2, keyCodes=[50], actions=[0]}
12-14 14:24:01.841 I/HardKeyTracker( 4708): HardKeyTracker.registerKeySequence():170 Register key sequence nwm{labelResId=2132020492, callback=ctp@731183b, lastModifier=2, keyCodes=[50], actions=[0]}
12-14 14:24:01.842 I/HardKeyTracker( 4708): HardKeyTracker.unregisterKeySequence():221 Unregister key sequence nwm{labelResId=2132020496, callback=ctp@339e412, lastModifier=65536, keyCodes=[76], actions=[0]}
12-14 14:24:01.842 I/HardKeyTracker( 4708): HardKeyTracker.registerKeySequence():170 Register key sequence nwm{labelResId=2132020496, callback=ctp@deb7b58, lastModifier=65536, keyCodes=[76], actions=[0]}
12-14 14:24:01.842 I/HardKeyTracker( 4708): HardKeyTracker.unregisterKeySequence():221 Unregister key sequence nwm{labelResId=2132020492, callback=ctp@b0fc7e3, lastModifier=2, keyCodes=[50], actions=[0]}
12-14 14:24:01.842 I/HardKeyTracker( 4708): HardKeyTracker.registerKeySequence():170 Register key sequence nwm{labelResId=2132020492, callback=ctp@ae884b1, lastModifier=2, keyCodes=[50], actions=[0]}
12-14 14:24:01.843 I/HardKeyTracker( 4708): HardKeyTracker.unregisterKeySequence():221 Unregister key sequence nwm{labelResId=2132020495, callback=ctp@13175e0, lastModifier=2, keyCodes=[37], actions=[0]}
12-14 14:24:01.843 I/HardKeyTracker( 4708): HardKeyTracker.registerKeySequence():170 Register key sequence nwm{labelResId=2132020495, callback=ctp@70efd17, lastModifier=2, keyCodes=[37], actions=[0]}
12-14 14:24:01.843 W/NotificationCenter( 4708): NotificationCenter$NotificationQueue.notifyPendingNotificationsOnExecutor():877 Heavy notify work detected on UI thread: [mle->ond, mle->lps, mle->mkh, mle->kjf, mle->mvq, mle->kjf, mle->kjf, mle->kjf, mle->kjf, mle->hig, mle->kjf, mle->kjf, mle->kjf, mle->mjx, mle->gif, mle->klc, mle->kjf, mle->kjf, mle->gkn, mle->kjf, mle->kjf, mle->kjf, mle->lxf, nyb->njx, nyb->njx, nyb->njx, nyb->njx, nyb->njx, nyb->njx, nyb->njx, nyb->njx, nyb->njx, nyb->njx, nyb->njx, nyb->njx, nyb->njx, nyb->njx, nyb->njx, nyb->njx, nyb->njx, nyb->njx, nyb->njx, nyb->njx, nya->njx, kja->gyk, kja->gyk, kja->gyk, nfz->nfy, nfz->nfy, nfz->nfy, nfz->nfy, kja->gyk, kja->gyk, nfz->nfy, nfz->nfy, nfz->nfy, nfz->nfy, nfz->nfy, nfz->nfy, kja->gyk, kja->gyk, kja->gyk, kja->gyk, nfz->nfy] takes 140ms
12-14 14:24:01.848 D/CompatibilityInfo( 1997): mCompatibilityFlags - 0
12-14 14:24:01.848 D/CompatibilityInfo( 1997): applicationDensity - 440
12-14 14:24:01.848 D/CompatibilityInfo( 1997): applicationScale - 1.0
12-14 14:24:01.850 D/BoundBrokerSvc(13990): onBind: Intent { act=com.google.android.gms.pay.service.BIND dat=chimera-action: cmp=com.google.android.gms/.chimera.GmsApiService }
12-14 14:24:01.850 D/BoundBrokerSvc(13990): Loading bound service for intent: Intent { act=com.google.android.gms.pay.service.BIND dat=chimera-action: cmp=com.google.android.gms/.chimera.GmsApiService }
12-14 14:24:01.851 I/KeyboardGroupDefParser( 4708): KeyboardGroupDefParser.parseKeyboardGroupDef():86 parseKeyboardGroupDef() 2132213998 -> 0_resource_name_obfuscated : WaitTime = 1 ms : RunTime = 9 ms
12-14 14:24:01.851 I/KeyboardGroupDefParser( 4708): KeyboardGroupDefParser.parseKeyboardGroupDef():86 parseKeyboardGroupDef() 2132213997 -> 0_resource_name_obfuscated : WaitTime = 1 ms : RunTime = 11 ms
12-14 14:24:01.851 I/KeyboardGroupDefParser( 4708): KeyboardGroupDefParser.parseKeyboardGroupDef():86 parseKeyboardGroupDef() 2132213990 -> 0_resource_name_obfuscated : WaitTime = 1 ms : RunTime = 20 ms
12-14 14:24:01.853 I/WindowManagerService( 1997): Physical orientation not applied, rotation=0
12-14 14:24:01.870 I/CryptauthV2(13990): [HaveKeyWithKeyNameOperation] Have key with key name operation is called.
12-14 14:24:01.891 W/Looper  ( 1997): Slow dispatch took 358ms main h=android.app.ActivityThread$H c=android.app.LoadedApk$ReceiverDispatcher$Args$$ExternalSyntheticLambda0@c75ecf5 m=0
12-14 14:24:01.891 W/Looper  ( 1997): Slow delivery took 358ms main h=com.android.server.locksettings.LockSettingsStrongAuth$1 c=null m=1
12-14 14:24:01.891 I/DarkModeTimeModeReceiver( 1997):  onReceive: action = android.intent.action.USER_PRESENT
12-14 14:24:01.893 I/DarkModeTimeModeReceiver( 1997): type = 1 startDarkModeAutoTime startTime = 0: 0 endTime = 6: 0
12-14 14:24:01.893 I/DarkModeTimeModeManager( 1997): not get suggest from cloud
12-14 14:24:01.904 I/Fido    (13990): [FidoV2EnrollmentController] Execute registerFor API [CONTEXT service_id=287 ]
12-14 14:24:01.909 D/TelephonyProvider( 3119): Using old permission behavior for telephony provider compat
12-14 14:24:01.912 I/CryptauthV2(13990): [HaveKeyWithKeyNameOperation] Have key with key name operation is called.
12-14 14:24:01.919 W/Looper  ( 1997): Drained
12-14 14:24:01.933 I/PersonalSafety(13925): (REDACTED) New count is %d compared to %d
12-14 14:24:01.933 I/PersonalSafety(13925): (REDACTED) Updating physical SIM count from %d to %d (%d ms after callback)
12-14 14:24:01.986 D/StatusBar( 3138): disable<e i a s b h r c s > disable2<q i n >
12-14 14:24:01.987 D/CollapsedStatusBarFragment( 3138): adjustDisableFlags: mStatusBarView.getState() = 0 mHideIconsForBouncer = false mWereIconsJustHidden = false, mWakeUpCoordinator.getNotificationsFullyHidden = false, mIsExpanded = false, mBypassController.getBypassEnabled = false, mStatusBarStateController.getState() = 0, mKeyguardStateController.isKeyguardGoingAway() = false, mHeadsUpManager.hasPinnedHeadsUp = false, mIsLaunchAnimationRunning = false, mHideIconsDuringLaunchAnimation = true, isFullWidth()true, mShowIconsWhenExpanded = true, mControlPanelExpand = false
12-14 14:24:02.047 I/BatteryService( 1997): current mPlugType2current mHealthInfo.batteryLevel100current mHealthInfo.batteryTemperature354
12-14 14:24:02.055 D/UiModeManager( 1997): updateConfigurationLocked: mDockState=0; mCarMode=false; mCar=false; mPowerSave=false; mComputedNightMode=false; mNightMode=1; uiMode=17
12-14 14:24:02.058 D/ThermalIECHandler( 6487): storeDataStyle: thermal_iec_monitor_persistence_data_style_iec_state; startIECTime: -1; IECScreenOffOverPeriodTime: 381178784
12-14 14:24:02.061 I/BatteryInfoReceiver( 4827): ACTION_BATTERY_CHANGED
12-14 14:24:02.061 I/PowerSaveService( 4827): onReceive: android.intent.action.BATTERY_CHANGED
12-14 14:24:02.068 D/PowerKeeper.Thermal( 6487): mBatteryTemperature: 35
12-14 14:24:02.069 D/PowerCheckerService( 6487): onBatteryChanged, mBatteryLevel = 100, status = 2, level = 100, plug = 2, scale = 100
12-14 14:24:02.076 I/PowerNoticeUI( 4827): handleBatteryChanged oldPlugType 2 mPlugType 2 oldBatteryLevel 100 mBatteryLevel 100 temperature 354
12-14 14:24:02.085 V/DeviceStatisticsService( 3103): chargerType=2 batteryLevel=100 totalBatteryCapacity=3393000
12-14 14:24:02.148 E/android.hardware.thermal@2.0-service.qti( 1139): ThermalHAL not initialized properly.
12-14 14:24:02.149 E/ThermalHalWrapper( 1997): Couldn't get temperatures because of HAL error: ThermalHAL not initialized properly.
12-14 14:24:02.237 W/VsyncModulator( 1183): setTransactionSchedule: Unexpected EarlyEnd
12-14 14:24:02.388 E/ANDR-PERF-LM( 1151): VmRssMeter:: start() 447: Could not find pid, can not collect vmrss data
12-14 14:24:02.398 E/ANDR-PERF-LM( 1151): VmRssMeter:: start() 447: Could not find pid, can not collect vmrss data
12-14 14:24:02.398 E/ANDR-PERF-LM( 1151): AdaptiveLaunch: writeToDataBase() 64: Meter aborted or could not get meter data for this run
12-14 14:24:02.477 W/VsyncModulator( 1183): setTransactionSchedule: Unexpected EarlyEnd
12-14 14:24:02.598 D/BoundBrokerSvc(13925): onRebind: Intent { act=com.google.android.gms.libs.gmscorelogger.service.START dat=chimera-action: cmp=com.google.android.gms/.chimera.PersistentDirectBootAwareApiService }
12-14 14:24:02.641 W/VsyncModulator( 1183): setTransactionSchedule: Unexpected EarlyEnd
12-14 14:24:02.655 D/FiveGPowerController( 3119): Screen is on
12-14 14:24:02.655 D/FiveGPowerController( 3119): screen state delay, oldScreenOn: true, currentScreenOn: true
12-14 14:24:02.659 D/FiveGPowerController( 3119): screen state delay, isFivegModeEnabled: false, isMobileDataEnabled: true, mIsMobileConnected: false
12-14 14:24:02.659 D/FiveGPowerController( 3119): changeEnableEndcStatus enabled=true; scene=SCREEN
12-14 14:24:02.679 D/FiveGPowerController( 3119): forceEnableEndcByPolicy rst[false], misFivegModeEnabled[false], mIsTestApp[false]], isNetworkOptimization[false], mPowerOptimizationEnabled[true]
12-14 14:24:02.683 D/FiveGPowerController( 3119): Screen is on
12-14 14:24:02.683 D/FiveGPowerController( 3119): shouldEnableEndc rst[false], mPowerOptimizationEnabled[true], mFiveGHostedModeEnabled[false], deviceRst[false], appRst[true], dataEnable[true], screenOn[true], wifi[true], coexistence[-1], misFivegModeEnabled[false], mGameRst[true], isNetworkOptimization[false], mNsaThermalFlag[false], mIsWechatVoipPreferForLte[false]
12-14 14:24:02.683 D/FiveGPowerController( 3119): execNsaOptimization enableEndc=false; enabled=true; scene=SCREEN; mEndcPowerEnabled=false; ssr=false; silentSa=false
12-14 14:24:02.683 D/FiveGPowerController( 3119): execNsaOptimization return because the current endc status is the same
12-14 14:24:02.991 W/VsyncModulator( 1183): setTransactionSchedule: Unexpected EarlyEnd
12-14 14:24:03.157 E/android.hardware.thermal@2.0-service.qti( 1139): ThermalHAL not initialized properly.
12-14 14:24:03.157 E/ThermalHalWrapper( 1997): Couldn't get temperatures because of HAL error: ThermalHAL not initialized properly.
12-14 14:24:03.181 W/VsyncModulator( 1183): setTransactionSchedule: Unexpected EarlyEnd
12-14 14:24:03.192 D/KeySyncTask( 1997): Key sync not needed.
12-14 14:24:03.359 W/BroadcastQueue( 1997): Background execution not allowed: receiving Intent { act=android.intent.action.DROPBOX_ENTRY_ADDED flg=0x10 (has extras) } to com.google.android.gms/.stats.service.DropBoxEntryAddedReceiver
12-14 14:24:03.458 I/system_server( 1997): Explicit concurrent copying GC freed 11MB AllocSpace bytes, 26(736KB) LOS objects, 25% free, 70MB/94MB, paused 179us,67us total 255.619ms
12-14 14:24:03.482 D/MIUIInput( 1997): [MotionEvent] publisher action=0x4, 268905792, channel '3e1bcc4 NavigationBar0 (server)'
12-14 14:24:03.483 D/MIUIInput( 1997): [MotionEvent] publisher action=0x0, 268905792, channel 'b78d33e com.companyname.UnoApp3/crc647550fd11ca543fdf.MainActivity (server)'
12-14 14:24:03.494 W/VsyncModulator( 1183): setTransactionSchedule: Unexpected EarlyEnd
12-14 14:24:03.548 D/MIUIInput( 1997): [MotionEvent] publisher action=0x1, 268905859, channel 'b78d33e com.companyname.UnoApp3/crc647550fd11ca543fdf.MainActivity (server)'
12-14 14:24:03.596 W/VsyncModulator( 1183): setTransactionSchedule: Unexpected EarlyEnd
12-14 14:24:03.635 D/app_process64(26650): 12-14 14:24:03.635+07:00 I/Uno.Extensions.Navigation.Navigators.FrameNavigator: NavigateAsync - Starting Navigation - Navigator: FrameNavigator Request: Main
12-14 14:24:03.656 D/app_process64(26650): The Bindable attribute is missing and the type [UnoApp3.Presentation.ShellViewModel] is not known by the MetadataProvider. Reflection was used instead of the binding engine and generated static metadata. Add the Bindable attribute to prevent this message and performance issues.
12-14 14:24:03.731 I/system_server( 1997): Explicit concurrent copying GC freed 348KB AllocSpace bytes, 0(0B) LOS objects, 25% free, 70MB/94MB, paused 181us,65us total 244.642ms
12-14 14:24:03.755 D/app_process64(26650): The Bindable attribute is missing and the type [UnoApp3.ViewModels.MainViewModel] is not known by the MetadataProvider. Reflection was used instead of the binding engine and generated static metadata. Add the Bindable attribute to prevent this message and performance issues.
12-14 14:24:04.045 I/BatteryService( 1997): current mPlugType2current mHealthInfo.batteryLevel100current mHealthInfo.batteryTemperature354
12-14 14:24:04.048 D/ThermalIECHandler( 6487): storeDataStyle: thermal_iec_monitor_persistence_data_style_iec_state; startIECTime: -1; IECScreenOffOverPeriodTime: 381178784
12-14 14:24:04.048 D/UiModeManager( 1997): updateConfigurationLocked: mDockState=0; mCarMode=false; mCar=false; mPowerSave=false; mComputedNightMode=false; mNightMode=1; uiMode=17
12-14 14:24:04.049 I/BatteryInfoReceiver( 4827): ACTION_BATTERY_CHANGED
12-14 14:24:04.049 I/PowerSaveService( 4827): onReceive: android.intent.action.BATTERY_CHANGED
12-14 14:24:04.050 I/PowerNoticeUI( 4827): handleBatteryChanged oldPlugType 2 mPlugType 2 oldBatteryLevel 100 mBatteryLevel 100 temperature 354
12-14 14:24:04.052 D/PowerCheckerService( 6487): onBatteryChanged, mBatteryLevel = 100, status = 2, level = 100, plug = 2, scale = 100
12-14 14:24:04.052 D/PowerKeeper.Thermal( 6487): mBatteryTemperature: 35
12-14 14:24:04.056 D/PerfShielderService( 1997): com.companyname.UnoApp3|com.companyname.UnoApp3/crc647550fd11ca543fdf.MainActivity|183|268905979010125|183|0|1
12-14 14:24:04.063 W/MiuiPerfServiceClient( 5119): interceptAndQueuing:26650|com.companyname.UnoApp3|183|183|268905979010125|Slow main thread|1
12-14 14:24:04.079 V/DeviceStatisticsService( 3103): chargerType=2 batteryLevel=100 totalBatteryCapacity=3393000
12-14 14:24:04.164 E/android.hardware.thermal@2.0-service.qti( 1139): ThermalHAL not initialized properly.
12-14 14:24:04.165 E/ThermalHalWrapper( 1997): Couldn't get temperatures because of HAL error: ThermalHAL not initialized properly.
12-14 14:24:04.376 D/MIUIInput( 1997): [MotionEvent] publisher action=0x4, 268906686, channel '3e1bcc4 NavigationBar0 (server)'
12-14 14:24:04.376 D/MIUIInput( 1997): [MotionEvent] publisher action=0x0, 268906686, channel 'b78d33e com.companyname.UnoApp3/crc647550fd11ca543fdf.MainActivity (server)'
12-14 14:24:04.432 D/MIUIInput( 1997): [MotionEvent] publisher action=0x1, 268906744, channel 'b78d33e com.companyname.UnoApp3/crc647550fd11ca543fdf.MainActivity (server)'
12-14 14:24:04.437 D/app_process64(26650): 12-14 14:24:04.437+07:00 I/Uno.Extensions.Navigation.Navigators.FrameNavigator: NavigateAsync - Starting Navigation - Navigator: FrameNavigator Request: ProductList
12-14 14:24:04.439 D/app_process64(26650): 12-14 14:24:04.439+07:00 I/Uno.Extensions.Navigation.Navigators.ContentControlNavigator: CreateControlFromType - Creating control of type FrameView
12-14 14:24:04.514 W/monodroid-assembly(26650): open_from_bundles: failed to load bundled assembly Uno.Core.Extensions.Logging.dll
12-14 14:24:04.514 W/monodroid-assembly(26650): open_from_bundles: the assembly might have been uploaded to the device with FastDev instead
12-14 14:24:04.619 I/DOTNET  (26650): info: UnoApp3.ViewModels.ProductListViewModel[0]
12-14 14:24:04.619 I/DOTNET  (26650):       ProductListViewModel: initialized
12-14 14:24:04.620 D/app_process64(26650): 12-14 14:24:04.620+07:00 I/UnoApp3.ViewModels.ProductListViewModel: ProductListViewModel: initialized
12-14 14:24:05.178 E/android.hardware.thermal@2.0-service.qti( 1139): ThermalHAL not initialized properly.
12-14 14:24:05.178 E/ThermalHalWrapper( 1997): Couldn't get temperatures because of HAL error: ThermalHAL not initialized properly.
12-14 14:24:05.349 W/VsyncModulator( 1183): setTransactionSchedule: Unexpected EarlyEnd
12-14 14:24:05.432 W/VsyncModulator( 1183): setTransactionSchedule: Unexpected EarlyEnd
12-14 14:24:05.542 W/VsyncModulator( 1183): setTransactionSchedule: Unexpected EarlyEnd
12-14 14:24:05.935 W/Settings( 4827): Setting airplane_mode_on has moved from android.provider.Settings.System to android.provider.Settings.Global, returning read-only value.
12-14 14:24:05.942 W/Settings( 4827): Setting airplane_mode_on has moved from android.provider.Settings.System to android.provider.Settings.Global, returning read-only value.
12-14 14:24:06.058 I/BatteryService( 1997): current mPlugType2current mHealthInfo.batteryLevel100current mHealthInfo.batteryTemperature354
12-14 14:24:06.061 D/UiModeManager( 1997): updateConfigurationLocked: mDockState=0; mCarMode=false; mCar=false; mPowerSave=false; mComputedNightMode=false; mNightMode=1; uiMode=17
12-14 14:24:06.062 D/ThermalIECHandler( 6487): storeDataStyle: thermal_iec_monitor_persistence_data_style_iec_state; startIECTime: -1; IECScreenOffOverPeriodTime: 381178784
12-14 14:24:06.063 I/BatteryInfoReceiver( 4827): ACTION_BATTERY_CHANGED
12-14 14:24:06.063 I/PowerSaveService( 4827): onReceive: android.intent.action.BATTERY_CHANGED
12-14 14:24:06.064 I/PowerNoticeUI( 4827): handleBatteryChanged oldPlugType 2 mPlugType 2 oldBatteryLevel 100 mBatteryLevel 100 temperature 354
12-14 14:24:06.064 D/PowerKeeper.Thermal( 6487): mBatteryTemperature: 35
12-14 14:24:06.064 D/PowerCheckerService( 6487): onBatteryChanged, mBatteryLevel = 100, status = 2, level = 100, plug = 2, scale = 100
12-14 14:24:06.081 V/DeviceStatisticsService( 3103): chargerType=2 batteryLevel=100 totalBatteryCapacity=3393000
12-14 14:24:06.109 I/ndroid.systemu( 3138): Explicit concurrent copying GC freed 15MB AllocSpace bytes, 5(100KB) LOS objects, 50% free, 18MB/36MB, paused 72us,39us total 119.509ms
12-14 14:24:06.116 W/VsyncModulator( 1183): setTransactionSchedule: Unexpected EarlyEnd
12-14 14:24:06.122 W/System  ( 3138): A resource failed to call close.
12-14 14:24:06.123 W/System  ( 3138): A resource failed to call close.
12-14 14:24:06.125 W/System  ( 3138): A resource failed to call close.
12-14 14:24:06.126 W/Looper  (26650): PerfMonitor longMsg : seq=857 plan=14:24:04.587 late=0ms wall=1538ms running=0ms h=android.os.Handler c=mono.java.lang.NativeDispatcherImplementor procState=-1
12-14 14:24:06.129 W/System  ( 3138): A resource failed to call close.
12-14 14:24:06.180 E/android.hardware.thermal@2.0-service.qti( 1139): ThermalHAL not initialized properly.
12-14 14:24:06.181 E/ThermalHalWrapper( 1997): Couldn't get temperatures because of HAL error: ThermalHAL not initialized properly.
12-14 14:24:06.194 D/app_process64(26650): The Bindable attribute is missing and the type [UnoApp3.ViewModels.ProductListViewModel] is not known by the MetadataProvider. Reflection was used instead of the binding engine and generated static metadata. Add the Bindable attribute to prevent this message and performance issues.
12-14 14:24:06.206 I/ndroid.systemu( 3138): Explicit concurrent copying GC freed 447KB AllocSpace bytes, 0(0B) LOS objects, 50% free, 17MB/35MB, paused 172us,42us total 74.868ms
12-14 14:24:06.346 W/VsyncModulator( 1183): setTransactionSchedule: Unexpected EarlyEnd
12-14 14:24:07.038 I/Bugle   (26822): TelephonyManagerFactory: Returning per-subscription TelephonyManager (>= N) subscription{id:5}
12-14 14:24:07.059 I/RcsAvailabilityCache(26822): Cached availability not found for simId: redacted-pii:sim_id[chars:20,last3:953]
12-14 14:24:07.061 I/RcsAvailabilityCache(26822): Cached availability not found for simId: redacted-pii:sim_id[chars:20,last3:780]
12-14 14:24:07.074 D/BoundBrokerSvc(13925): onRebind: Intent { act=com.google.android.gms.time.trustedtime.service.START dat=chimera-action: cmp=com.google.android.gms/.chimera.PersistentApiService }
12-14 14:24:07.079 V/ClearcutMetricXmitter(26822): Transmission is done.
12-14 14:24:07.083 V/ClearcutMetricXmitter(26822): Transmission is done.
12-14 14:24:07.094 D/CompatibilityInfo( 1997): mCompatibilityFlags - 0
12-14 14:24:07.094 D/CompatibilityInfo( 1997): applicationDensity - 440
12-14 14:24:07.094 D/CompatibilityInfo( 1997): applicationScale - 1.0
12-14 14:24:07.099 D/BoundBrokerSvc(13925): onBind: Intent { act=com.google.android.gms.time.trustedtime.singleuserapi.service.START dat=chimera-action: cmp=com.google.android.gms/.chimera.PersistentSingleUserInternalApiService }
12-14 14:24:07.099 D/BoundBrokerSvc(13925): Loading bound service for intent: Intent { act=com.google.android.gms.time.trustedtime.singleuserapi.service.START dat=chimera-action: cmp=com.google.android.gms/.chimera.PersistentSingleUserInternalApiService }
12-14 14:24:07.126 D/BoundBrokerSvc(13925): onRebind: Intent { act=com.google.android.gms.common.telemetry.service.START dat=chimera-action: cmp=com.google.android.gms/.chimera.PersistentApiService }
12-14 14:24:07.159 V/ClearcutMetricXmitter(26822): Transmission is done.
12-14 14:24:07.182 E/android.hardware.thermal@2.0-service.qti( 1139): ThermalHAL not initialized properly.
12-14 14:24:07.182 E/ThermalHalWrapper( 1997): Couldn't get temperatures because of HAL error: ThermalHAL not initialized properly.
12-14 14:24:08.103 I/BatteryService( 1997): current mPlugType2current mHealthInfo.batteryLevel100current mHealthInfo.batteryTemperature354
12-14 14:24:08.109 D/UiModeManager( 1997): updateConfigurationLocked: mDockState=0; mCarMode=false; mCar=false; mPowerSave=false; mComputedNightMode=false; mNightMode=1; uiMode=17
12-14 14:24:08.111 I/BatteryInfoReceiver( 4827): ACTION_BATTERY_CHANGED
12-14 14:24:08.113 D/ThermalIECHandler( 6487): storeDataStyle: thermal_iec_monitor_persistence_data_style_iec_state; startIECTime: -1; IECScreenOffOverPeriodTime: 381178784
12-14 14:24:08.113 I/PowerSaveService( 4827): onReceive: android.intent.action.BATTERY_CHANGED
12-14 14:24:08.114 I/PowerNoticeUI( 4827): handleBatteryChanged oldPlugType 2 mPlugType 2 oldBatteryLevel 100 mBatteryLevel 100 temperature 354
12-14 14:24:08.116 D/PowerCheckerService( 6487): onBatteryChanged, mBatteryLevel = 100, status = 2, level = 100, plug = 2, scale = 100
12-14 14:24:08.118 D/PowerKeeper.Thermal( 6487): mBatteryTemperature: 35
12-14 14:24:08.135 V/DeviceStatisticsService( 3103): chargerType=2 batteryLevel=100 totalBatteryCapacity=3393000
12-14 14:24:08.215 E/android.hardware.thermal@2.0-service.qti( 1139): ThermalHAL not initialized properly.
12-14 14:24:08.216 E/ThermalHalWrapper( 1997): Couldn't get temperatures because of HAL error: ThermalHAL not initialized properly.
12-14 14:24:08.568 D/MIUIInput( 1997): [MotionEvent] publisher action=0x4, 268910878, channel '3e1bcc4 NavigationBar0 (server)'
12-14 14:24:08.569 D/MIUIInput( 1997): [MotionEvent] publisher action=0x0, 268910878, channel 'b78d33e com.companyname.UnoApp3/crc647550fd11ca543fdf.MainActivity (server)'
12-14 14:24:08.590 W/VsyncModulator( 1183): setTransactionSchedule: Unexpected EarlyEnd
12-14 14:24:08.623 D/MIUIInput( 1997): [MotionEvent] publisher action=0x1, 268910934, channel 'b78d33e com.companyname.UnoApp3/crc647550fd11ca543fdf.MainActivity (server)'
12-14 14:24:08.661 D/app_process64(26650): 12-14 14:24:08.660+07:00 I/UnoApp3.ViewModels.ProductListViewModel: LoadProducts: starting product search
12-14 14:24:08.661 I/DOTNET  (26650): info: UnoApp3.ViewModels.ProductListViewModel[0]
12-14 14:24:08.661 I/DOTNET  (26650):       LoadProducts: starting product search
12-14 14:24:08.666 I/DOTNET  (26650): info: UnoApp3.Services.ProductService[0]
12-14 14:24:08.666 I/DOTNET  (26650):       SearchProductsAsync: calling API page 1 size 20
12-14 14:24:08.667 D/app_process64(26650): 12-14 14:24:08.666+07:00 I/UnoApp3.Services.ProductService: SearchProductsAsync: calling API page 1 size 20
12-14 14:24:08.709 I/DOTNET  (26650): info: System.Net.Http.HttpClient.Refit.Implementation.Generated+UnoApp3ServicesApiIProductApi, UnoApp3, Version=1.0.0.0, Culture=neutral, PublicKeyToken=null.LogicalHandler[100]
12-14 14:24:08.709 I/DOTNET  (26650):       Start processing HTTP request GET https://d08a7e4817c8.ngrok-free.app/api/public/products?*
12-14 14:24:08.713 D/app_process64(26650): 12-14 14:24:08.711+07:00 I/System.Net.Http.HttpClient.Refit.Implementation.Generated+UnoApp3ServicesApiIProductApi, UnoApp3, Version=1.0.0.0, Culture=neutral, PublicKeyToken=null.LogicalHandler: Start processing HTTP request GET https://d08a7e4817c8.ngrok-free.app/api/public/products?*
12-14 14:24:08.714 I/DOTNET  (26650): info: System.Net.Http.HttpClient.Refit.Implementation.Generated+UnoApp3ServicesApiIProductApi, UnoApp3, Version=1.0.0.0, Culture=neutral, PublicKeyToken=null.ClientHandler[100]
12-14 14:24:08.714 D/app_process64(26650): 12-14 14:24:08.714+07:00 I/System.Net.Http.HttpClient.Refit.Implementation.Generated+UnoApp3ServicesApiIProductApi, UnoApp3, Version=1.0.0.0, Culture=neutral, PublicKeyToken=null.ClientHandler: Sending HTTP request GET https://d08a7e4817c8.ngrok-free.app/api/public/products?*
12-14 14:24:08.714 I/DOTNET  (26650):       Sending HTTP request GET https://d08a7e4817c8.ngrok-free.app/api/public/products?*
12-14 14:24:08.716 D/app_process64(26650): 12-14 14:24:08.715+07:00 I/Uno.Extensions.Http.DiagnosticHandler: SendAsync - Host: https://d08a7e4817c8.ngrok-free.app
12-14 14:24:08.717 D/app_process64(26650): 12-14 14:24:08.716+07:00 I/Uno.Extensions.Http.DiagnosticHandler: SendAsync - Method: GET /api/public/products?PageIndex=1&PageSize=20&SortColumn=productName&SortDirection=asc https/1.1
12-14 14:24:08.746 W/VsyncModulator( 1183): setTransactionSchedule: Unexpected EarlyEnd
12-14 14:24:08.834 W/VsyncModulator( 1183): setTransactionSchedule: Unexpected EarlyEnd
12-14 14:24:08.931 W/ProcessStats( 1997): Tracking association SourceState{3fa24c2 com.google.android.inputmethod.latin/10223 BTopFgs #582893} whose proc state 2 is better than process ProcessState{202fba7 com.google.android.gms.persistent/10206 pkg=com.google.android.gms} proc state 3 (2342 skipped)
12-14 14:24:09.073 I/NearbyPresence(13925): (REDACTED) %s verified [==] new request %s equals to the old request
12-14 14:24:09.253 E/android.hardware.thermal@2.0-service.qti( 1139): ThermalHAL not initialized properly.
12-14 14:24:09.253 E/ThermalHalWrapper( 1997): Couldn't get temperatures because of HAL error: ThermalHAL not initialized properly.
12-14 14:24:09.924 D/MiuiNetworkPolicy( 1997): updateLimit mLimitEnabled=true,enabled=false,mNetworkPriorityMode=0
12-14 14:24:10.115 I/BatteryService( 1997): current mPlugType2current mHealthInfo.batteryLevel100current mHealthInfo.batteryTemperature354
12-14 14:24:10.121 I/BatteryInfoReceiver( 4827): ACTION_BATTERY_CHANGED
12-14 14:24:10.121 I/PowerSaveService( 4827): onReceive: android.intent.action.BATTERY_CHANGED
12-14 14:24:10.122 I/PowerNoticeUI( 4827): handleBatteryChanged oldPlugType 2 mPlugType 2 oldBatteryLevel 100 mBatteryLevel 100 temperature 354
12-14 14:24:10.123 D/ThermalIECHandler( 6487): storeDataStyle: thermal_iec_monitor_persistence_data_style_iec_state; startIECTime: -1; IECScreenOffOverPeriodTime: 381178784
12-14 14:24:10.123 D/PowerCheckerService( 6487): onBatteryChanged, mBatteryLevel = 100, status = 2, level = 100, plug = 2, scale = 100
12-14 14:24:10.124 D/PowerKeeper.Thermal( 6487): mBatteryTemperature: 35
12-14 14:24:10.125 D/UiModeManager( 1997): updateConfigurationLocked: mDockState=0; mCarMode=false; mCar=false; mPowerSave=false; mComputedNightMode=false; mNightMode=1; uiMode=17
12-14 14:24:10.146 V/DeviceStatisticsService( 3103): chargerType=2 batteryLevel=100 totalBatteryCapacity=3393000
12-14 14:24:10.255 E/android.hardware.thermal@2.0-service.qti( 1139): ThermalHAL not initialized properly.
12-14 14:24:10.256 E/ThermalHalWrapper( 1997): Couldn't get temperatures because of HAL error: ThermalHAL not initialized properly.
12-14 14:24:10.508 W/monodroid-assembly(26650): open_from_bundles: failed to load bundled assembly System.IO.Compression.dll
12-14 14:24:10.508 W/monodroid-assembly(26650): open_from_bundles: the assembly might have been uploaded to the device with FastDev instead
12-14 14:24:10.519 W/monodroid-assembly(26650): open_from_bundles: failed to load bundled assembly System.IO.Compression.Brotli.dll
12-14 14:24:10.519 W/monodroid-assembly(26650): open_from_bundles: the assembly might have been uploaded to the device with FastDev instead
12-14 14:24:10.543 D/app_process64(26650): 12-14 14:24:10.542+07:00 I/Uno.Extensions.Http.DiagnosticHandler: SendAsync - Response: HTTPS/1.1 200 OK
12-14 14:24:10.547 D/app_process64(26650): 12-14 14:24:10.547+07:00 I/Uno.Extensions.Http.DiagnosticHandler: SendAsync - Header (response): Date: Sun, 14 Dec 2025 07:24:10 GMT
12-14 14:24:10.547 D/app_process64(26650): 12-14 14:24:10.547+07:00 I/Uno.Extensions.Http.DiagnosticHandler: SendAsync - Header (response): Ngrok-Agent-Ips: 116.111.184.17
12-14 14:24:10.549 D/app_process64(26650): 12-14 14:24:10.548+07:00 I/Uno.Extensions.Http.DiagnosticHandler: SendAsync - Header (response): Server: Kestrel
12-14 14:24:10.550 D/app_process64(26650): 12-14 14:24:10.550+07:00 I/Uno.Extensions.Http.DiagnosticHandler: SendAsync - Header (response): Transfer-Encoding: chunked
12-14 14:24:10.550 D/app_process64(26650): 12-14 14:24:10.550+07:00 I/Uno.Extensions.Http.DiagnosticHandler: SendAsync - Header (response): X-Android-Received-Millis: 1765697050499
12-14 14:24:10.551 D/app_process64(26650): 12-14 14:24:10.551+07:00 I/Uno.Extensions.Http.DiagnosticHandler: SendAsync - Header (response): X-Android-Response-Source: NETWORK 200
12-14 14:24:10.552 D/app_process64(26650): 12-14 14:24:10.551+07:00 I/Uno.Extensions.Http.DiagnosticHandler: SendAsync - Header (response): X-Android-Selected-Protocol: http/1.1
12-14 14:24:10.552 D/app_process64(26650): 12-14 14:24:10.552+07:00 I/Uno.Extensions.Http.DiagnosticHandler: SendAsync - Header (response): X-Android-Sent-Millis: 1765697049096
12-14 14:24:10.557 D/app_process64(26650): 12-14 14:24:10.557+07:00 I/System.Net.Http.HttpClient.Refit.Implementation.Generated+UnoApp3ServicesApiIProductApi, UnoApp3, Version=1.0.0.0, Culture=neutral, PublicKeyToken=null.ClientHandler: Received HTTP response headers after 1838.7277ms - 200
12-14 14:24:10.558 D/app_process64(26650): 12-14 14:24:10.558+07:00 I/System.Net.Http.HttpClient.Refit.Implementation.Generated+UnoApp3ServicesApiIProductApi, UnoApp3, Version=1.0.0.0, Culture=neutral, PublicKeyToken=null.LogicalHandler: End processing HTTP request after 1853.6393ms - 200
12-14 14:24:10.561 W/monodroid-assembly(26650): open_from_bundles: failed to load bundled assembly System.Net.Http.Json.dll
12-14 14:24:10.561 W/monodroid-assembly(26650): open_from_bundles: the assembly might have been uploaded to the device with FastDev instead
12-14 14:24:10.566 I/DOTNET  (26650): info: System.Net.Http.HttpClient.Refit.Implementation.Generated+UnoApp3ServicesApiIProductApi, UnoApp3, Version=1.0.0.0, Culture=neutral, PublicKeyToken=null.ClientHandler[101]
12-14 14:24:10.566 I/DOTNET  (26650):       Received HTTP response headers after 1838.7277ms - 200
12-14 14:24:10.566 I/DOTNET  (26650): info: System.Net.Http.HttpClient.Refit.Implementation.Generated+UnoApp3ServicesApiIProductApi, UnoApp3, Version=1.0.0.0, Culture=neutral, PublicKeyToken=null.LogicalHandler[101]
12-14 14:24:10.566 I/DOTNET  (26650):       End processing HTTP request after 1853.6393ms - 200
12-14 14:24:10.669 I/DOTNET  (26650): info: UnoApp3.Services.ProductService[0]
12-14 14:24:10.669 I/DOTNET  (26650):       SearchProductsAsync: received 20 items
12-14 14:24:10.669 D/app_process64(26650): 12-14 14:24:10.669+07:00 I/UnoApp3.Services.ProductService: SearchProductsAsync: received 20 items
12-14 14:24:10.670 D/app_process64(26650): 12-14 14:24:10.670+07:00 I/UnoApp3.ViewModels.ProductListViewModel: LoadProducts: products fetched: 20
12-14 14:24:10.670 I/DOTNET  (26650): info: UnoApp3.ViewModels.ProductListViewModel[0]
12-14 14:24:10.670 I/DOTNET  (26650):       LoadProducts: products fetched: 20
12-14 14:24:10.752 D/app_process64(26650): The Bindable attribute is missing and the type [UnoApp3.Models.Product.ProductListDto] is not known by the MetadataProvider. Reflection was used instead of the binding engine and generated static metadata. Add the Bindable attribute to prevent this message and performance issues.
12-14 14:24:10.833 W/VsyncModulator( 1183): setTransactionSchedule: Unexpected EarlyEnd
12-14 14:24:11.295 E/android.hardware.thermal@2.0-service.qti( 1139): ThermalHAL not initialized properly.
12-14 14:24:11.296 E/ThermalHalWrapper( 1997): Couldn't get temperatures because of HAL error: ThermalHAL not initialized properly.
12-14 14:24:11.507 W/VsyncModulator( 1183): setTransactionSchedule: Unexpected EarlyEnd
12-14 14:24:11.509 D/PerfShielderService( 1997): com.companyname.UnoApp3|com.companyname.UnoApp3/crc647550fd11ca543fdf.MainActivity|206|268911147282519|206|0|1
12-14 14:24:11.510 W/MiuiPerfServiceClient( 5119): interceptAndQueuing:26650|com.companyname.UnoApp3|206|206|268911147282519|Slow main thread|1
12-14 14:24:11.841 W/VsyncModulator( 1183): setTransactionSchedule: Unexpected EarlyEnd
12-14 14:24:11.994 I/keystore2(  602): keystore2::watchdog: Watchdog thread idle -> terminating. Have a great day.
12-14 14:24:12.134 I/BatteryService( 1997): current mPlugType2current mHealthInfo.batteryLevel100current mHealthInfo.batteryTemperature354
12-14 14:24:12.141 D/ThermalIECHandler( 6487): storeDataStyle: thermal_iec_monitor_persistence_data_style_iec_state; startIECTime: -1; IECScreenOffOverPeriodTime: 381178784
12-14 14:24:12.143 D/UiModeManager( 1997): updateConfigurationLocked: mDockState=0; mCarMode=false; mCar=false; mPowerSave=false; mComputedNightMode=false; mNightMode=1; uiMode=17
12-14 14:24:12.146 I/BatteryInfoReceiver( 4827): ACTION_BATTERY_CHANGED
12-14 14:24:12.146 I/PowerSaveService( 4827): onReceive: android.intent.action.BATTERY_CHANGED
12-14 14:24:12.147 I/PowerNoticeUI( 4827): handleBatteryChanged oldPlugType 2 mPlugType 2 oldBatteryLevel 100 mBatteryLevel 100 temperature 354
12-14 14:24:12.147 D/PowerCheckerService( 6487): onBatteryChanged, mBatteryLevel = 100, status = 2, level = 100, plug = 2, scale = 100
12-14 14:24:12.149 D/PowerKeeper.Thermal( 6487): mBatteryTemperature: 35
12-14 14:24:12.163 V/DeviceStatisticsService( 3103): chargerType=2 batteryLevel=100 totalBatteryCapacity=3393000
12-14 14:24:12.174 D/BoundBrokerSvc(13925): onUnbind: Intent { act=com.google.android.gms.common.telemetry.service.START dat=chimera-action: cmp=com.google.android.gms/.chimera.PersistentApiService }
12-14 14:24:12.313 E/android.hardware.thermal@2.0-service.qti( 1139): ThermalHAL not initialized properly.
12-14 14:24:12.314 E/ThermalHalWrapper( 1997): Couldn't get temperatures because of HAL error: ThermalHAL not initialized properly.
12-14 14:24:13.329 E/android.hardware.thermal@2.0-service.qti( 1139): ThermalHAL not initialized properly.
12-14 14:24:13.330 E/ThermalHalWrapper( 1997): Couldn't get temperatures because of HAL error: ThermalHAL not initialized properly.
12-14 14:24:13.569 W/ActivityManager( 1997): Unable to start service Intent { cmp=com.miui.powerkeeper/.perfshielder.PerfShielderStatisticsService } U=0: not found
12-14 14:24:13.570 V/PerfShielderService( 1997): Miui powerkeeper: can't bind to com.miui.powerkeeper.perfshielder.PerfShielderStatisticsService
12-14 14:24:14.145 I/BatteryService( 1997): current mPlugType2current mHealthInfo.batteryLevel100current mHealthInfo.batteryTemperature354
12-14 14:24:14.151 D/UiModeManager( 1997): updateConfigurationLocked: mDockState=0; mCarMode=false; mCar=false; mPowerSave=false; mComputedNightMode=false; mNightMode=1; uiMode=17
12-14 14:24:14.151 I/BatteryInfoReceiver( 4827): ACTION_BATTERY_CHANGED
12-14 14:24:14.153 I/PowerSaveService( 4827): onReceive: android.intent.action.BATTERY_CHANGED
