2025-12-07 20:27:29.670  9971-9971  anyname.UnoApp3         com.companyname.UnoApp3              I  Late-enabling -Xcheck:jni
2025-12-07 20:27:30.811  9971-9971  anyname.UnoApp3         com.companyname.UnoApp3              I  Using CollectorTypeCMC GC.
2025-12-07 20:27:30.857  9971-9971  anyname.UnoApp3         com.companyname.UnoApp3              W  Unexpected CPU variant for x86: x86_64.
                                                                                                    Known variants: atom, sandybridge, silvermont, goldmont, goldmont-plus, goldmont-without-sha-xsaves, tremont, kabylake, default
2025-12-07 20:27:32.094  9971-9971  nativeloader            com.companyname.UnoApp3              D  Load libframework-connectivity-tiramisu-jni.so using APEX ns com_android_tethering for caller /apex/com.android.tethering/javalib/framework-connectivity-t.jar: ok
2025-12-07 20:27:33.344  9971-9971  nativeloader            com.companyname.UnoApp3              D  Load libstats_jni.so using APEX ns com_android_os_statsd for caller /apex/com.android.os.statsd/javalib/framework-statsd.jar: ok
2025-12-07 20:27:33.625  9971-9971  ApplicationLoaders      com.companyname.UnoApp3              D  Returning zygote-cached class loader: /system_ext/framework/androidx.window.extensions.jar
2025-12-07 20:27:33.626  9971-9971  ApplicationLoaders      com.companyname.UnoApp3              D  Returning zygote-cached class loader: /system_ext/framework/androidx.window.sidecar.jar
2025-12-07 20:27:33.673  9971-9971  ziparchive              com.companyname.UnoApp3              W  Unable to open '/data/app/~~zhgSi9OMjul3zBWZR40trw==/com.companyname.UnoApp3-LsP6nt0YoTR5TqUV_BVl6A==/base.dm': No such file or directory
2025-12-07 20:27:33.673  9971-9971  ziparchive              com.companyname.UnoApp3              W  Unable to open '/data/app/~~zhgSi9OMjul3zBWZR40trw==/com.companyname.UnoApp3-LsP6nt0YoTR5TqUV_BVl6A==/base.dm': No such file or directory
2025-12-07 20:27:35.233  9971-9971  nativeloader            com.companyname.UnoApp3              D  Configuring clns-7 for other apk /data/app/~~zhgSi9OMjul3zBWZR40trw==/com.companyname.UnoApp3-LsP6nt0YoTR5TqUV_BVl6A==/base.apk. target_sdk_version=36, uses_libraries=, library_path=/data/app/~~zhgSi9OMjul3zBWZR40trw==/com.companyname.UnoApp3-LsP6nt0YoTR5TqUV_BVl6A==/lib/x86_64:/data/app/~~zhgSi9OMjul3zBWZR40trw==/com.companyname.UnoApp3-LsP6nt0YoTR5TqUV_BVl6A==/base.apk!/lib/x86_64, permitted_path=/data:/mnt/expand:/data/user/0/com.companyname.UnoApp3
2025-12-07 20:27:35.399  9971-9971  GraphicsEnvironment     com.companyname.UnoApp3              V  Currently set values for:
2025-12-07 20:27:35.426  9971-9971  GraphicsEnvironment     com.companyname.UnoApp3              V    angle_gl_driver_selection_pkgs=[]
2025-12-07 20:27:35.427  9971-9971  GraphicsEnvironment     com.companyname.UnoApp3              V    angle_gl_driver_selection_values=[]
2025-12-07 20:27:35.431  9971-9971  GraphicsEnvironment     com.companyname.UnoApp3              V  Global.Settings values are invalid: number of packages: 0, number of values: 0
2025-12-07 20:27:35.433  9971-9971  GraphicsEnvironment     com.companyname.UnoApp3              V  Neither updatable production driver nor prerelease driver is supported.
2025-12-07 20:27:36.110  9971-9971  nativeloader            com.companyname.UnoApp3              D  Load /data/app/~~zhgSi9OMjul3zBWZR40trw==/com.companyname.UnoApp3-LsP6nt0YoTR5TqUV_BVl6A==/lib/x86_64/libmonosgen-2.0.so using ns clns-7 from class loader (caller=/data/app/~~zhgSi9OMjul3zBWZR40trw==/com.companyname.UnoApp3-LsP6nt0YoTR5TqUV_BVl6A==/base.apk!classes2.dex): ok
2025-12-07 20:27:36.269  9971-9971  nativeloader            com.companyname.UnoApp3              D  Load /data/app/~~zhgSi9OMjul3zBWZR40trw==/com.companyname.UnoApp3-LsP6nt0YoTR5TqUV_BVl6A==/lib/x86_64/libxamarin-app.so using ns clns-7 from class loader (caller=/data/app/~~zhgSi9OMjul3zBWZR40trw==/com.companyname.UnoApp3-LsP6nt0YoTR5TqUV_BVl6A==/base.apk!classes2.dex): ok
2025-12-07 20:27:36.302  9971-9971  nativeloader            com.companyname.UnoApp3              D  Load /data/app/~~zhgSi9OMjul3zBWZR40trw==/com.companyname.UnoApp3-LsP6nt0YoTR5TqUV_BVl6A==/lib/x86_64/libmonodroid.so using ns clns-7 from class loader (caller=/data/app/~~zhgSi9OMjul3zBWZR40trw==/com.companyname.UnoApp3-LsP6nt0YoTR5TqUV_BVl6A==/base.apk!classes2.dex): ok
2025-12-07 20:27:36.358  9971-9971  monodroid               com.companyname.UnoApp3              W  Failed to create directory '/data/user/0/com.companyname.UnoApp3/files/.__override__/x86_64'. File exists
2025-12-07 20:27:36.362  9971-9971  monodroid               com.companyname.UnoApp3              W  Creating public update directory: `/data/user/0/com.companyname.UnoApp3/files/.__override__/x86_64`
2025-12-07 20:27:36.428  9971-9971  anyname.UnoApp3         com.companyname.UnoApp3              W  Attempt to remove non-JNI local reference
2025-12-07 20:27:36.457  9971-9971  monodroid               com.companyname.UnoApp3              W  runtime args empty
2025-12-07 20:27:36.999  9971-9971  nativeloader            com.companyname.UnoApp3              D  Load /data/app/~~zhgSi9OMjul3zBWZR40trw==/com.companyname.UnoApp3-LsP6nt0YoTR5TqUV_BVl6A==/lib/x86_64/libSystem.Security.Cryptography.Native.Android.so using ns clns-7 from class loader (caller=/data/app/~~zhgSi9OMjul3zBWZR40trw==/com.companyname.UnoApp3-LsP6nt0YoTR5TqUV_BVl6A==/base.apk!classes2.dex): ok
2025-12-07 20:27:37.012  9971-9971  DOTNET                  com.companyname.UnoApp3              D  AndroidCryptoNative_InitLibraryOnLoad: jint AndroidCryptoNative_InitLibraryOnLoad(JavaVM *, void *) in /__w/1/s/src/runtime/src/native/libs/System.Security.Cryptography.Native.Android/pal_jni.c
2025-12-07 20:27:37.119  9971-9971  DOTNET                  com.companyname.UnoApp3              D  GetOptionalClassGRef: optional class com/android/org/conscrypt/OpenSSLEngineImpl was not found
2025-12-07 20:27:37.242  9971-9971  nativeloader            com.companyname.UnoApp3              D  Load /data/app/~~zhgSi9OMjul3zBWZR40trw==/com.companyname.UnoApp3-LsP6nt0YoTR5TqUV_BVl6A==/lib/x86_64/libxamarin-debug-app-helper.so using ns clns-7 from class loader (caller=/data/app/~~zhgSi9OMjul3zBWZR40trw==/com.companyname.UnoApp3-LsP6nt0YoTR5TqUV_BVl6A==/base.apk!classes2.dex): ok
2025-12-07 20:27:37.245  9971-9971  monodroid-assembly      com.companyname.UnoApp3              W  open_from_bundles: failed to load bundled assembly UnoApp3.dll
2025-12-07 20:27:37.245  9971-9971  monodroid-assembly      com.companyname.UnoApp3              W  open_from_bundles: the assembly might have been uploaded to the device with FastDev instead
2025-12-07 20:27:37.326  9971-9971  monodroid-assembly      com.companyname.UnoApp3              W  open_from_bundles: failed to load bundled assembly Mono.Android.dll
2025-12-07 20:27:37.326  9971-9971  monodroid-assembly      com.companyname.UnoApp3              W  open_from_bundles: the assembly might have been uploaded to the device with FastDev instead
2025-12-07 20:27:37.335  9971-9971  monodroid-assembly      com.companyname.UnoApp3              W  open_from_bundles: failed to load bundled assembly System.Runtime.dll
2025-12-07 20:27:37.340  9971-9971  monodroid-assembly      com.companyname.UnoApp3              W  open_from_bundles: the assembly might have been uploaded to the device with FastDev instead
2025-12-07 20:27:37.342  9971-9971  monodroid-assembly      com.companyname.UnoApp3              W  open_from_bundles: failed to load bundled assembly Java.Interop.dll
2025-12-07 20:27:37.342  9971-9971  monodroid-assembly      com.companyname.UnoApp3              W  open_from_bundles: the assembly might have been uploaded to the device with FastDev instead
2025-12-07 20:27:37.367  9971-9971  monodroid-assembly      com.companyname.UnoApp3              W  open_from_bundles: failed to load bundled assembly System.Runtime.InteropServices.dll
2025-12-07 20:27:37.367  9971-9971  monodroid-assembly      com.companyname.UnoApp3              W  open_from_bundles: the assembly might have been uploaded to the device with FastDev instead
2025-12-07 20:27:37.503  9971-9971  monodroid-assembly      com.companyname.UnoApp3              W  open_from_bundles: failed to load bundled assembly Mono.Android.Runtime.dll
2025-12-07 20:27:37.503  9971-9971  monodroid-assembly      com.companyname.UnoApp3              W  open_from_bundles: the assembly might have been uploaded to the device with FastDev instead
2025-12-07 20:27:37.507  9971-9971  monodroid-assembly      com.companyname.UnoApp3              W  open_from_bundles: failed to load bundled assembly System.Collections.dll
2025-12-07 20:27:37.507  9971-9971  monodroid-assembly      com.companyname.UnoApp3              W  open_from_bundles: the assembly might have been uploaded to the device with FastDev instead
2025-12-07 20:27:37.515  9971-9971  monodroid-assembly      com.companyname.UnoApp3              W  open_from_bundles: failed to load bundled assembly System.Collections.Concurrent.dll
2025-12-07 20:27:37.515  9971-9971  monodroid-assembly      com.companyname.UnoApp3              W  open_from_bundles: the assembly might have been uploaded to the device with FastDev instead
2025-12-07 20:27:37.549  9971-9971  monodroid-assembly      com.companyname.UnoApp3              W  open_from_bundles: failed to load bundled assembly System.Threading.dll
2025-12-07 20:27:37.550  9971-9971  monodroid-assembly      com.companyname.UnoApp3              W  open_from_bundles: the assembly might have been uploaded to the device with FastDev instead
2025-12-07 20:27:38.491  9971-9971  monodroid-assembly      com.companyname.UnoApp3              W  open_from_bundles: failed to load bundled assembly System.Threading.Thread.dll
2025-12-07 20:27:38.491  9971-9971  monodroid-assembly      com.companyname.UnoApp3              W  open_from_bundles: the assembly might have been uploaded to the device with FastDev instead
2025-12-07 20:27:38.494  9971-9971  monodroid-assembly      com.companyname.UnoApp3              W  open_from_bundles: failed to load bundled assembly System.Diagnostics.StackTrace.dll
2025-12-07 20:27:38.495  9971-9971  monodroid-assembly      com.companyname.UnoApp3              W  open_from_bundles: the assembly might have been uploaded to the device with FastDev instead
2025-12-07 20:27:39.232  9971-9971  anyname.UnoApp3         com.companyname.UnoApp3              W  Attempt to remove non-JNI local reference
2025-12-07 20:27:39.239  9971-9971  monodroid-assembly      com.companyname.UnoApp3              W  open_from_bundles: failed to load bundled assembly Uno.UI.Runtime.Skia.Android.dll
2025-12-07 20:27:39.240  9971-9971  monodroid-assembly      com.companyname.UnoApp3              W  open_from_bundles: the assembly might have been uploaded to the device with FastDev instead
2025-12-07 20:27:39.343  9971-9971  monodroid-assembly      com.companyname.UnoApp3              W  open_from_bundles: failed to load bundled assembly System.Memory.dll
2025-12-07 20:27:39.344  9971-9971  monodroid-assembly      com.companyname.UnoApp3              W  open_from_bundles: the assembly might have been uploaded to the device with FastDev instead
2025-12-07 20:27:39.735  9971-9971  monodroid-assembly      com.companyname.UnoApp3              W  open_from_bundles: failed to load bundled assembly System.Console.dll
2025-12-07 20:27:39.735  9971-9971  monodroid-assembly      com.companyname.UnoApp3              W  open_from_bundles: the assembly might have been uploaded to the device with FastDev instead
2025-12-07 20:27:39.796  9971-9971  monodroid-assembly      com.companyname.UnoApp3              W  open_from_bundles: failed to load bundled assembly Uno.UI.dll
2025-12-07 20:27:39.799  9971-9971  monodroid-assembly      com.companyname.UnoApp3              W  open_from_bundles: the assembly might have been uploaded to the device with FastDev instead
2025-12-07 20:27:39.847  9971-9971  monodroid-assembly      com.companyname.UnoApp3              W  open_from_bundles: failed to load bundled assembly Uno.dll
2025-12-07 20:27:39.847  9971-9971  monodroid-assembly      com.companyname.UnoApp3              W  open_from_bundles: the assembly might have been uploaded to the device with FastDev instead
2025-12-07 20:27:39.883  9971-9971  monodroid-assembly      com.companyname.UnoApp3              W  open_from_bundles: failed to load bundled assembly Uno.Diagnostics.Eventing.dll
2025-12-07 20:27:39.883  9971-9971  monodroid-assembly      com.companyname.UnoApp3              W  open_from_bundles: the assembly might have been uploaded to the device with FastDev instead
2025-12-07 20:27:39.884  9971-9971  monodroid-assembly      com.companyname.UnoApp3              W  open_from_bundles: failed to load bundled assembly Uno.Foundation.dll
2025-12-07 20:27:39.885  9971-9971  monodroid-assembly      com.companyname.UnoApp3              W  open_from_bundles: the assembly might have been uploaded to the device with FastDev instead
2025-12-07 20:27:39.885  9971-9971  monodroid-assembly      com.companyname.UnoApp3              W  open_from_bundles: failed to load bundled assembly Uno.Foundation.Logging.dll
2025-12-07 20:27:39.886  9971-9971  monodroid-assembly      com.companyname.UnoApp3              W  open_from_bundles: the assembly might have been uploaded to the device with FastDev instead
2025-12-07 20:27:39.887  9971-9971  monodroid-assembly      com.companyname.UnoApp3              W  open_from_bundles: failed to load bundled assembly Uno.UI.Composition.dll
2025-12-07 20:27:39.887  9971-9971  monodroid-assembly      com.companyname.UnoApp3              W  open_from_bundles: the assembly might have been uploaded to the device with FastDev instead
2025-12-07 20:27:40.533  9971-9971  monodroid-assembly      com.companyname.UnoApp3              W  open_from_bundles: failed to load bundled assembly Xamarin.AndroidX.AppCompat.dll
2025-12-07 20:27:40.542  9971-9971  monodroid-assembly      com.companyname.UnoApp3              W  open_from_bundles: the assembly might have been uploaded to the device with FastDev instead
2025-12-07 20:27:40.543  9971-9971  monodroid-assembly      com.companyname.UnoApp3              W  open_from_bundles: failed to load bundled assembly Xamarin.AndroidX.Fragment.dll
2025-12-07 20:27:40.543  9971-9971  monodroid-assembly      com.companyname.UnoApp3              W  open_from_bundles: the assembly might have been uploaded to the device with FastDev instead
2025-12-07 20:27:40.553  9971-9971  monodroid-assembly      com.companyname.UnoApp3              W  open_from_bundles: failed to load bundled assembly Xamarin.AndroidX.Activity.dll
2025-12-07 20:27:40.553  9971-9971  monodroid-assembly      com.companyname.UnoApp3              W  open_from_bundles: the assembly might have been uploaded to the device with FastDev instead
2025-12-07 20:27:40.554  9971-9971  monodroid-assembly      com.companyname.UnoApp3              W  open_from_bundles: failed to load bundled assembly Xamarin.AndroidX.Core.dll
2025-12-07 20:27:40.554  9971-9971  monodroid-assembly      com.companyname.UnoApp3              W  open_from_bundles: the assembly might have been uploaded to the device with FastDev instead
2025-12-07 20:27:40.555  9971-9971  monodroid-assembly      com.companyname.UnoApp3              W  open_from_bundles: failed to load bundled assembly Xamarin.AndroidX.Lifecycle.Common.Jvm.dll
2025-12-07 20:27:40.555  9971-9971  monodroid-assembly      com.companyname.UnoApp3              W  open_from_bundles: the assembly might have been uploaded to the device with FastDev instead
2025-12-07 20:27:40.571  9971-9971  monodroid-assembly      com.companyname.UnoApp3              W  open_from_bundles: failed to load bundled assembly Xamarin.AndroidX.Lifecycle.ViewModel.Android.dll
2025-12-07 20:27:40.571  9971-9971  monodroid-assembly      com.companyname.UnoApp3              W  open_from_bundles: the assembly might have been uploaded to the device with FastDev instead
2025-12-07 20:27:40.575  9971-9971  monodroid-assembly      com.companyname.UnoApp3              W  open_from_bundles: failed to load bundled assembly Xamarin.AndroidX.SavedState.SavedState.Android.dll
2025-12-07 20:27:40.575  9971-9971  monodroid-assembly      com.companyname.UnoApp3              W  open_from_bundles: the assembly might have been uploaded to the device with FastDev instead
2025-12-07 20:27:40.576  9971-9971  monodroid-assembly      com.companyname.UnoApp3              W  open_from_bundles: failed to load bundled assembly Xamarin.AndroidX.DrawerLayout.dll
2025-12-07 20:27:40.576  9971-9971  monodroid-assembly      com.companyname.UnoApp3              W  open_from_bundles: the assembly might have been uploaded to the device with FastDev instead
2025-12-07 20:27:40.581  9971-9971  monodroid-assembly      com.companyname.UnoApp3              W  open_from_bundles: failed to load bundled assembly Xamarin.AndroidX.CustomView.dll
2025-12-07 20:27:40.581  9971-9971  monodroid-assembly      com.companyname.UnoApp3              W  open_from_bundles: the assembly might have been uploaded to the device with FastDev instead
2025-12-07 20:27:40.596  9971-9971  monodroid-assembly      com.companyname.UnoApp3              W  open_from_bundles: failed to load bundled assembly Xamarin.AndroidX.Loader.dll
2025-12-07 20:27:40.597  9971-9971  monodroid-assembly      com.companyname.UnoApp3              W  open_from_bundles: the assembly might have been uploaded to the device with FastDev instead
2025-12-07 20:27:41.142  9971-9971  AppCompatDelegate       com.companyname.UnoApp3              D  Checking for metadata for AppLocalesMetadataHolderService : Service not found
2025-12-07 20:27:41.287  9971-9971  monodroid-assembly      com.companyname.UnoApp3              W  open_from_bundles: failed to load bundled assembly Xamarin.AndroidX.Core.SplashScreen.dll
2025-12-07 20:27:41.288  9971-9971  monodroid-assembly      com.companyname.UnoApp3              W  open_from_bundles: the assembly might have been uploaded to the device with FastDev instead
2025-12-07 20:27:41.564  9971-9971  monodroid-assembly      com.companyname.UnoApp3              W  open_from_bundles: failed to load bundled assembly Xamarin.Kotlin.StdLib.dll
2025-12-07 20:27:41.564  9971-9971  monodroid-assembly      com.companyname.UnoApp3              W  open_from_bundles: the assembly might have been uploaded to the device with FastDev instead
2025-12-07 20:27:41.574  9971-9971  monodroid-assembly      com.companyname.UnoApp3              W  open_from_bundles: failed to load bundled assembly Uno.UI.Dispatching.dll
2025-12-07 20:27:41.577  9971-9971  monodroid-assembly      com.companyname.UnoApp3              W  open_from_bundles: the assembly might have been uploaded to the device with FastDev instead
2025-12-07 20:27:42.128  9971-9971  monodroid-assembly      com.companyname.UnoApp3              W  open_from_bundles: failed to load bundled assembly System.Runtime.Loader.dll
2025-12-07 20:27:42.128  9971-9971  monodroid-assembly      com.companyname.UnoApp3              W  open_from_bundles: the assembly might have been uploaded to the device with FastDev instead
2025-12-07 20:27:42.219  9971-9971  monodroid-assembly      com.companyname.UnoApp3              W  open_from_bundles: failed to load bundled assembly System.Collections.Immutable.dll
2025-12-07 20:27:42.219  9971-9971  monodroid-assembly      com.companyname.UnoApp3              W  open_from_bundles: the assembly might have been uploaded to the device with FastDev instead
2025-12-07 20:27:42.472  9971-9971  monodroid-assembly      com.companyname.UnoApp3              W  open_from_bundles: failed to load bundled assembly System.Xml.ReaderWriter.dll
2025-12-07 20:27:42.472  9971-9971  monodroid-assembly      com.companyname.UnoApp3              W  open_from_bundles: the assembly might have been uploaded to the device with FastDev instead
2025-12-07 20:27:42.474  9971-9971  monodroid-assembly      com.companyname.UnoApp3              W  open_from_bundles: failed to load bundled assembly System.Private.Xml.dll
2025-12-07 20:27:42.474  9971-9971  monodroid-assembly      com.companyname.UnoApp3              W  open_from_bundles: the assembly might have been uploaded to the device with FastDev instead
2025-12-07 20:27:42.696  9971-9971  monodroid-assembly      com.companyname.UnoApp3              W  open_from_bundles: failed to load bundled assembly SkiaSharp.dll
2025-12-07 20:27:42.697  9971-9971  monodroid-assembly      com.companyname.UnoApp3              W  open_from_bundles: the assembly might have been uploaded to the device with FastDev instead
2025-12-07 20:27:42.712  9971-9971  monodroid-assembly      com.companyname.UnoApp3              W  open_from_bundles: failed to load bundled assembly System.Private.Uri.dll
2025-12-07 20:27:42.712  9971-9971  monodroid-assembly      com.companyname.UnoApp3              W  open_from_bundles: the assembly might have been uploaded to the device with FastDev instead
2025-12-07 20:27:42.723  9971-9971  monodroid-assembly      com.companyname.UnoApp3              W  open_from_bundles: failed to load bundled assembly Microsoft.Extensions.Hosting.Abstractions.dll
2025-12-07 20:27:42.723  9971-9971  monodroid-assembly      com.companyname.UnoApp3              W  open_from_bundles: the assembly might have been uploaded to the device with FastDev instead
2025-12-07 20:27:42.745  9971-9971  monodroid-assembly      com.companyname.UnoApp3              W  open_from_bundles: failed to load bundled assembly System.Numerics.Vectors.dll
2025-12-07 20:27:42.745  9971-9971  monodroid-assembly      com.companyname.UnoApp3              W  open_from_bundles: the assembly might have been uploaded to the device with FastDev instead
2025-12-07 20:27:42.750  9971-9971  monodroid-assembly      com.companyname.UnoApp3              W  open_from_bundles: failed to load bundled assembly System.ObjectModel.dll
2025-12-07 20:27:42.751  9971-9971  monodroid-assembly      com.companyname.UnoApp3              W  open_from_bundles: the assembly might have been uploaded to the device with FastDev instead
2025-12-07 20:27:42.753  9971-9971  monodroid-assembly      com.companyname.UnoApp3              W  open_from_bundles: failed to load bundled assembly System.Text.RegularExpressions.dll
2025-12-07 20:27:42.753  9971-9971  monodroid-assembly      com.companyname.UnoApp3              W  open_from_bundles: the assembly might have been uploaded to the device with FastDev instead
2025-12-07 20:27:42.851  9971-9971  monodroid-assembly      com.companyname.UnoApp3              W  open_from_bundles: failed to load bundled assembly System.Linq.dll
2025-12-07 20:27:42.851  9971-9971  monodroid-assembly      com.companyname.UnoApp3              W  open_from_bundles: the assembly might have been uploaded to the device with FastDev instead
2025-12-07 20:27:43.072  9971-9971  monodroid-assembly      com.companyname.UnoApp3              W  open_from_bundles: failed to load bundled assembly Uno.UI.RemoteControl.dll
2025-12-07 20:27:43.072  9971-9971  monodroid-assembly      com.companyname.UnoApp3              W  open_from_bundles: the assembly might have been uploaded to the device with FastDev instead
2025-12-07 20:27:43.074  9971-9971  monodroid-assembly      com.companyname.UnoApp3              W  open_from_bundles: failed to load bundled assembly Uno.UI.RemoteControl.Messaging.dll
2025-12-07 20:27:43.076  9971-9971  monodroid-assembly      com.companyname.UnoApp3              W  open_from_bundles: the assembly might have been uploaded to the device with FastDev instead
2025-12-07 20:27:43.142  9971-9971  monodroid-assembly      com.companyname.UnoApp3              W  open_from_bundles: failed to load bundled assembly netstandard.dll
2025-12-07 20:27:43.142  9971-9971  monodroid-assembly      com.companyname.UnoApp3              W  open_from_bundles: the assembly might have been uploaded to the device with FastDev instead
2025-12-07 20:27:43.148  9971-9971  monodroid-assembly      com.companyname.UnoApp3              W  open_from_bundles: failed to load bundled assembly Microsoft.Extensions.Logging.Abstractions.dll
2025-12-07 20:27:43.149  9971-9971  monodroid-assembly      com.companyname.UnoApp3              W  open_from_bundles: the assembly might have been uploaded to the device with FastDev instead
2025-12-07 20:27:43.150  9971-9971  monodroid-assembly      com.companyname.UnoApp3              W  open_from_bundles: failed to load bundled assembly Uno.Extensions.Configuration.dll
2025-12-07 20:27:43.151  9971-9971  monodroid-assembly      com.companyname.UnoApp3              W  open_from_bundles: the assembly might have been uploaded to the device with FastDev instead
2025-12-07 20:27:43.200  9971-9971  monodroid-assembly      com.companyname.UnoApp3              W  open_from_bundles: failed to load bundled assembly Microsoft.Extensions.DependencyInjection.Abstractions.dll
2025-12-07 20:27:43.204  9971-9971  monodroid-assembly      com.companyname.UnoApp3              W  open_from_bundles: the assembly might have been uploaded to the device with FastDev instead
2025-12-07 20:27:43.210  9971-9971  monodroid-assembly      com.companyname.UnoApp3              W  open_from_bundles: failed to load bundled assembly Uno.Extensions.Authentication.dll
2025-12-07 20:27:43.211  9971-9971  monodroid-assembly      com.companyname.UnoApp3              W  open_from_bundles: the assembly might have been uploaded to the device with FastDev instead
2025-12-07 20:27:43.215  9971-9971  monodroid-assembly      com.companyname.UnoApp3              W  open_from_bundles: failed to load bundled assembly Uno.UI.FluentTheme.v2.dll
2025-12-07 20:27:43.217  9971-9971  monodroid-assembly      com.companyname.UnoApp3              W  open_from_bundles: the assembly might have been uploaded to the device with FastDev instead
2025-12-07 20:27:43.218  9971-9971  monodroid-assembly      com.companyname.UnoApp3              W  open_from_bundles: failed to load bundled assembly Uno.Toolkit.WinUI.Material.dll
2025-12-07 20:27:43.218  9971-9971  monodroid-assembly      com.companyname.UnoApp3              W  open_from_bundles: the assembly might have been uploaded to the device with FastDev instead
2025-12-07 20:27:43.559  9971-9971  monodroid-assembly      com.companyname.UnoApp3              W  open_from_bundles: failed to load bundled assembly Uno.UI.HotDesign.Client.dll
2025-12-07 20:27:43.563  9971-9971  monodroid-assembly      com.companyname.UnoApp3              W  open_from_bundles: the assembly might have been uploaded to the device with FastDev instead
2025-12-07 20:27:43.784  9971-9971  monodroid-assembly      com.companyname.UnoApp3              W  open_from_bundles: failed to load bundled assembly System.Runtime.InteropServices.JavaScript.dll
2025-12-07 20:27:43.787  9971-9971  monodroid-assembly      com.companyname.UnoApp3              W  open_from_bundles: the assembly might have been uploaded to the device with FastDev instead
2025-12-07 20:27:43.791  9971-9971  monodroid-assembly      com.companyname.UnoApp3              W  open_from_bundles: failed to load bundled assembly System.Net.WebSockets.dll
2025-12-07 20:27:43.791  9971-9971  monodroid-assembly      com.companyname.UnoApp3              W  open_from_bundles: the assembly might have been uploaded to the device with FastDev instead
2025-12-07 20:27:43.893  9971-9971  monodroid-assembly      com.companyname.UnoApp3              W  open_from_bundles: failed to load bundled assembly System.Net.WebSockets.Client.dll
2025-12-07 20:27:43.893  9971-9971  monodroid-assembly      com.companyname.UnoApp3              W  open_from_bundles: the assembly might have been uploaded to the device with FastDev instead
2025-12-07 20:27:43.901  9971-9971  monodroid-assembly      com.companyname.UnoApp3              W  open_from_bundles: failed to load bundled assembly System.Net.Http.dll
2025-12-07 20:27:43.902  9971-9971  monodroid-assembly      com.companyname.UnoApp3              W  open_from_bundles: the assembly might have been uploaded to the device with FastDev instead
2025-12-07 20:27:43.905  9971-9971  monodroid-assembly      com.companyname.UnoApp3              W  open_from_bundles: failed to load bundled assembly System.Net.Primitives.dll
2025-12-07 20:27:43.905  9971-9971  monodroid-assembly      com.companyname.UnoApp3              W  open_from_bundles: the assembly might have been uploaded to the device with FastDev instead
2025-12-07 20:27:43.912  9971-9971  monodroid-assembly      com.companyname.UnoApp3              W  open_from_bundles: failed to load bundled assembly System.Net.Security.dll
2025-12-07 20:27:43.912  9971-9971  monodroid-assembly      com.companyname.UnoApp3              W  open_from_bundles: the assembly might have been uploaded to the device with FastDev instead
2025-12-07 20:27:43.915  9971-9971  monodroid-assembly      com.companyname.UnoApp3              W  open_from_bundles: failed to load bundled assembly System.Security.Cryptography.dll
2025-12-07 20:27:43.915  9971-9971  monodroid-assembly      com.companyname.UnoApp3              W  open_from_bundles: the assembly might have been uploaded to the device with FastDev instead
2025-12-07 20:27:43.935  9971-9971  monodroid-assembly      com.companyname.UnoApp3              W  open_from_bundles: failed to load bundled assembly System.Collections.NonGeneric.dll
2025-12-07 20:27:43.935  9971-9971  monodroid-assembly      com.companyname.UnoApp3              W  open_from_bundles: the assembly might have been uploaded to the device with FastDev instead
2025-12-07 20:27:43.951  9971-9971  monodroid-assembly      com.companyname.UnoApp3              W  open_from_bundles: failed to load bundled assembly System.Net.WebHeaderCollection.dll
2025-12-07 20:27:43.951  9971-9971  monodroid-assembly      com.companyname.UnoApp3              W  open_from_bundles: the assembly might have been uploaded to the device with FastDev instead
2025-12-07 20:27:43.952  9971-9971  monodroid-assembly      com.companyname.UnoApp3              W  open_from_bundles: failed to load bundled assembly System.Collections.Specialized.dll
2025-12-07 20:27:43.952  9971-9971  monodroid-assembly      com.companyname.UnoApp3              W  open_from_bundles: the assembly might have been uploaded to the device with FastDev instead
2025-12-07 20:27:43.997  9971-9971  monodroid-assembly      com.companyname.UnoApp3              W  open_from_bundles: failed to load bundled assembly Microsoft.Win32.Primitives.dll
2025-12-07 20:27:43.997  9971-9971  monodroid-assembly      com.companyname.UnoApp3              W  open_from_bundles: the assembly might have been uploaded to the device with FastDev instead
2025-12-07 20:27:44.049  9971-9971  monodroid-assembly      com.companyname.UnoApp3              W  open_from_bundles: failed to load bundled assembly System.Diagnostics.DiagnosticSource.dll
2025-12-07 20:27:44.049  9971-9971  monodroid-assembly      com.companyname.UnoApp3              W  open_from_bundles: the assembly might have been uploaded to the device with FastDev instead
2025-12-07 20:27:44.101  9971-9971  monodroid-assembly      com.companyname.UnoApp3              W  open_from_bundles: failed to load bundled assembly System.Diagnostics.Tracing.dll
2025-12-07 20:27:44.103  9971-9971  monodroid-assembly      com.companyname.UnoApp3              W  open_from_bundles: the assembly might have been uploaded to the device with FastDev instead
2025-12-07 20:27:44.845  9971-9993  monodroid-assembly      com.companyname.UnoApp3              W  open_from_bundles: failed to load bundled assembly System.Net.Quic.dll
2025-12-07 20:27:44.848  9971-9993  monodroid-assembly      com.companyname.UnoApp3              W  open_from_bundles: the assembly might have been uploaded to the device with FastDev instead
2025-12-07 20:27:44.853  9971-9996  monodroid-assembly      com.companyname.UnoApp3              W  open_from_bundles: failed to load bundled assembly System.Net.Quic.dll
2025-12-07 20:27:44.853  9971-9996  monodroid-assembly      com.companyname.UnoApp3              W  open_from_bundles: the assembly might have been uploaded to the device with FastDev instead
2025-12-07 20:27:44.855  9971-9993  monodroid-assembly      com.companyname.UnoApp3              W  open_from_bundles: failed to load bundled assembly System.Threading.Channels.dll
2025-12-07 20:27:44.858  9971-9993  monodroid-assembly      com.companyname.UnoApp3              W  open_from_bundles: the assembly might have been uploaded to the device with FastDev instead
2025-12-07 20:27:44.863  9971-9996  monodroid-assembly      com.companyname.UnoApp3              W  open_from_bundles: failed to load bundled assembly System.Threading.Channels.dll
2025-12-07 20:27:44.868  9971-9996  monodroid-assembly      com.companyname.UnoApp3              W  open_from_bundles: the assembly might have been uploaded to the device with FastDev instead
2025-12-07 20:27:45.025  9971-9993  monodroid-assembly      com.companyname.UnoApp3              W  open_from_bundles: failed to load bundled assembly System.Net.Sockets.dll
2025-12-07 20:27:45.027  9971-9996  monodroid-assembly      com.companyname.UnoApp3              W  open_from_bundles: failed to load bundled assembly System.Net.Sockets.dll
2025-12-07 20:27:45.028  9971-9996  monodroid-assembly      com.companyname.UnoApp3              W  open_from_bundles: the assembly might have been uploaded to the device with FastDev instead
2025-12-07 20:27:45.030  9971-9993  monodroid-assembly      com.companyname.UnoApp3              W  open_from_bundles: the assembly might have been uploaded to the device with FastDev instead
2025-12-07 20:27:45.048  9971-9996  monodroid-assembly      com.companyname.UnoApp3              W  open_from_bundles: failed to load bundled assembly System.Runtime.Intrinsics.dll
2025-12-07 20:27:45.051  9971-9996  monodroid-assembly      com.companyname.UnoApp3              W  open_from_bundles: the assembly might have been uploaded to the device with FastDev instead
2025-12-07 20:27:45.106  9971-9993  monodroid-assembly      com.companyname.UnoApp3              W  open_from_bundles: failed to load bundled assembly System.Threading.ThreadPool.dll
2025-12-07 20:27:45.107  9971-9993  monodroid-assembly      com.companyname.UnoApp3              W  open_from_bundles: the assembly might have been uploaded to the device with FastDev instead
2025-12-07 20:27:45.161  9971-9993  monodroid-assembly      com.companyname.UnoApp3              W  open_from_bundles: failed to load bundled assembly System.Net.NameResolution.dll
2025-12-07 20:27:45.162  9971-9993  monodroid-assembly      com.companyname.UnoApp3              W  open_from_bundles: the assembly might have been uploaded to the device with FastDev instead
2025-12-07 20:27:45.163  9971-9996  monodroid-assembly      com.companyname.UnoApp3              W  open_from_bundles: failed to load bundled assembly System.Net.NameResolution.dll
2025-12-07 20:27:45.168  9971-9996  monodroid-assembly      com.companyname.UnoApp3              W  open_from_bundles: the assembly might have been uploaded to the device with FastDev instead
2025-12-07 20:27:45.826  9971-9971  monodroid-assembly      com.companyname.UnoApp3              W  open_from_bundles: failed to load bundled assembly Uno.UI.HotDesign.Xaml.Interactions.dll
2025-12-07 20:27:45.830  9971-9971  monodroid-assembly      com.companyname.UnoApp3              W  open_from_bundles: the assembly might have been uploaded to the device with FastDev instead
2025-12-07 20:27:46.143  9971-9971  monodroid-assembly      com.companyname.UnoApp3              W  open_from_bundles: failed to load bundled assembly Uno.UI.HotDesign.Xaml.Interactivity.dll
2025-12-07 20:27:46.144  9971-9971  monodroid-assembly      com.companyname.UnoApp3              W  open_from_bundles: the assembly might have been uploaded to the device with FastDev instead
2025-12-07 20:27:46.703  9971-9993  monodroid-assembly      com.companyname.UnoApp3              W  open_from_bundles: failed to load bundled assembly System.Text.Encoding.Extensions.dll
2025-12-07 20:27:46.706  9971-9993  monodroid-assembly      com.companyname.UnoApp3              W  open_from_bundles: the assembly might have been uploaded to the device with FastDev instead
2025-12-07 20:27:46.874  9971-9971  monodroid-assembly      com.companyname.UnoApp3              W  open_from_bundles: failed to load bundled assembly SkiaSharp.Views.Windows.dll
2025-12-07 20:27:46.874  9971-9971  monodroid-assembly      com.companyname.UnoApp3              W  open_from_bundles: the assembly might have been uploaded to the device with FastDev instead
2025-12-07 20:27:46.989  9971-9971  monodroid-assembly      com.companyname.UnoApp3              W  open_from_bundles: failed to load bundled assembly Uno.AI.XamlGeneration.Contracts.dll
2025-12-07 20:27:46.991  9971-9971  monodroid-assembly      com.companyname.UnoApp3              W  open_from_bundles: the assembly might have been uploaded to the device with FastDev instead
2025-12-07 20:27:47.001  9971-9971  monodroid-assembly      com.companyname.UnoApp3              W  open_from_bundles: failed to load bundled assembly Uno.Extensions.Authentication.UI.dll
2025-12-07 20:27:47.002  9971-9971  monodroid-assembly      com.companyname.UnoApp3              W  open_from_bundles: the assembly might have been uploaded to the device with FastDev instead
2025-12-07 20:27:47.005  9971-9971  monodroid-assembly      com.companyname.UnoApp3              W  open_from_bundles: failed to load bundled assembly Uno.Extensions.Core.UI.dll
2025-12-07 20:27:47.006  9971-9971  monodroid-assembly      com.companyname.UnoApp3              W  open_from_bundles: the assembly might have been uploaded to the device with FastDev instead
2025-12-07 20:27:47.033  9971-9971  monodroid-assembly      com.companyname.UnoApp3              W  open_from_bundles: failed to load bundled assembly Uno.Extensions.Hosting.WinUI.dll
2025-12-07 20:27:47.034  9971-9971  monodroid-assembly      com.companyname.UnoApp3              W  open_from_bundles: the assembly might have been uploaded to the device with FastDev instead
2025-12-07 20:27:47.042  9971-9971  monodroid-assembly      com.companyname.UnoApp3              W  open_from_bundles: failed to load bundled assembly Uno.Extensions.Http.WinUI.dll
2025-12-07 20:27:47.042  9971-9971  monodroid-assembly      com.companyname.UnoApp3              W  open_from_bundles: the assembly might have been uploaded to the device with FastDev instead
2025-12-07 20:27:47.043  9971-9971  monodroid-assembly      com.companyname.UnoApp3              W  open_from_bundles: failed to load bundled assembly Uno.Extensions.Localization.WinUI.dll
2025-12-07 20:27:47.045  9971-9971  monodroid-assembly      com.companyname.UnoApp3              W  open_from_bundles: the assembly might have been uploaded to the device with FastDev instead
2025-12-07 20:27:47.046  9971-9971  monodroid-assembly      com.companyname.UnoApp3              W  open_from_bundles: failed to load bundled assembly Uno.Extensions.Logging.Serilog.dll
2025-12-07 20:27:47.046  9971-9971  monodroid-assembly      com.companyname.UnoApp3              W  open_from_bundles: the assembly might have been uploaded to the device with FastDev instead
2025-12-07 20:27:47.047  9971-9971  monodroid-assembly      com.companyname.UnoApp3              W  open_from_bundles: failed to load bundled assembly Uno.Extensions.Logging.WinUI.dll
2025-12-07 20:27:47.047  9971-9971  monodroid-assembly      com.companyname.UnoApp3              W  open_from_bundles: the assembly might have been uploaded to the device with FastDev instead
2025-12-07 20:27:47.234  9971-9971  monodroid-assembly      com.companyname.UnoApp3              W  open_from_bundles: failed to load bundled assembly Uno.Extensions.Navigation.Toolkit.UI.dll
2025-12-07 20:27:47.234  9971-9971  monodroid-assembly      com.companyname.UnoApp3              W  open_from_bundles: the assembly might have been uploaded to the device with FastDev instead
2025-12-07 20:27:47.235  9971-9971  monodroid-assembly      com.companyname.UnoApp3              W  open_from_bundles: failed to load bundled assembly Uno.Extensions.Navigation.UI.dll
2025-12-07 20:27:47.235  9971-9971  monodroid-assembly      com.companyname.UnoApp3              W  open_from_bundles: the assembly might have been uploaded to the device with FastDev instead
2025-12-07 20:27:47.237  9971-9971  monodroid-assembly      com.companyname.UnoApp3              W  open_from_bundles: failed to load bundled assembly Uno.Extensions.Storage.UI.dll
2025-12-07 20:27:47.237  9971-9971  monodroid-assembly      com.companyname.UnoApp3              W  open_from_bundles: the assembly might have been uploaded to the device with FastDev instead
2025-12-07 20:27:47.237  9971-9971  monodroid-assembly      com.companyname.UnoApp3              W  open_from_bundles: failed to load bundled assembly Uno.Material.WinUI.dll
2025-12-07 20:27:47.238  9971-9971  monodroid-assembly      com.companyname.UnoApp3              W  open_from_bundles: the assembly might have been uploaded to the device with FastDev instead
2025-12-07 20:27:47.239  9971-9971  monodroid-assembly      com.companyname.UnoApp3              W  open_from_bundles: failed to load bundled assembly Uno.Themes.WinUI.dll
2025-12-07 20:27:47.239  9971-9971  monodroid-assembly      com.companyname.UnoApp3              W  open_from_bundles: the assembly might have been uploaded to the device with FastDev instead
2025-12-07 20:27:47.240  9971-9971  monodroid-assembly      com.companyname.UnoApp3              W  open_from_bundles: failed to load bundled assembly Uno.Toolkit.WinUI.dll
2025-12-07 20:27:47.241  9971-9971  monodroid-assembly      com.companyname.UnoApp3              W  open_from_bundles: the assembly might have been uploaded to the device with FastDev instead
2025-12-07 20:27:47.242  9971-9971  monodroid-assembly      com.companyname.UnoApp3              W  open_from_bundles: failed to load bundled assembly Uno.UI.App.Mcp.Client.dll
2025-12-07 20:27:47.242  9971-9971  monodroid-assembly      com.companyname.UnoApp3              W  open_from_bundles: the assembly might have been uploaded to the device with FastDev instead
2025-12-07 20:27:47.244  9971-9971  monodroid-assembly      com.companyname.UnoApp3              W  open_from_bundles: failed to load bundled assembly Uno.UI.HotDesign.Chat.dll
2025-12-07 20:27:47.244  9971-9971  monodroid-assembly      com.companyname.UnoApp3              W  open_from_bundles: the assembly might have been uploaded to the device with FastDev instead
2025-12-07 20:27:47.245  9971-9971  monodroid-assembly      com.companyname.UnoApp3              W  open_from_bundles: failed to load bundled assembly Uno.UI.HotDesign.Client.Core.dll
2025-12-07 20:27:47.246  9971-9971  monodroid-assembly      com.companyname.UnoApp3              W  open_from_bundles: the assembly might have been uploaded to the device with FastDev instead
2025-12-07 20:27:47.247  9971-9971  monodroid-assembly      com.companyname.UnoApp3              W  open_from_bundles: failed to load bundled assembly Uno.UI.HotDesign.CommunityToolkit.dll
2025-12-07 20:27:47.247  9971-9971  monodroid-assembly      com.companyname.UnoApp3              W  open_from_bundles: the assembly might have been uploaded to the device with FastDev instead
2025-12-07 20:27:47.248  9971-9971  monodroid-assembly      com.companyname.UnoApp3              W  open_from_bundles: failed to load bundled assembly Uno.UI.HotDesign.dll
2025-12-07 20:27:47.248  9971-9971  monodroid-assembly      com.companyname.UnoApp3              W  open_from_bundles: the assembly might have been uploaded to the device with FastDev instead
2025-12-07 20:27:47.249  9971-9971  monodroid-assembly      com.companyname.UnoApp3              W  open_from_bundles: failed to load bundled assembly Uno.UI.HotDesign.Hierarchy.dll
2025-12-07 20:27:47.250  9971-9971  monodroid-assembly      com.companyname.UnoApp3              W  open_from_bundles: the assembly might have been uploaded to the device with FastDev instead
2025-12-07 20:27:47.251  9971-9971  monodroid-assembly      com.companyname.UnoApp3              W  open_from_bundles: failed to load bundled assembly Uno.UI.HotDesign.PropertyGrid.dll
2025-12-07 20:27:47.251  9971-9971  monodroid-assembly      com.companyname.UnoApp3              W  open_from_bundles: the assembly might have been uploaded to the device with FastDev instead
2025-12-07 20:27:47.253  9971-9971  monodroid-assembly      com.companyname.UnoApp3              W  open_from_bundles: failed to load bundled assembly Uno.UI.HotDesign.Stories.dll
2025-12-07 20:27:47.253  9971-9971  monodroid-assembly      com.companyname.UnoApp3              W  open_from_bundles: the assembly might have been uploaded to the device with FastDev instead
2025-12-07 20:27:47.254  9971-9971  monodroid-assembly      com.companyname.UnoApp3              W  open_from_bundles: failed to load bundled assembly Uno.UI.HotDesign.Toolbox.dll
2025-12-07 20:27:47.254  9971-9971  monodroid-assembly      com.companyname.UnoApp3              W  open_from_bundles: the assembly might have been uploaded to the device with FastDev instead
2025-12-07 20:27:47.256  9971-9971  monodroid-assembly      com.companyname.UnoApp3              W  open_from_bundles: failed to load bundled assembly Uno.UI.Lottie.dll
2025-12-07 20:27:47.256  9971-9971  monodroid-assembly      com.companyname.UnoApp3              W  open_from_bundles: the assembly might have been uploaded to the device with FastDev instead
2025-12-07 20:27:47.257  9971-9971  monodroid-assembly      com.companyname.UnoApp3              W  open_from_bundles: failed to load bundled assembly Uno.UI.Toolkit.dll
2025-12-07 20:27:47.257  9971-9971  monodroid-assembly      com.companyname.UnoApp3              W  open_from_bundles: the assembly might have been uploaded to the device with FastDev instead
2025-12-07 20:27:47.258  9971-9971  monodroid-assembly      com.companyname.UnoApp3              W  open_from_bundles: failed to load bundled assembly Uno.WinUI.Graphics2DSK.dll
2025-12-07 20:27:47.269  9971-9971  monodroid-assembly      com.companyname.UnoApp3              W  open_from_bundles: the assembly might have been uploaded to the device with FastDev instead
2025-12-07 20:27:47.753  9971-9971  monodroid-assembly      com.companyname.UnoApp3              W  open_from_bundles: failed to load bundled assembly Uno.Core.Extensions.Disposables.dll
2025-12-07 20:27:47.758  9971-9971  monodroid-assembly      com.companyname.UnoApp3              W  open_from_bundles: the assembly might have been uploaded to the device with FastDev instead
2025-12-07 20:27:47.876  9971-9971  monodroid-assembly      com.companyname.UnoApp3              W  open_from_bundles: failed to load bundled assembly Uno.UI.HotDesign.Xaml.dll
2025-12-07 20:27:47.879  9971-9971  monodroid-assembly      com.companyname.UnoApp3              W  open_from_bundles: the assembly might have been uploaded to the device with FastDev instead
2025-12-07 20:27:48.505  9971-9971  monodroid-assembly      com.companyname.UnoApp3              W  open_from_bundles: failed to load bundled assembly System.Text.Json.dll
2025-12-07 20:27:48.505  9971-9971  monodroid-assembly      com.companyname.UnoApp3              W  open_from_bundles: the assembly might have been uploaded to the device with FastDev instead
2025-12-07 20:27:48.526  9971-9971  monodroid-assembly      com.companyname.UnoApp3              W  open_from_bundles: failed to load bundled assembly Uno.UI.HotDesign.Messaging.dll
2025-12-07 20:27:48.528  9971-9971  monodroid-assembly      com.companyname.UnoApp3              W  open_from_bundles: the assembly might have been uploaded to the device with FastDev instead
2025-12-07 20:27:48.530  9971-9971  monodroid-assembly      com.companyname.UnoApp3              W  open_from_bundles: failed to load bundled assembly Uno.UI.HotDesign.Abstractions.dll
2025-12-07 20:27:48.530  9971-9971  monodroid-assembly      com.companyname.UnoApp3              W  open_from_bundles: the assembly might have been uploaded to the device with FastDev instead
2025-12-07 20:27:48.539  9971-9971  monodroid-assembly      com.companyname.UnoApp3              W  open_from_bundles: failed to load bundled assembly System.Text.Encodings.Web.dll
2025-12-07 20:27:48.557  9971-9971  monodroid-assembly      com.companyname.UnoApp3              W  open_from_bundles: the assembly might have been uploaded to the device with FastDev instead
2025-12-07 20:27:49.470  9971-9971  monodroid-assembly      com.companyname.UnoApp3              W  open_from_bundles: failed to load bundled assembly CommunityToolkit.Mvvm.dll
2025-12-07 20:27:49.471  9971-9971  monodroid-assembly      com.companyname.UnoApp3              W  open_from_bundles: the assembly might have been uploaded to the device with FastDev instead
2025-12-07 20:27:49.537  9971-9971  monodroid-assembly      com.companyname.UnoApp3              W  open_from_bundles: failed to load bundled assembly Uno.Core.Extensions.Collections.dll
2025-12-07 20:27:49.539  9971-9971  monodroid-assembly      com.companyname.UnoApp3              W  open_from_bundles: the assembly might have been uploaded to the device with FastDev instead
2025-12-07 20:27:49.653  9971-9977  anyname.UnoApp3         com.companyname.UnoApp3              I  Background concurrent mark compact GC freed 1689KB AllocSpace bytes, 0(0B) LOS objects, 49% free, 2380KB/4760KB, paused 1.601ms,5.013ms total 125.280ms
2025-12-07 20:27:52.505  9971-9971  monodroid-assembly      com.companyname.UnoApp3              W  open_from_bundles: failed to load bundled assembly SkiaSharp.Skottie.dll
