2025-12-07 20:27:52.505  9971-9971  monodroid-assembly      com.companyname.UnoApp3              W  open_from_bundles: the assembly might have been uploaded to the device with FastDev instead
2025-12-07 20:27:52.506  9971-9971  monodroid-assembly      com.companyname.UnoApp3              W  open_from_bundles: failed to load bundled assembly SkiaSharp.SceneGraph.dll
2025-12-07 20:27:52.506  9971-9971  monodroid-assembly      com.companyname.UnoApp3              W  open_from_bundles: the assembly might have been uploaded to the device with FastDev instead
2025-12-07 20:27:56.098  9971-9971  monodroid-assembly      com.companyname.UnoApp3              W  open_from_bundles: failed to load bundled assembly HarfBuzzSharp.dll
2025-12-07 20:27:56.099  9971-9971  monodroid-assembly      com.companyname.UnoApp3              W  open_from_bundles: the assembly might have been uploaded to the device with FastDev instead
2025-12-07 20:27:57.998  9971-9971  monodroid-assembly      com.companyname.UnoApp3              W  open_from_bundles: failed to load bundled assembly System.ComponentModel.dll
2025-12-07 20:27:57.998  9971-9971  monodroid-assembly      com.companyname.UnoApp3              W  open_from_bundles: the assembly might have been uploaded to the device with FastDev instead
2025-12-07 20:27:58.000  9971-9971  monodroid-assembly      com.companyname.UnoApp3              W  open_from_bundles: failed to load bundled assembly Uno.Extensions.Navigation.dll
2025-12-07 20:27:58.001  9971-9971  monodroid-assembly      com.companyname.UnoApp3              W  open_from_bundles: the assembly might have been uploaded to the device with FastDev instead
2025-12-07 20:27:59.327  9971-9971  monodroid-assembly      com.companyname.UnoApp3              W  open_from_bundles: failed to load bundled assembly System.ComponentModel.Primitives.dll
2025-12-07 20:27:59.329  9971-9971  monodroid-assembly      com.companyname.UnoApp3              W  open_from_bundles: the assembly might have been uploaded to the device with FastDev instead
2025-12-07 20:27:59.369  9971-9971  monodroid-assembly      com.companyname.UnoApp3              W  open_from_bundles: failed to load bundled assembly Uno.Toolkit.dll
2025-12-07 20:27:59.369  9971-9971  monodroid-assembly      com.companyname.UnoApp3              W  open_from_bundles: the assembly might have been uploaded to the device with FastDev instead
2025-12-07 20:28:00.201  9971-9971  anyname.UnoApp3         com.companyname.UnoApp3              W  Accessing hidden method Landroid/view/ViewGroup;->makeOptionalFitsSystemWindows()V (unsupported, reflection, allowed)
2025-12-07 20:28:00.276  9971-9971  HWUI                    com.companyname.UnoApp3              W  Unknown dataspace 0
2025-12-07 20:28:00.566  9971-10037 ProfileInstaller        com.companyname.UnoApp3              D  Installing profile for com.companyname.UnoApp3
2025-12-07 20:28:00.814  9971-9989  EGL_emulation           com.companyname.UnoApp3              I  Opening libGLESv1_CM_emulation.so
2025-12-07 20:28:00.845  9971-9989  EGL_emulation           com.companyname.UnoApp3              I  Opening libGLESv2_emulation.so
2025-12-07 20:28:01.079  9971-9989  HWUI                    com.companyname.UnoApp3              W  Failed to choose config with EGL_SWAP_BEHAVIOR_PRESERVED, retrying without...
2025-12-07 20:28:01.084  9971-9989  HWUI                    com.companyname.UnoApp3              W  Failed to initialize 101010-2 format, error = EGL_SUCCESS
2025-12-07 20:28:01.273  9971-9989  Gralloc4                com.companyname.UnoApp3              I  mapper 4.x is not supported
2025-12-07 20:28:01.518  9971-9971  monodroid-assembly      com.companyname.UnoApp3              W  open_from_bundles: failed to load bundled assembly Uno.UI.App.Mcp.Messages.dll
2025-12-07 20:28:01.528  9971-9971  monodroid-assembly      com.companyname.UnoApp3              W  open_from_bundles: the assembly might have been uploaded to the device with FastDev instead
2025-12-07 20:28:01.599  9971-9971  monodroid-assembly      com.companyname.UnoApp3              W  open_from_bundles: failed to load bundled assembly Uno.Core.Extensions.Logging.Singleton.dll
2025-12-07 20:28:01.606  9971-9971  monodroid-assembly      com.companyname.UnoApp3              W  open_from_bundles: the assembly might have been uploaded to the device with FastDev instead
2025-12-07 20:28:05.490  9971-9971  monodroid-assembly      com.companyname.UnoApp3              W  open_from_bundles: failed to load bundled assembly Newtonsoft.Json.dll
2025-12-07 20:28:05.504  9971-9971  monodroid-assembly      com.companyname.UnoApp3              W  open_from_bundles: the assembly might have been uploaded to the device with FastDev instead
2025-12-07 20:28:05.563  9971-9971  monodroid-assembly      com.companyname.UnoApp3              W  open_from_bundles: failed to load bundled assembly System.Runtime.Serialization.Formatters.dll
2025-12-07 20:28:05.568  9971-9971  monodroid-assembly      com.companyname.UnoApp3              W  open_from_bundles: the assembly might have been uploaded to the device with FastDev instead
2025-12-07 20:28:06.487  9971-9971  monodroid-assembly      com.companyname.UnoApp3              W  open_from_bundles: failed to load bundled assembly System.Runtime.Serialization.Primitives.dll
2025-12-07 20:28:06.487  9971-9971  monodroid-assembly      com.companyname.UnoApp3              W  open_from_bundles: the assembly might have been uploaded to the device with FastDev instead
2025-12-07 20:28:06.590  9971-9971  monodroid-assembly      com.companyname.UnoApp3              W  open_from_bundles: failed to load bundled assembly System.Runtime.Numerics.dll
2025-12-07 20:28:06.591  9971-9971  monodroid-assembly      com.companyname.UnoApp3              W  open_from_bundles: the assembly might have been uploaded to the device with FastDev instead
2025-12-07 20:28:07.334  9971-9971  monodroid-assembly      com.companyname.UnoApp3              W  open_from_bundles: failed to load bundled assembly System.Diagnostics.TraceSource.dll
2025-12-07 20:28:07.334  9971-9971  monodroid-assembly      com.companyname.UnoApp3              W  open_from_bundles: the assembly might have been uploaded to the device with FastDev instead
2025-12-07 20:28:07.366  9971-9971  monodroid-assembly      com.companyname.UnoApp3              W  open_from_bundles: failed to load bundled assembly System.Linq.Expressions.dll
2025-12-07 20:28:07.421  9971-9971  monodroid-assembly      com.companyname.UnoApp3              W  open_from_bundles: the assembly might have been uploaded to the device with FastDev instead
2025-12-07 20:28:07.429  9971-9971  monodroid-assembly      com.companyname.UnoApp3              W  open_from_bundles: failed to load bundled assembly System.ComponentModel.TypeConverter.dll
2025-12-07 20:28:07.429  9971-9971  monodroid-assembly      com.companyname.UnoApp3              W  open_from_bundles: the assembly might have been uploaded to the device with FastDev instead
2025-12-07 20:28:07.907  9971-9977  anyname.UnoApp3         com.companyname.UnoApp3              I  Background concurrent mark compact GC freed 612KB AllocSpace bytes, 11(1292KB) LOS objects, 49% free, 2845KB/5690KB, paused 6.281ms,149.197ms total 3.786s
2025-12-07 20:28:08.115  9971-9971  monodroid-assembly      com.companyname.UnoApp3              W  open_from_bundles: failed to load bundled assembly System.Data.Common.dll
2025-12-07 20:28:08.115  9971-9971  monodroid-assembly      com.companyname.UnoApp3              W  open_from_bundles: the assembly might have been uploaded to the device with FastDev instead
2025-12-07 20:28:08.997  9971-9971  monodroid-assembly      com.companyname.UnoApp3              W  open_from_bundles: failed to load bundled assembly System.Reflection.Emit.ILGeneration.dll
2025-12-07 20:28:08.998  9971-9971  monodroid-assembly      com.companyname.UnoApp3              W  open_from_bundles: the assembly might have been uploaded to the device with FastDev instead
2025-12-07 20:28:09.075  9971-9971  monodroid-assembly      com.companyname.UnoApp3              W  open_from_bundles: failed to load bundled assembly System.Reflection.Emit.Lightweight.dll
2025-12-07 20:28:09.077  9971-9971  monodroid-assembly      com.companyname.UnoApp3              W  open_from_bundles: the assembly might have been uploaded to the device with FastDev instead
2025-12-07 20:28:09.147  9971-9971  monodroid-assembly      com.companyname.UnoApp3              W  open_from_bundles: failed to load bundled assembly System.Reflection.Primitives.dll
2025-12-07 20:28:09.148  9971-9971  monodroid-assembly      com.companyname.UnoApp3              W  open_from_bundles: the assembly might have been uploaded to the device with FastDev instead
2025-12-07 20:28:09.466  9971-9971  Choreographer           com.companyname.UnoApp3              I  Skipped 498 frames!  The application may be doing too much work on its main thread.
2025-12-07 20:28:09.533  9971-9976  anyname.UnoApp3         com.companyname.UnoApp3              I  Compiler allocated 5174KB to compile void android.view.ViewRootImpl.performTraversals()
2025-12-07 20:28:09.692  9971-9971  monodroid-assembly      com.companyname.UnoApp3              W  open_from_bundles: failed to load bundled assembly System.IO.Pipelines.dll
2025-12-07 20:28:09.692  9971-9971  monodroid-assembly      com.companyname.UnoApp3              W  open_from_bundles: the assembly might have been uploaded to the device with FastDev instead
2025-12-07 20:28:10.309  9971-9971  Choreographer           com.companyname.UnoApp3              I  Skipped 37 frames!  The application may be doing too much work on its main thread.
2025-12-07 20:28:10.520  9971-9977  anyname.UnoApp3         com.companyname.UnoApp3              I  Background concurrent mark compact GC freed 60KB AllocSpace bytes, 77(10164KB) LOS objects, 49% free, 3241KB/6483KB, paused 1.371ms,7.370ms total 369.616ms
2025-12-07 20:28:10.868  9971-9971  monodroid-assembly      com.companyname.UnoApp3              W  open_from_bundles: failed to load bundled assembly Uno.Extensions.Core.dll
2025-12-07 20:28:10.869  9971-9971  monodroid-assembly      com.companyname.UnoApp3              W  open_from_bundles: the assembly might have been uploaded to the device with FastDev instead
2025-12-07 20:28:10.933  9971-9971  monodroid-assembly      com.companyname.UnoApp3              W  open_from_bundles: failed to load bundled assembly System.Drawing.Primitives.dll
2025-12-07 20:28:10.933  9971-9971  monodroid-assembly      com.companyname.UnoApp3              W  open_from_bundles: the assembly might have been uploaded to the device with FastDev instead
2025-12-07 20:28:10.980  9971-9971  monodroid-assembly      com.companyname.UnoApp3              W  open_from_bundles: failed to load bundled assembly System.Xml.XDocument.dll
2025-12-07 20:28:10.980  9971-9971  monodroid-assembly      com.companyname.UnoApp3              W  open_from_bundles: the assembly might have been uploaded to the device with FastDev instead
2025-12-07 20:28:10.982  9971-9971  monodroid-assembly      com.companyname.UnoApp3              W  open_from_bundles: failed to load bundled assembly System.Private.Xml.Linq.dll
2025-12-07 20:28:10.982  9971-9971  monodroid-assembly      com.companyname.UnoApp3              W  open_from_bundles: the assembly might have been uploaded to the device with FastDev instead
2025-12-07 20:28:10.999  9971-9971  monodroid-assembly      com.companyname.UnoApp3              W  open_from_bundles: failed to load bundled assembly System.Xml.XPath.XDocument.dll
2025-12-07 20:28:11.000  9971-9971  monodroid-assembly      com.companyname.UnoApp3              W  open_from_bundles: the assembly might have been uploaded to the device with FastDev instead
2025-12-07 20:28:11.022  9971-9971  monodroid-assembly      com.companyname.UnoApp3              W  open_from_bundles: failed to load bundled assembly CommonServiceLocator.dll
2025-12-07 20:28:11.022  9971-9971  monodroid-assembly      com.companyname.UnoApp3              W  open_from_bundles: the assembly might have been uploaded to the device with FastDev instead
2025-12-07 20:28:11.025  9971-9971  monodroid-assembly      com.companyname.UnoApp3              W  open_from_bundles: failed to load bundled assembly Microsoft.Extensions.Logging.dll
2025-12-07 20:28:11.025  9971-9971  monodroid-assembly      com.companyname.UnoApp3              W  open_from_bundles: the assembly might have been uploaded to the device with FastDev instead
2025-12-07 20:28:11.033  9971-9971  monodroid-assembly      com.companyname.UnoApp3              W  open_from_bundles: failed to load bundled assembly Microsoft.Extensions.Options.dll
2025-12-07 20:28:11.036  9971-9971  monodroid-assembly      com.companyname.UnoApp3              W  open_from_bundles: the assembly might have been uploaded to the device with FastDev instead
2025-12-07 20:28:11.568  9971-9971  monodroid-assembly      com.companyname.UnoApp3              W  open_from_bundles: failed to load bundled assembly Uno.Xaml.dll
2025-12-07 20:28:11.569  9971-9971  monodroid-assembly      com.companyname.UnoApp3              W  open_from_bundles: the assembly might have been uploaded to the device with FastDev instead
2025-12-07 20:28:12.404  9971-9971  monodroid-assembly      com.companyname.UnoApp3              W  open_from_bundles: failed to load bundled assembly _Microsoft.Android.Resource.Designer.dll
2025-12-07 20:28:12.404  9971-9971  monodroid-assembly      com.companyname.UnoApp3              W  open_from_bundles: the assembly might have been uploaded to the device with FastDev instead
2025-12-07 20:28:12.420  9971-9971  monodroid-assembly      com.companyname.UnoApp3              W  open_from_bundles: failed to load bundled assembly Microsoft.Extensions.Localization.Abstractions.dll
2025-12-07 20:28:12.420  9971-9971  monodroid-assembly      com.companyname.UnoApp3              W  open_from_bundles: the assembly might have been uploaded to the device with FastDev instead
2025-12-07 20:28:12.434  9971-9971  monodroid-assembly      com.companyname.UnoApp3              W  open_from_bundles: failed to load bundled assembly Microsoft.Extensions.Hosting.dll
2025-12-07 20:28:12.434  9971-9971  monodroid-assembly      com.companyname.UnoApp3              W  open_from_bundles: the assembly might have been uploaded to the device with FastDev instead
2025-12-07 20:28:12.437  9971-9971  monodroid-assembly      com.companyname.UnoApp3              W  open_from_bundles: failed to load bundled assembly Serilog.dll
2025-12-07 20:28:12.437  9971-9971  monodroid-assembly      com.companyname.UnoApp3              W  open_from_bundles: the assembly might have been uploaded to the device with FastDev instead
2025-12-07 20:28:12.444  9971-9971  monodroid-assembly      com.companyname.UnoApp3              W  open_from_bundles: failed to load bundled assembly Microsoft.Extensions.Configuration.Abstractions.dll
2025-12-07 20:28:12.445  9971-9971  monodroid-assembly      com.companyname.UnoApp3              W  open_from_bundles: the assembly might have been uploaded to the device with FastDev instead
2025-12-07 20:28:13.021  9971-9971  Choreographer           com.companyname.UnoApp3              I  Skipped 161 frames!  The application may be doing too much work on its main thread.
2025-12-07 20:28:13.121  9971-9983  HWUI                    com.companyname.UnoApp3              I  Davey! duration=2768ms; Flags=1, FrameTimelineVsyncId=76823, IntendedVsync=913688654792, Vsync=916371988018, InputEventId=0, HandleInputStart=916383427800, AnimationStart=916383468600, PerformTraversalsStart=916383573800, DrawStart=916401945600, FrameDeadline=913705321458, FrameInterval=916381796000, FrameStartTime=16666666, SyncQueued=916424068200, SyncStart=916425427600, IssueDrawCommandsStart=916429198500, SwapBuffers=916431768400, FrameCompleted=916458071100, DequeueBufferDuration=35700, QueueBufferDuration=664000, GpuCompleted=916457902000, SwapBuffersCompleted=916458071100, DisplayPresentTime=0, CommandSubmissionCompleted=916431768400,
2025-12-07 20:28:13.254  9971-9971  monodroid-assembly      com.companyname.UnoApp3              W  open_from_bundles: failed to load bundled assembly Microsoft.Extensions.FileProviders.Physical.dll
2025-12-07 20:28:13.254  9971-9971  monodroid-assembly      com.companyname.UnoApp3              W  open_from_bundles: the assembly might have been uploaded to the device with FastDev instead
2025-12-07 20:28:13.257  9971-9971  monodroid-assembly      com.companyname.UnoApp3              W  open_from_bundles: failed to load bundled assembly Microsoft.Extensions.FileProviders.Abstractions.dll
2025-12-07 20:28:13.258  9971-9971  monodroid-assembly      com.companyname.UnoApp3              W  open_from_bundles: the assembly might have been uploaded to the device with FastDev instead
2025-12-07 20:28:13.274  9971-9971  monodroid-assembly      com.companyname.UnoApp3              W  open_from_bundles: failed to load bundled assembly Microsoft.Extensions.DependencyInjection.dll
2025-12-07 20:28:13.274  9971-9971  monodroid-assembly      com.companyname.UnoApp3              W  open_from_bundles: the assembly might have been uploaded to the device with FastDev instead
2025-12-07 20:28:13.336  9971-9971  monodroid-assembly      com.companyname.UnoApp3              W  open_from_bundles: failed to load bundled assembly Uno.Extensions.Serialization.dll
2025-12-07 20:28:13.338  9971-9971  monodroid-assembly      com.companyname.UnoApp3              W  open_from_bundles: the assembly might have been uploaded to the device with FastDev instead
2025-12-07 20:28:13.355  9971-9971  monodroid-assembly      com.companyname.UnoApp3              W  open_from_bundles: failed to load bundled assembly Uno.Extensions.Hosting.dll
2025-12-07 20:28:13.356  9971-9971  monodroid-assembly      com.companyname.UnoApp3              W  open_from_bundles: the assembly might have been uploaded to the device with FastDev instead
2025-12-07 20:28:13.373  9971-9971  monodroid-assembly      com.companyname.UnoApp3              W  open_from_bundles: failed to load bundled assembly Uno.Extensions.Storage.dll
2025-12-07 20:28:13.381  9971-9971  monodroid-assembly      com.companyname.UnoApp3              W  open_from_bundles: the assembly might have been uploaded to the device with FastDev instead
2025-12-07 20:28:13.446  9971-9971  monodroid-assembly      com.companyname.UnoApp3              W  open_from_bundles: failed to load bundled assembly Uno.Extensions.Localization.dll
2025-12-07 20:28:13.447  9971-9971  monodroid-assembly      com.companyname.UnoApp3              W  open_from_bundles: the assembly might have been uploaded to the device with FastDev instead
2025-12-07 20:28:13.517  9971-9971  monodroid-assembly      com.companyname.UnoApp3              W  open_from_bundles: failed to load bundled assembly Uno.Extensions.Http.dll
2025-12-07 20:28:13.524  9971-9971  monodroid-assembly      com.companyname.UnoApp3              W  open_from_bundles: the assembly might have been uploaded to the device with FastDev instead
2025-12-07 20:28:13.573  9971-9971  monodroid-assembly      com.companyname.UnoApp3              W  open_from_bundles: failed to load bundled assembly Microsoft.Extensions.Configuration.dll
2025-12-07 20:28:13.578  9971-9971  monodroid-assembly      com.companyname.UnoApp3              W  open_from_bundles: the assembly might have been uploaded to the device with FastDev instead
2025-12-07 20:28:13.622  9971-9971  monodroid-assembly      com.companyname.UnoApp3              W  open_from_bundles: failed to load bundled assembly Microsoft.Extensions.Configuration.EnvironmentVariables.dll
2025-12-07 20:28:13.622  9971-9971  monodroid-assembly      com.companyname.UnoApp3              W  open_from_bundles: the assembly might have been uploaded to the device with FastDev instead
2025-12-07 20:28:13.629  9971-9971  monodroid-assembly      com.companyname.UnoApp3              W  open_from_bundles: failed to load bundled assembly Microsoft.Extensions.Configuration.CommandLine.dll
2025-12-07 20:28:13.636  9971-9971  monodroid-assembly      com.companyname.UnoApp3              W  open_from_bundles: the assembly might have been uploaded to the device with FastDev instead
2025-12-07 20:28:13.658  9971-9971  monodroid-assembly      com.companyname.UnoApp3              W  open_from_bundles: failed to load bundled assembly System.Web.HttpUtility.dll
2025-12-07 20:28:13.659  9971-9971  monodroid-assembly      com.companyname.UnoApp3              W  open_from_bundles: the assembly might have been uploaded to the device with FastDev instead
2025-12-07 20:28:13.719  9971-9971  monodroid-assembly      com.companyname.UnoApp3              W  open_from_bundles: failed to load bundled assembly Microsoft.Extensions.Primitives.dll
2025-12-07 20:28:13.726  9971-9971  monodroid-assembly      com.companyname.UnoApp3              W  open_from_bundles: the assembly might have been uploaded to the device with FastDev instead
2025-12-07 20:28:14.010  9971-9971  monodroid-assembly      com.companyname.UnoApp3              W  open_from_bundles: failed to load bundled assembly Microsoft.Extensions.Configuration.FileExtensions.dll
2025-12-07 20:28:14.015  9971-9971  monodroid-assembly      com.companyname.UnoApp3              W  open_from_bundles: the assembly might have been uploaded to the device with FastDev instead
2025-12-07 20:28:14.031  9971-9971  monodroid-assembly      com.companyname.UnoApp3              W  open_from_bundles: failed to load bundled assembly Microsoft.Extensions.Configuration.Json.dll
2025-12-07 20:28:14.038  9971-9971  monodroid-assembly      com.companyname.UnoApp3              W  open_from_bundles: the assembly might have been uploaded to the device with FastDev instead
2025-12-07 20:28:14.061  9971-10074 SurfaceSyncGroup        com.companyname.UnoApp3              E  Failed to receive transaction ready in 1000ms. Marking SurfaceSyncGroup(wmsSync-VRI[MainActivity]#1) as ready
2025-12-07 20:28:14.063  9971-10074 SurfaceSyncGroup        com.companyname.UnoApp3              E  Failed to receive transaction ready in 1000ms. Marking SurfaceSyncGroup(VRI[MainActivity]#2) as ready
2025-12-07 20:28:14.064  9971-10074 SurfaceSyncGroup        com.companyname.UnoApp3              E  Failed to receive transaction ready in 1000ms. Marking SurfaceSyncGroup(SurfaceView[com.companyname.UnoApp3/crc647550fd11ca543fdf.MainActivity]#0) as ready
2025-12-07 20:28:14.354  9971-9971  monodroid-assembly      com.companyname.UnoApp3              W  open_from_bundles: failed to load bundled assembly Microsoft.Extensions.Logging.Configuration.dll
2025-12-07 20:28:14.360  9971-9971  monodroid-assembly      com.companyname.UnoApp3              W  open_from_bundles: the assembly might have been uploaded to the device with FastDev instead
2025-12-07 20:28:14.377  9971-9971  monodroid-assembly      com.companyname.UnoApp3              W  open_from_bundles: failed to load bundled assembly Microsoft.Extensions.Options.ConfigurationExtensions.dll
2025-12-07 20:28:14.381  9971-9971  monodroid-assembly      com.companyname.UnoApp3              W  open_from_bundles: the assembly might have been uploaded to the device with FastDev instead
2025-12-07 20:28:14.430  9971-9971  monodroid-assembly      com.companyname.UnoApp3              W  open_from_bundles: failed to load bundled assembly Microsoft.Extensions.Configuration.Binder.dll
2025-12-07 20:28:14.431  9971-9971  monodroid-assembly      com.companyname.UnoApp3              W  open_from_bundles: the assembly might have been uploaded to the device with FastDev instead
2025-12-07 20:28:14.507  9971-9971  monodroid-assembly      com.companyname.UnoApp3              W  open_from_bundles: failed to load bundled assembly Uno.Extensions.Logging.WebAssembly.Console.dll
2025-12-07 20:28:14.510  9971-9971  monodroid-assembly      com.companyname.UnoApp3              W  open_from_bundles: the assembly might have been uploaded to the device with FastDev instead
2025-12-07 20:28:14.536  9971-9971  monodroid-assembly      com.companyname.UnoApp3              W  open_from_bundles: failed to load bundled assembly Microsoft.Extensions.Logging.Console.dll
2025-12-07 20:28:14.540  9971-9971  monodroid-assembly      com.companyname.UnoApp3              W  open_from_bundles: the assembly might have been uploaded to the device with FastDev instead
2025-12-07 20:28:14.548  9971-9971  monodroid-assembly      com.companyname.UnoApp3              W  open_from_bundles: failed to load bundled assembly Microsoft.Extensions.Logging.Debug.dll
2025-12-07 20:28:14.548  9971-9971  monodroid-assembly      com.companyname.UnoApp3              W  open_from_bundles: the assembly might have been uploaded to the device with FastDev instead
2025-12-07 20:28:14.599  9971-9971  monodroid-assembly      com.companyname.UnoApp3              W  open_from_bundles: failed to load bundled assembly Serilog.Settings.Configuration.dll
2025-12-07 20:28:14.601  9971-9971  monodroid-assembly      com.companyname.UnoApp3              W  open_from_bundles: the assembly might have been uploaded to the device with FastDev instead
2025-12-07 20:28:14.616  9971-9971  monodroid-assembly      com.companyname.UnoApp3              W  open_from_bundles: failed to load bundled assembly Microsoft.Extensions.DependencyModel.dll
2025-12-07 20:28:14.616  9971-9971  monodroid-assembly      com.companyname.UnoApp3              W  open_from_bundles: the assembly might have been uploaded to the device with FastDev instead
2025-12-07 20:28:14.632  9971-9971  monodroid-assembly      com.companyname.UnoApp3              W  open_from_bundles: failed to load bundled assembly Serilog.Extensions.Logging.dll
2025-12-07 20:28:14.642  9971-9971  monodroid-assembly      com.companyname.UnoApp3              W  open_from_bundles: the assembly might have been uploaded to the device with FastDev instead
2025-12-07 20:28:14.860  9971-9971  monodroid-assembly      com.companyname.UnoApp3              W  open_from_bundles: failed to load bundled assembly Serilog.Sinks.Console.dll
2025-12-07 20:28:14.861  9971-9971  monodroid-assembly      com.companyname.UnoApp3              W  open_from_bundles: the assembly might have been uploaded to the device with FastDev instead
2025-12-07 20:28:14.863  9971-9971  monodroid-assembly      com.companyname.UnoApp3              W  open_from_bundles: failed to load bundled assembly Serilog.Sinks.Debug.dll
2025-12-07 20:28:14.864  9971-9971  monodroid-assembly      com.companyname.UnoApp3              W  open_from_bundles: the assembly might have been uploaded to the device with FastDev instead
2025-12-07 20:28:14.934  9971-9971  monodroid-assembly      com.companyname.UnoApp3              W  open_from_bundles: failed to load bundled assembly System.Runtime.InteropServices.RuntimeInformation.dll
2025-12-07 20:28:14.934  9971-9971  monodroid-assembly      com.companyname.UnoApp3              W  open_from_bundles: the assembly might have been uploaded to the device with FastDev instead
2025-12-07 20:28:15.544  9971-9971  monodroid-assembly      com.companyname.UnoApp3              W  open_from_bundles: failed to load bundled assembly Uno.UI.Adapter.Microsoft.Extensions.Logging.dll
2025-12-07 20:28:15.544  9971-9971  monodroid-assembly      com.companyname.UnoApp3              W  open_from_bundles: the assembly might have been uploaded to the device with FastDev instead
2025-12-07 20:28:15.801  9971-9993  monodroid-assembly      com.companyname.UnoApp3              W  open_from_bundles: failed to load bundled assembly en/System.Private.CoreLib.resources.dll
2025-12-07 20:28:15.802  9971-9993  monodroid-assembly      com.companyname.UnoApp3              W  open_from_bundles: the assembly might have been uploaded to the device with FastDev instead
2025-12-07 20:28:15.802  9971-9993  monodroid-assembly      com.companyname.UnoApp3              W  open_from_update_dir: assembly file DOES NOT EXIST
2025-12-07 20:28:15.802  9971-9993  monodroid-assembly      com.companyname.UnoApp3              W  open_from_bundles: failed to load bundled assembly en/System.Private.CoreLib.resources.dll
2025-12-07 20:28:15.802  9971-9993  monodroid-assembly      com.companyname.UnoApp3              W  open_from_bundles: the assembly might have been uploaded to the device with FastDev instead
2025-12-07 20:28:16.004  9971-9993  app_process64           com.companyname.UnoApp3              D  12-07 20:28:15.760+08:00 I/Uno.Extensions.Storage.FileStorage: ReadPackageFileAsync - File 'appsettings.keyvaluestorageconfiguration.json' does not exist in package
2025-12-07 20:28:16.012  9971-9993  app_process64           com.companyname.UnoApp3              D  12-07 20:28:16.010+08:00 I/Uno.Extensions.Storage.FileStorage: ReadPackageFileAsync - File 'appsettings.appconfig.json' does not exist in package
2025-12-07 20:28:16.015  9971-9993  app_process64           com.companyname.UnoApp3              D  12-07 20:28:16.014+08:00 I/Uno.Extensions.Storage.FileStorage: ReadPackageFileAsync - File 'appsettings.localizationconfiguration.json' does not exist in package
2025-12-07 20:28:16.018  9971-9993  app_process64           com.companyname.UnoApp3              D  12-07 20:28:16.018+08:00 I/Uno.Extensions.Storage.FileStorage: ReadPackageFileAsync - File 'appsettings.localizationsettings.json' does not exist in package
2025-12-07 20:28:16.023  9971-9993  app_process64           com.companyname.UnoApp3              D  12-07 20:28:16.022+08:00 I/Uno.Extensions.Storage.FileStorage: ReadPackageFileAsync - File 'appsettings.webconfiguration.json' does not exist in package
2025-12-07 20:28:16.082  9971-9993  app_process64           com.companyname.UnoApp3              D  12-07 20:28:16.028+08:00 I/Uno.Extensions.Storage.FileStorage: ReadPackageFileAsync - File 'appsettings.navigationconfiguration.json' does not exist in package
2025-12-07 20:28:16.943  9971-10036 EGL_emulation           com.companyname.UnoApp3              D  app_time_stats: avg=1138.53ms min=1122.32ms max=1154.75ms count=2
2025-12-07 20:28:17.137  9971-9971  app_process64           com.companyname.UnoApp3              D  12-07 20:28:17.136+08:00 I/Uno.Extensions.Navigation.Navigators.ContentControlNavigator: NavigateAsync - Starting Navigation - Navigator: ContentControlNavigator Request:
2025-12-07 20:28:17.220  9971-9971  app_process64           com.companyname.UnoApp3              D  12-07 20:28:17.219+08:00 I/Uno.Extensions.Navigation.Navigators.ContentControlNavigator: CreateControlFromType - Creating control of type FrameView
2025-12-07 20:28:17.628  9971-9989  EGL_emulation           com.companyname.UnoApp3              D  app_time_stats: avg=1131.74ms min=6.30ms max=2941.48ms count=4
2025-12-07 20:28:17.980  9971-10036 EGL_emulation           com.companyname.UnoApp3              D  app_time_stats: avg=256.51ms min=99.23ms max=493.37ms count=4
2025-12-07 20:28:18.763  9971-9971  Choreographer           com.companyname.UnoApp3              I  Skipped 53 frames!  The application may be doing too much work on its main thread.
2025-12-07 20:28:18.777  9971-9989  EGL_emulation           com.companyname.UnoApp3              D  app_time_stats: avg=573.71ms min=315.39ms max=832.03ms count=2
2025-12-07 20:28:18.789  9971-9982  HWUI                    com.companyname.UnoApp3              I  Davey! duration=899ms; Flags=0, FrameTimelineVsyncId=77455, IntendedVsync=921238654490, Vsync=922121987788, InputEventId=0, HandleInputStart=922125451000, AnimationStart=922125515800, PerformTraversalsStart=922125626200, DrawStart=922125974900, FrameDeadline=921255321156, FrameInterval=922123902500, FrameStartTime=16666666, SyncQueued=922126083600, SyncStart=922126243900, IssueDrawCommandsStart=922126535900, SwapBuffers=922127183800, FrameCompleted=922138051500, DequeueBufferDuration=209100, QueueBufferDuration=3932400, GpuCompleted=922137258100, SwapBuffersCompleted=922138051500, DisplayPresentTime=0, CommandSubmissionCompleted=922127183800,
2025-12-07 20:28:20.628  9971-9989  EGL_emulation           com.companyname.UnoApp3              D  app_time_stats: avg=925.27ms min=69.91ms max=1780.63ms count=2
2025-12-07 20:28:21.131  9971-9971  monodroid-assembly      com.companyname.UnoApp3              W  open_from_bundles: failed to load bundled assembly Uno.Core.Extensions.Logging.dll
2025-12-07 20:28:21.131  9971-9971  monodroid-assembly      com.companyname.UnoApp3              W  open_from_bundles: the assembly might have been uploaded to the device with FastDev instead
2025-12-07 20:28:21.232  9971-10036 EGL_emulation           com.companyname.UnoApp3              D  app_time_stats: avg=1083.84ms min=141.57ms max=2382.64ms count=3
2025-12-07 20:28:21.852  9971-9971  Choreographer           com.companyname.UnoApp3              I  Skipped 75 frames!  The application may be doing too much work on its main thread.
2025-12-07 20:28:21.918  9971-9989  EGL_emulation           com.companyname.UnoApp3              D  app_time_stats: avg=1289.92ms min=1289.92ms max=1289.92ms count=1
2025-12-07 20:28:22.009  9971-9982  HWUI                    com.companyname.UnoApp3              I  Davey! duration=1403ms; Flags=0, FrameTimelineVsyncId=77496, IntendedVsync=923955321048, Vsync=925205320998, InputEventId=0, HandleInputStart=925231564500, AnimationStart=925231617100, PerformTraversalsStart=925231689800, DrawStart=925232697000, FrameDeadline=924005321046, FrameInterval=925212990800, FrameStartTime=16666666, SyncQueued=925232819700, SyncStart=925233665100, IssueDrawCommandsStart=925233732400, SwapBuffers=925273651200, FrameCompleted=925359748800, DequeueBufferDuration=77400, QueueBufferDuration=3855300, GpuCompleted=925359748800, SwapBuffersCompleted=925279582800, DisplayPresentTime=0, CommandSubmissionCompleted=925273651200,
2025-12-07 20:28:24.114  9971-9971  anyname.UnoApp3         com.companyname.UnoApp3              I  Explicit concurrent mark compact GC freed 660KB AllocSpace bytes, 2(104KB) LOS objects, 49% free, 3286KB/6572KB, paused 1.392ms,4.252ms total 46.258ms
2025-12-07 20:28:25.034  9971-10036 EGL_emulation           com.companyname.UnoApp3              D  app_time_stats: avg=1900.56ms min=84.38ms max=3716.74ms count=2
2025-12-07 20:28:25.110  9971-9989  EGL_emulation           com.companyname.UnoApp3              D  app_time_stats: avg=3190.54ms min=3190.54ms max=3190.54ms count=1
2025-12-07 20:28:25.404  9971-9971  app_process64           com.companyname.UnoApp3              D  The Bindable attribute is missing and the type [UnoApp3.Presentation.MainViewModel] is not known by the MetadataProvider. Reflection was used instead of the binding engine and generated static metadata. Add the Bindable attribute to prevent this message and performance issues.
2025-12-07 20:28:25.878  9971-9971  app_process64           com.companyname.UnoApp3              D  12-07 20:28:25.875+08:00 I/Uno.Extensions.Navigation.Navigators.ContentControlNavigator: NavigateAsync - Starting Navigation - Navigator: ContentControlNavigator Request: ./Login
2025-12-07 20:28:26.117  9971-9971  app_process64           com.companyname.UnoApp3              D  The Bindable attribute is missing and the type [Microsoft.UI.Xaml.Controls.ToolTipService] is not known by the MetadataProvider. Reflection was used instead of the binding engine and generated static metadata. Add the Bindable attribute to prevent this message and performance issues.
2025-12-07 20:28:26.419  9971-9989  EGL_emulation           com.companyname.UnoApp3              D  app_time_stats: avg=327.02ms min=109.39ms max=496.15ms count=4
2025-12-07 20:28:26.593  9971-9971  app_process64           com.companyname.UnoApp3              D  The Bindable attribute is missing and the type [UnoApp3.Presentation.ShellViewModel] is not known by the MetadataProvider. Reflection was used instead of the binding engine and generated static metadata. Add the Bindable attribute to prevent this message and performance issues.
2025-12-07 20:28:26.608  9971-9971  app_process64           com.companyname.UnoApp3              D  The Bindable attribute is missing and the type [UnoApp3.Presentation.LoginViewModel] is not known by the MetadataProvider. Reflection was used instead of the binding engine and generated static metadata. Add the Bindable attribute to prevent this message and performance issues.
2025-12-07 20:28:26.681  9971-10036 EGL_emulation           com.companyname.UnoApp3              D  app_time_stats: avg=410.95ms min=111.04ms max=999.07ms count=4
2025-12-07 20:28:27.486  9971-9989  EGL_emulation           com.companyname.UnoApp3              D  app_time_stats: avg=152.23ms min=39.39ms max=487.31ms count=7
2025-12-07 20:28:27.706  9971-10036 EGL_emulation           com.companyname.UnoApp3              D  app_time_stats: avg=170.62ms min=20.82ms max=450.98ms count=6
2025-12-07 20:28:52.466  9971-10036 EGL_emulation           com.companyname.UnoApp3              D  app_time_stats: avg=6189.20ms min=27.67ms max=24607.28ms count=4
2025-12-07 20:28:52.629  9971-9971  monodroid-assembly      com.companyname.UnoApp3              W  open_from_bundles: failed to load bundled assembly Xamarin.AndroidX.Browser.dll
2025-12-07 20:28:52.630  9971-9971  monodroid-assembly      com.companyname.UnoApp3              W  open_from_bundles: the assembly might have been uploaded to the device with FastDev instead
2025-12-07 20:28:52.959  9971-9989  EGL_emulation           com.companyname.UnoApp3              D  app_time_stats: avg=8488.99ms min=96.28ms max=25118.75ms count=3
2025-12-07 20:28:54.497  9971-9989  EGL_emulation           com.companyname.UnoApp3              D  app_time_stats: avg=760.90ms min=295.59ms max=1226.20ms count=2
2025-12-07 20:28:54.521  9971-10036 EGL_emulation           com.companyname.UnoApp3              D  app_time_stats: avg=684.65ms min=177.71ms max=1356.45ms count=3
2025-12-07 20:28:55.474  9971-9976  anyname.UnoApp3         com.companyname.UnoApp3              I  Compiler allocated 4219KB to compile void android.widget.TextView.<init>(android.content.Context, android.util.AttributeSet, int, int)
2025-12-07 20:28:58.267  9971-9971  VRI[PopupW...w:9301790] com.companyname.UnoApp3              D  visibilityChanged oldVisibility=true newVisibility=false
2025-12-07 20:28:58.673  9971-9971  VRI[PopupW...w:82748a8] com.companyname.UnoApp3              D  visibilityChanged oldVisibility=true newVisibility=false
2025-12-07 20:28:58.694  9971-9971  VRI[MainActivity]       com.companyname.UnoApp3              D  visibilityChanged oldVisibility=true newVisibility=false
2025-12-07 20:28:59.815  9971-9971  Choreographer           com.companyname.UnoApp3              I  Skipped 32 frames!  The application may be doing too much work on its main thread.
2025-12-07 20:29:37.152  9971-9971  VRI[PopupW...w:82748a8] com.companyname.UnoApp3              D  visibilityChanged oldVisibility=false newVisibility=true
2025-12-07 20:29:37.155  9971-9971  VRI[PopupW...w:9301790] com.companyname.UnoApp3              D  visibilityChanged oldVisibility=false newVisibility=true
2025-12-07 20:29:37.914  9971-9983  HWUI                    com.companyname.UnoApp3              I  Davey! duration=739ms; Flags=1, FrameTimelineVsyncId=87801, IntendedVsync=1000521984652, Vsync=1000805317974, InputEventId=0, HandleInputStart=1000812952500, AnimationStart=1000813114300, PerformTraversalsStart=1000813205100, DrawStart=1001181335000, FrameDeadline=1000538651318, FrameInterval=1000808348500, FrameStartTime=16666666, SyncQueued=1001182876200, SyncStart=1001184068800, IssueDrawCommandsStart=1001228819500, SwapBuffers=1001230268300, FrameCompleted=1001262405100, DequeueBufferDuration=21268900, QueueBufferDuration=1025700, GpuCompleted=1001240981400, SwapBuffersCompleted=1001262405100, DisplayPresentTime=0, CommandSubmissionCompleted=1001230268300,
2025-12-07 20:29:39.253  9971-9971  WindowOnBackDispatcher  com.companyname.UnoApp3              W  sendCancelIfRunning: isInProgress=false callback=android.view.ViewRootImpl$$ExternalSyntheticLambda11@6485bd9
2025-12-07 20:29:41.545  9971-10036 EGL_emulation           com.companyname.UnoApp3              D  app_time_stats: avg=1731.08ms min=116.02ms max=3346.14ms count=2
2025-12-07 20:29:41.580  9971-9989  EGL_emulation           com.companyname.UnoApp3              D  app_time_stats: avg=727.89ms min=35.60ms max=3407.38ms count=5
2025-12-07 20:29:43.147  9971-10036 EGL_emulation           com.companyname.UnoApp3              D  app_time_stats: avg=308.14ms min=37.74ms max=1181.14ms count=5
2025-12-07 20:29:43.272  9971-9971  app_process64           com.companyname.UnoApp3              D  12-07 20:29:43.270+08:00 I/Uno.Extensions.Navigation.Navigators.FrameNavigator: NavigateAsync - Starting Navigation - Navigator: FrameNavigator Request: -
2025-12-07 20:29:43.495  9971-9989  EGL_emulation           com.companyname.UnoApp3              D  app_time_stats: avg=375.05ms min=15.61ms max=1574.61ms count=5
2025-12-07 20:29:44.251  9971-10036 EGL_emulation           com.companyname.UnoApp3              D  app_time_stats: avg=135.62ms min=39.45ms max=435.07ms count=8
2025-12-07 20:29:45.506  9971-9971  ImeTracker              com.companyname.UnoApp3              I  com.companyname.UnoApp3:349653fc: onRequestShow at ORIGIN_CLIENT reason SHOW_SOFT_INPUT fromUser true
2025-12-07 20:29:45.718  9971-9971  InputMethodManager      com.companyname.UnoApp3              D  showSoftInput() view=crc64d465fbe34e0c11e4.UnoSKCanvasView{bd79611 VFED..... .F....ID 0,0-1080,2424 aid=1073741824} flags=0 reason=SHOW_SOFT_INPUT
2025-12-07 20:29:46.219  9971-9971  Choreographer           com.companyname.UnoApp3              I  Skipped 67 frames!  The application may be doing too much work on its main thread.
2025-12-07 20:29:46.252  9971-9989  EGL_emulation           com.companyname.UnoApp3              D  app_time_stats: avg=304.77ms min=8.87ms max=2093.39ms count=9
2025-12-07 20:29:46.347  9971-10036 EGL_emulation           com.companyname.UnoApp3              D  app_time_stats: avg=1047.54ms min=885.97ms max=1209.10ms count=2
2025-12-07 20:29:46.458  9971-9971  AssistStructure         com.companyname.UnoApp3              I  Flattened final assist data: 844 bytes, containing 3 windows, 6 views
2025-12-07 20:29:46.471  9971-9971  RemoteInpu...ectionImpl com.companyname.UnoApp3              W  getSurroundingText on inactive InputConnection
2025-12-07 20:29:47.216  9971-9971  RemoteInpu...ectionImpl com.companyname.UnoApp3              W  getSurroundingText on inactive InputConnection
2025-12-07 20:29:47.284  9971-9971  RemoteInpu...ectionImpl com.companyname.UnoApp3              W  getSurroundingText on inactive InputConnection
2025-12-07 20:29:47.386  9971-10036 EGL_emulation           com.companyname.UnoApp3              D  app_time_stats: avg=169.86ms min=5.56ms max=323.65ms count=6
2025-12-07 20:29:47.433  9971-9989  EGL_emulation           com.companyname.UnoApp3              D  app_time_stats: avg=195.22ms min=42.85ms max=342.24ms count=6
2025-12-07 20:29:48.060  9971-9971  RemoteInpu...ectionImpl com.companyname.UnoApp3              W  getSurroundingText on inactive InputConnection
2025-12-07 20:29:48.207  9971-9971  RemoteInpu...ectionImpl com.companyname.UnoApp3              W  requestCursorUpdates on inactive InputConnection
2025-12-07 20:29:48.448  9971-9989  EGL_emulation           com.companyname.UnoApp3              D  app_time_stats: avg=144.76ms min=32.45ms max=362.11ms count=7
2025-12-07 20:29:48.492  9971-10036 EGL_emulation           com.companyname.UnoApp3              D  app_time_stats: avg=157.52ms min=37.92ms max=251.83ms count=7
2025-12-07 20:29:48.585  9971-9971  RemoteInpu...ectionImpl com.companyname.UnoApp3              W  getSurroundingText on inactive InputConnection
2025-12-07 20:29:49.490  9971-9989  EGL_emulation           com.companyname.UnoApp3              D  app_time_stats: avg=259.88ms min=27.29ms max=518.10ms count=4
2025-12-07 20:29:49.521  9971-10036 EGL_emulation           com.companyname.UnoApp3              D  app_time_stats: avg=256.71ms min=32.47ms max=461.26ms count=4
2025-12-07 20:29:50.538  9971-10036 EGL_emulation           com.companyname.UnoApp3              D  app_time_stats: avg=508.34ms min=61.88ms max=954.79ms count=2
2025-12-07 20:29:50.576  9971-9989  EGL_emulation           com.companyname.UnoApp3              D  app_time_stats: avg=354.21ms min=20.86ms max=1014.69ms count=3
2025-12-07 20:29:51.586  9971-9989  EGL_emulation           com.companyname.UnoApp3              D  app_time_stats: avg=167.11ms min=13.49ms max=450.36ms count=6
2025-12-07 20:29:51.624  9971-10036 EGL_emulation           com.companyname.UnoApp3              D  app_time_stats: avg=215.67ms min=28.86ms max=536.28ms count=5
2025-12-07 20:29:52.639  9971-9971  InsetsController        com.companyname.UnoApp3              D  show(ime(), fromIme=true)
2025-12-07 20:29:52.752  9971-10036 EGL_emulation           com.companyname.UnoApp3              D  app_time_stats: avg=375.42ms min=115.69ms max=774.43ms count=3
2025-12-07 20:29:53.146  9971-10648 InteractionJankMonitor  com.companyname.UnoApp3              W  Initializing without READ_DEVICE_CONFIG permission. enabled=true, interval=1, missedFrameThreshold=3, frameTimeThreshold=64, package=com.companyname.UnoApp3
2025-12-07 20:29:53.405  9971-9989  EGL_emulation           com.companyname.UnoApp3              D  app_time_stats: avg=1818.13ms min=1818.13ms max=1818.13ms count=1
2025-12-07 20:29:53.432  9971-10078 HWUI                    com.companyname.UnoApp3              I  Davey! duration=1141ms; Flags=0, FrameTimelineVsyncId=91027, IntendedVsync=1015638650714, Vsync=1016005317366, InputEventId=882165004, HandleInputStart=1016016064700, AnimationStart=1016016113700, PerformTraversalsStart=1016016315100, DrawStart=1016761503600, FrameDeadline=1015655317380, FrameInterval=1016015604400, FrameStartTime=16666666, SyncQueued=1016761599800, SyncStart=1016761812300, IssueDrawCommandsStart=1016762083400, SwapBuffers=1016762815700, FrameCompleted=1016780040800, DequeueBufferDuration=79000, QueueBufferDuration=1809200, GpuCompleted=1016780040800, SwapBuffersCompleted=1016777276500, DisplayPresentTime=0, CommandSubmissionCompleted=1016762815700,
2025-12-07 20:29:53.599  9971-10648 Choreographer           com.companyname.UnoApp3              I  Skipped 46 frames!  The application may be doing too much work on its main thread.
2025-12-07 20:29:53.848  9971-10036 EGL_emulation           com.companyname.UnoApp3              D  app_time_stats: avg=1061.81ms min=1061.81ms max=1061.81ms count=1
2025-12-07 20:29:54.080  9971-9971  ImeTracker              com.companyname.UnoApp3              I  com.companyname.UnoApp3:6faaf5c4: onShown
2025-12-07 20:29:54.655  9971-9989  EGL_emulation           com.companyname.UnoApp3              D  app_time_stats: avg=309.30ms min=249.75ms max=462.60ms count=4
2025-12-07 20:29:54.884  9971-10036 EGL_emulation           com.companyname.UnoApp3              D  app_time_stats: avg=344.21ms min=200.30ms max=474.26ms count=3
2025-12-07 20:29:55.724  9971-9989  EGL_emulation           com.companyname.UnoApp3              D  app_time_stats: avg=206.70ms min=36.17ms max=352.56ms count=5
2025-12-07 20:29:55.962  9971-10036 EGL_emulation           com.companyname.UnoApp3              D  app_time_stats: avg=268.82ms min=18.45ms max=668.03ms count=4
2025-12-07 20:29:56.872  9971-9989  EGL_emulation           com.companyname.UnoApp3              D  app_time_stats: avg=286.87ms min=48.52ms max=473.17ms count=4
2025-12-07 20:29:57.034  9971-10036 EGL_emulation           com.companyname.UnoApp3              D  app_time_stats: avg=256.50ms min=57.47ms max=393.99ms count=3
2025-12-07 20:29:58.136  9971-10036 EGL_emulation           com.companyname.UnoApp3              D  app_time_stats: avg=550.78ms min=376.50ms max=725.06ms count=2
2025-12-07 20:29:58.393  9971-9989  EGL_emulation           com.companyname.UnoApp3              D  app_time_stats: avg=379.18ms min=153.57ms max=775.45ms count=4
2025-12-07 20:29:59.313  9971-10036 EGL_emulation           com.companyname.UnoApp3              D  app_time_stats: avg=588.48ms min=353.20ms max=823.75ms count=2
2025-12-07 20:29:59.539  9971-9989  EGL_emulation           com.companyname.UnoApp3              D  app_time_stats: avg=231.98ms min=85.19ms max=408.31ms count=4
2025-12-07 20:30:00.355  9971-10036 EGL_emulation           com.companyname.UnoApp3              D  app_time_stats: avg=218.13ms min=20.10ms max=411.24ms count=4
2025-12-07 20:30:00.696  9971-9989  EGL_emulation           com.companyname.UnoApp3              D  app_time_stats: avg=285.63ms min=164.85ms max=461.12ms count=4
2025-12-07 20:30:01.445  9971-10036 EGL_emulation           com.companyname.UnoApp3              D  app_time_stats: avg=272.26ms min=93.97ms max=424.21ms count=4
2025-12-07 20:30:01.891  9971-9989  EGL_emulation           com.companyname.UnoApp3              D  app_time_stats: avg=225.22ms min=18.63ms max=477.11ms count=5
2025-12-07 20:30:02.480  9971-10036 EGL_emulation           com.companyname.UnoApp3              D  app_time_stats: avg=251.71ms min=97.20ms max=579.63ms count=4
2025-12-07 20:30:02.502  9971-9971  InputMethodManager      com.companyname.UnoApp3              W  Timeout waiting for IME to handle input event after 2500 ms: com.google.android.inputmethod.latin/com.android.inputmethod.latin.LatinIME
2025-12-07 20:30:02.976  9971-9989  EGL_emulation           com.companyname.UnoApp3              D  app_time_stats: avg=171.53ms min=59.40ms max=395.78ms count=6
2025-12-07 20:30:03.147  9971-9971  InputMethodManager      com.companyname.UnoApp3              W  Timeout waiting for IME to handle input event after 2500 ms: com.google.android.inputmethod.latin/com.android.inputmethod.latin.LatinIME
