2025-12-07 19:43:43.880 18076-18076 monodroid-assembly      com.companyname.UnoApp3              W  open_from_bundles: failed to load bundled assembly System.Diagnostics.Tracing.dll
2025-12-07 19:43:43.880 18076-18076 monodroid-assembly      com.companyname.UnoApp3              W  open_from_bundles: the assembly might have been uploaded to the device with FastDev instead
2025-12-07 19:43:44.223 18076-18283 monodroid-assembly      com.companyname.UnoApp3              W  open_from_bundles: failed to load bundled assembly System.Net.Quic.dll
2025-12-07 19:43:44.223 18076-18283 monodroid-assembly      com.companyname.UnoApp3              W  open_from_bundles: the assembly might have been uploaded to the device with FastDev instead
2025-12-07 19:43:44.225 18076-18287 monodroid-assembly      com.companyname.UnoApp3              W  open_from_bundles: failed to load bundled assembly System.Net.Quic.dll
2025-12-07 19:43:44.225 18076-18287 monodroid-assembly      com.companyname.UnoApp3              W  open_from_bundles: the assembly might have been uploaded to the device with FastDev instead
2025-12-07 19:43:44.226 18076-18287 monodroid-assembly      com.companyname.UnoApp3              W  open_from_bundles: failed to load bundled assembly System.Threading.Channels.dll
2025-12-07 19:43:44.226 18076-18285 monodroid-assembly      com.companyname.UnoApp3              W  open_from_bundles: failed to load bundled assembly System.Threading.Channels.dll
2025-12-07 19:43:44.226 18076-18285 monodroid-assembly      com.companyname.UnoApp3              W  open_from_bundles: the assembly might have been uploaded to the device with FastDev instead
2025-12-07 19:43:44.226 18076-18277 monodroid-assembly      com.companyname.UnoApp3              W  open_from_bundles: failed to load bundled assembly System.Threading.Channels.dll
2025-12-07 19:43:44.226 18076-18277 monodroid-assembly      com.companyname.UnoApp3              W  open_from_bundles: the assembly might have been uploaded to the device with FastDev instead
2025-12-07 19:43:44.227 18076-18281 monodroid-assembly      com.companyname.UnoApp3              W  open_from_bundles: failed to load bundled assembly System.Threading.Channels.dll
2025-12-07 19:43:44.227 18076-18281 monodroid-assembly      com.companyname.UnoApp3              W  open_from_bundles: the assembly might have been uploaded to the device with FastDev instead
2025-12-07 19:43:44.227 18076-18287 monodroid-assembly      com.companyname.UnoApp3              W  open_from_bundles: the assembly might have been uploaded to the device with FastDev instead
2025-12-07 19:43:44.227 18076-18282 monodroid-assembly      com.companyname.UnoApp3              W  open_from_bundles: failed to load bundled assembly System.Threading.Channels.dll
2025-12-07 19:43:44.227 18076-18282 monodroid-assembly      com.companyname.UnoApp3              W  open_from_bundles: the assembly might have been uploaded to the device with FastDev instead
2025-12-07 19:43:44.229 18076-18286 monodroid-assembly      com.companyname.UnoApp3              W  open_from_bundles: failed to load bundled assembly System.Threading.Channels.dll
2025-12-07 19:43:44.229 18076-18286 monodroid-assembly      com.companyname.UnoApp3              W  open_from_bundles: the assembly might have been uploaded to the device with FastDev instead
2025-12-07 19:43:44.307 18076-18285 monodroid-assembly      com.companyname.UnoApp3              W  open_from_bundles: failed to load bundled assembly System.Net.Sockets.dll
2025-12-07 19:43:44.307 18076-18285 monodroid-assembly      com.companyname.UnoApp3              W  open_from_bundles: the assembly might have been uploaded to the device with FastDev instead
2025-12-07 19:43:44.308 18076-18284 monodroid-assembly      com.companyname.UnoApp3              W  open_from_bundles: failed to load bundled assembly System.Net.Sockets.dll
2025-12-07 19:43:44.308 18076-18284 monodroid-assembly      com.companyname.UnoApp3              W  open_from_bundles: the assembly might have been uploaded to the device with FastDev instead
2025-12-07 19:43:44.309 18076-18283 monodroid-assembly      com.companyname.UnoApp3              W  open_from_bundles: failed to load bundled assembly System.Net.Sockets.dll
2025-12-07 19:43:44.309 18076-18283 monodroid-assembly      com.companyname.UnoApp3              W  open_from_bundles: the assembly might have been uploaded to the device with FastDev instead
2025-12-07 19:43:44.310 18076-18282 monodroid-assembly      com.companyname.UnoApp3              W  open_from_bundles: failed to load bundled assembly System.Net.Sockets.dll
2025-12-07 19:43:44.310 18076-18282 monodroid-assembly      com.companyname.UnoApp3              W  open_from_bundles: the assembly might have been uploaded to the device with FastDev instead
2025-12-07 19:43:44.322 18076-18287 monodroid-assembly      com.companyname.UnoApp3              W  open_from_bundles: failed to load bundled assembly System.Runtime.Intrinsics.dll
2025-12-07 19:43:44.323 18076-18287 monodroid-assembly      com.companyname.UnoApp3              W  open_from_bundles: the assembly might have been uploaded to the device with FastDev instead
2025-12-07 19:43:44.339 18076-18284 monodroid-assembly      com.companyname.UnoApp3              W  open_from_bundles: failed to load bundled assembly System.Threading.ThreadPool.dll
2025-12-07 19:43:44.339 18076-18284 monodroid-assembly      com.companyname.UnoApp3              W  open_from_bundles: the assembly might have been uploaded to the device with FastDev instead
2025-12-07 19:43:44.368 18076-18277 monodroid-assembly      com.companyname.UnoApp3              W  open_from_bundles: failed to load bundled assembly System.Net.NameResolution.dll
2025-12-07 19:43:44.368 18076-18277 monodroid-assembly      com.companyname.UnoApp3              W  open_from_bundles: the assembly might have been uploaded to the device with FastDev instead
2025-12-07 19:43:44.368 18076-18283 monodroid-assembly      com.companyname.UnoApp3              W  open_from_bundles: failed to load bundled assembly System.Net.NameResolution.dll
2025-12-07 19:43:44.368 18076-18283 monodroid-assembly      com.companyname.UnoApp3              W  open_from_bundles: the assembly might have been uploaded to the device with FastDev instead
2025-12-07 19:43:44.369 18076-18285 monodroid-assembly      com.companyname.UnoApp3              W  open_from_bundles: failed to load bundled assembly System.Net.NameResolution.dll
2025-12-07 19:43:44.369 18076-18285 monodroid-assembly      com.companyname.UnoApp3              W  open_from_bundles: the assembly might have been uploaded to the device with FastDev instead
2025-12-07 19:43:44.371 18076-18281 monodroid-assembly      com.companyname.UnoApp3              W  open_from_bundles: failed to load bundled assembly System.Net.NameResolution.dll
2025-12-07 19:43:44.371 18076-18281 monodroid-assembly      com.companyname.UnoApp3              W  open_from_bundles: the assembly might have been uploaded to the device with FastDev instead
2025-12-07 19:43:44.372 18076-18282 monodroid-assembly      com.companyname.UnoApp3              W  open_from_bundles: failed to load bundled assembly System.Net.NameResolution.dll
2025-12-07 19:43:44.372 18076-18282 monodroid-assembly      com.companyname.UnoApp3              W  open_from_bundles: the assembly might have been uploaded to the device with FastDev instead
2025-12-07 19:43:44.372 18076-18287 monodroid-assembly      com.companyname.UnoApp3              W  open_from_bundles: failed to load bundled assembly System.Net.NameResolution.dll
2025-12-07 19:43:44.372 18076-18287 monodroid-assembly      com.companyname.UnoApp3              W  open_from_bundles: the assembly might have been uploaded to the device with FastDev instead
2025-12-07 19:43:44.373 18076-18284 monodroid-assembly      com.companyname.UnoApp3              W  open_from_bundles: failed to load bundled assembly System.Net.NameResolution.dll
2025-12-07 19:43:44.373 18076-18284 monodroid-assembly      com.companyname.UnoApp3              W  open_from_bundles: the assembly might have been uploaded to the device with FastDev instead
2025-12-07 19:43:44.373 18076-18286 monodroid-assembly      com.companyname.UnoApp3              W  open_from_bundles: failed to load bundled assembly System.Net.NameResolution.dll
2025-12-07 19:43:44.373 18076-18286 monodroid-assembly      com.companyname.UnoApp3              W  open_from_bundles: the assembly might have been uploaded to the device with FastDev instead
2025-12-07 19:43:45.052 18076-18284 monodroid-assembly      com.companyname.UnoApp3              W  open_from_bundles: failed to load bundled assembly System.Text.Encoding.Extensions.dll
2025-12-07 19:43:45.052 18076-18284 monodroid-assembly      com.companyname.UnoApp3              W  open_from_bundles: the assembly might have been uploaded to the device with FastDev instead
2025-12-07 19:43:45.192 18076-18076 monodroid-assembly      com.companyname.UnoApp3              W  open_from_bundles: failed to load bundled assembly Uno.UI.HotDesign.Xaml.Interactions.dll
2025-12-07 19:43:45.192 18076-18076 monodroid-assembly      com.companyname.UnoApp3              W  open_from_bundles: the assembly might have been uploaded to the device with FastDev instead
2025-12-07 19:43:45.395 18076-18076 monodroid-assembly      com.companyname.UnoApp3              W  open_from_bundles: failed to load bundled assembly Uno.UI.HotDesign.Xaml.Interactivity.dll
2025-12-07 19:43:45.395 18076-18076 monodroid-assembly      com.companyname.UnoApp3              W  open_from_bundles: the assembly might have been uploaded to the device with FastDev instead
2025-12-07 19:43:45.602 18076-18076 monodroid-assembly      com.companyname.UnoApp3              W  open_from_bundles: failed to load bundled assembly SkiaSharp.Views.Windows.dll
2025-12-07 19:43:45.602 18076-18076 monodroid-assembly      com.companyname.UnoApp3              W  open_from_bundles: the assembly might have been uploaded to the device with FastDev instead
2025-12-07 19:43:45.604 18076-18076 monodroid-assembly      com.companyname.UnoApp3              W  open_from_bundles: failed to load bundled assembly Uno.AI.XamlGeneration.Contracts.dll
2025-12-07 19:43:45.604 18076-18076 monodroid-assembly      com.companyname.UnoApp3              W  open_from_bundles: the assembly might have been uploaded to the device with FastDev instead
2025-12-07 19:43:45.605 18076-18076 monodroid-assembly      com.companyname.UnoApp3              W  open_from_bundles: failed to load bundled assembly Uno.Extensions.Authentication.UI.dll
2025-12-07 19:43:45.605 18076-18076 monodroid-assembly      com.companyname.UnoApp3              W  open_from_bundles: the assembly might have been uploaded to the device with FastDev instead
2025-12-07 19:43:45.606 18076-18076 monodroid-assembly      com.companyname.UnoApp3              W  open_from_bundles: failed to load bundled assembly Uno.Extensions.Core.UI.dll
2025-12-07 19:43:45.606 18076-18076 monodroid-assembly      com.companyname.UnoApp3              W  open_from_bundles: the assembly might have been uploaded to the device with FastDev instead
2025-12-07 19:43:45.607 18076-18076 monodroid-assembly      com.companyname.UnoApp3              W  open_from_bundles: failed to load bundled assembly Uno.Extensions.Hosting.WinUI.dll
2025-12-07 19:43:45.607 18076-18076 monodroid-assembly      com.companyname.UnoApp3              W  open_from_bundles: the assembly might have been uploaded to the device with FastDev instead
2025-12-07 19:43:45.608 18076-18076 monodroid-assembly      com.companyname.UnoApp3              W  open_from_bundles: failed to load bundled assembly Uno.Extensions.Http.WinUI.dll
2025-12-07 19:43:45.608 18076-18076 monodroid-assembly      com.companyname.UnoApp3              W  open_from_bundles: the assembly might have been uploaded to the device with FastDev instead
2025-12-07 19:43:45.609 18076-18076 monodroid-assembly      com.companyname.UnoApp3              W  open_from_bundles: failed to load bundled assembly Uno.Extensions.Localization.WinUI.dll
2025-12-07 19:43:45.609 18076-18076 monodroid-assembly      com.companyname.UnoApp3              W  open_from_bundles: the assembly might have been uploaded to the device with FastDev instead
2025-12-07 19:43:45.610 18076-18076 monodroid-assembly      com.companyname.UnoApp3              W  open_from_bundles: failed to load bundled assembly Uno.Extensions.Logging.Serilog.dll
2025-12-07 19:43:45.610 18076-18076 monodroid-assembly      com.companyname.UnoApp3              W  open_from_bundles: the assembly might have been uploaded to the device with FastDev instead
2025-12-07 19:43:45.611 18076-18076 monodroid-assembly      com.companyname.UnoApp3              W  open_from_bundles: failed to load bundled assembly Uno.Extensions.Logging.WinUI.dll
2025-12-07 19:43:45.611 18076-18076 monodroid-assembly      com.companyname.UnoApp3              W  open_from_bundles: the assembly might have been uploaded to the device with FastDev instead
2025-12-07 19:43:45.612 18076-18076 monodroid-assembly      com.companyname.UnoApp3              W  open_from_bundles: failed to load bundled assembly Uno.Extensions.Navigation.Toolkit.UI.dll
2025-12-07 19:43:45.612 18076-18076 monodroid-assembly      com.companyname.UnoApp3              W  open_from_bundles: the assembly might have been uploaded to the device with FastDev instead
2025-12-07 19:43:45.613 18076-18076 monodroid-assembly      com.companyname.UnoApp3              W  open_from_bundles: failed to load bundled assembly Uno.Extensions.Navigation.UI.dll
2025-12-07 19:43:45.613 18076-18076 monodroid-assembly      com.companyname.UnoApp3              W  open_from_bundles: the assembly might have been uploaded to the device with FastDev instead
2025-12-07 19:43:45.616 18076-18076 monodroid-assembly      com.companyname.UnoApp3              W  open_from_bundles: failed to load bundled assembly Uno.Extensions.Storage.UI.dll
2025-12-07 19:43:45.616 18076-18076 monodroid-assembly      com.companyname.UnoApp3              W  open_from_bundles: the assembly might have been uploaded to the device with FastDev instead
2025-12-07 19:43:45.617 18076-18076 monodroid-assembly      com.companyname.UnoApp3              W  open_from_bundles: failed to load bundled assembly Uno.Material.WinUI.dll
2025-12-07 19:43:45.617 18076-18076 monodroid-assembly      com.companyname.UnoApp3              W  open_from_bundles: the assembly might have been uploaded to the device with FastDev instead
2025-12-07 19:43:45.619 18076-18076 monodroid-assembly      com.companyname.UnoApp3              W  open_from_bundles: failed to load bundled assembly Uno.Themes.WinUI.dll
2025-12-07 19:43:45.619 18076-18076 monodroid-assembly      com.companyname.UnoApp3              W  open_from_bundles: the assembly might have been uploaded to the device with FastDev instead
2025-12-07 19:43:45.620 18076-18076 monodroid-assembly      com.companyname.UnoApp3              W  open_from_bundles: failed to load bundled assembly Uno.Toolkit.WinUI.dll
2025-12-07 19:43:45.620 18076-18076 monodroid-assembly      com.companyname.UnoApp3              W  open_from_bundles: the assembly might have been uploaded to the device with FastDev instead
2025-12-07 19:43:45.621 18076-18076 monodroid-assembly      com.companyname.UnoApp3              W  open_from_bundles: failed to load bundled assembly Uno.UI.App.Mcp.Client.dll
2025-12-07 19:43:45.621 18076-18076 monodroid-assembly      com.companyname.UnoApp3              W  open_from_bundles: the assembly might have been uploaded to the device with FastDev instead
2025-12-07 19:43:45.628 18076-18076 monodroid-assembly      com.companyname.UnoApp3              W  open_from_bundles: failed to load bundled assembly Uno.UI.HotDesign.Chat.dll
2025-12-07 19:43:45.628 18076-18076 monodroid-assembly      com.companyname.UnoApp3              W  open_from_bundles: the assembly might have been uploaded to the device with FastDev instead
2025-12-07 19:43:45.629 18076-18076 monodroid-assembly      com.companyname.UnoApp3              W  open_from_bundles: failed to load bundled assembly Uno.UI.HotDesign.Client.Core.dll
2025-12-07 19:43:45.629 18076-18076 monodroid-assembly      com.companyname.UnoApp3              W  open_from_bundles: the assembly might have been uploaded to the device with FastDev instead
2025-12-07 19:43:45.630 18076-18076 monodroid-assembly      com.companyname.UnoApp3              W  open_from_bundles: failed to load bundled assembly Uno.UI.HotDesign.CommunityToolkit.dll
2025-12-07 19:43:45.631 18076-18076 monodroid-assembly      com.companyname.UnoApp3              W  open_from_bundles: the assembly might have been uploaded to the device with FastDev instead
2025-12-07 19:43:45.631 18076-18076 monodroid-assembly      com.companyname.UnoApp3              W  open_from_bundles: failed to load bundled assembly Uno.UI.HotDesign.dll
2025-12-07 19:43:45.631 18076-18076 monodroid-assembly      com.companyname.UnoApp3              W  open_from_bundles: the assembly might have been uploaded to the device with FastDev instead
2025-12-07 19:43:45.632 18076-18076 monodroid-assembly      com.companyname.UnoApp3              W  open_from_bundles: failed to load bundled assembly Uno.UI.HotDesign.Hierarchy.dll
2025-12-07 19:43:45.632 18076-18076 monodroid-assembly      com.companyname.UnoApp3              W  open_from_bundles: the assembly might have been uploaded to the device with FastDev instead
2025-12-07 19:43:45.633 18076-18076 monodroid-assembly      com.companyname.UnoApp3              W  open_from_bundles: failed to load bundled assembly Uno.UI.HotDesign.PropertyGrid.dll
2025-12-07 19:43:45.634 18076-18076 monodroid-assembly      com.companyname.UnoApp3              W  open_from_bundles: the assembly might have been uploaded to the device with FastDev instead
2025-12-07 19:43:45.635 18076-18076 monodroid-assembly      com.companyname.UnoApp3              W  open_from_bundles: failed to load bundled assembly Uno.UI.HotDesign.Stories.dll
2025-12-07 19:43:45.635 18076-18076 monodroid-assembly      com.companyname.UnoApp3              W  open_from_bundles: the assembly might have been uploaded to the device with FastDev instead
2025-12-07 19:43:45.636 18076-18076 monodroid-assembly      com.companyname.UnoApp3              W  open_from_bundles: failed to load bundled assembly Uno.UI.HotDesign.Toolbox.dll
2025-12-07 19:43:45.636 18076-18076 monodroid-assembly      com.companyname.UnoApp3              W  open_from_bundles: the assembly might have been uploaded to the device with FastDev instead
2025-12-07 19:43:45.637 18076-18076 monodroid-assembly      com.companyname.UnoApp3              W  open_from_bundles: failed to load bundled assembly Uno.UI.Lottie.dll
2025-12-07 19:43:45.637 18076-18076 monodroid-assembly      com.companyname.UnoApp3              W  open_from_bundles: the assembly might have been uploaded to the device with FastDev instead
2025-12-07 19:43:45.639 18076-18076 monodroid-assembly      com.companyname.UnoApp3              W  open_from_bundles: failed to load bundled assembly Uno.UI.Toolkit.dll
2025-12-07 19:43:45.639 18076-18076 monodroid-assembly      com.companyname.UnoApp3              W  open_from_bundles: the assembly might have been uploaded to the device with FastDev instead
2025-12-07 19:43:45.639 18076-18076 monodroid-assembly      com.companyname.UnoApp3              W  open_from_bundles: failed to load bundled assembly Uno.WinUI.Graphics2DSK.dll
2025-12-07 19:43:45.640 18076-18076 monodroid-assembly      com.companyname.UnoApp3              W  open_from_bundles: the assembly might have been uploaded to the device with FastDev instead
2025-12-07 19:43:47.356 18076-18076 monodroid-assembly      com.companyname.UnoApp3              W  open_from_bundles: failed to load bundled assembly Uno.Core.Extensions.Disposables.dll
2025-12-07 19:43:47.357 18076-18076 monodroid-assembly      com.companyname.UnoApp3              W  open_from_bundles: the assembly might have been uploaded to the device with FastDev instead
2025-12-07 19:43:47.400 18076-18076 monodroid-assembly      com.companyname.UnoApp3              W  open_from_bundles: failed to load bundled assembly Uno.UI.HotDesign.Xaml.dll
2025-12-07 19:43:47.400 18076-18076 monodroid-assembly      com.companyname.UnoApp3              W  open_from_bundles: the assembly might have been uploaded to the device with FastDev instead
2025-12-07 19:43:47.469 18076-18076 monodroid-assembly      com.companyname.UnoApp3              W  open_from_bundles: failed to load bundled assembly System.Text.Json.dll
2025-12-07 19:43:47.469 18076-18076 monodroid-assembly      com.companyname.UnoApp3              W  open_from_bundles: the assembly might have been uploaded to the device with FastDev instead
2025-12-07 19:43:47.479 18076-18076 monodroid-assembly      com.companyname.UnoApp3              W  open_from_bundles: failed to load bundled assembly Uno.UI.HotDesign.Messaging.dll
2025-12-07 19:43:47.479 18076-18076 monodroid-assembly      com.companyname.UnoApp3              W  open_from_bundles: the assembly might have been uploaded to the device with FastDev instead
2025-12-07 19:43:47.498 18076-18076 monodroid-assembly      com.companyname.UnoApp3              W  open_from_bundles: failed to load bundled assembly Uno.UI.HotDesign.Abstractions.dll
2025-12-07 19:43:47.498 18076-18076 monodroid-assembly      com.companyname.UnoApp3              W  open_from_bundles: the assembly might have been uploaded to the device with FastDev instead
2025-12-07 19:43:47.503 18076-18076 monodroid-assembly      com.companyname.UnoApp3              W  open_from_bundles: failed to load bundled assembly System.Text.Encodings.Web.dll
2025-12-07 19:43:47.503 18076-18076 monodroid-assembly      com.companyname.UnoApp3              W  open_from_bundles: the assembly might have been uploaded to the device with FastDev instead
2025-12-07 19:43:47.678 18076-18076 monodroid-assembly      com.companyname.UnoApp3              W  open_from_bundles: failed to load bundled assembly CommunityToolkit.Mvvm.dll
2025-12-07 19:43:47.678 18076-18076 monodroid-assembly      com.companyname.UnoApp3              W  open_from_bundles: the assembly might have been uploaded to the device with FastDev instead
2025-12-07 19:43:47.688 18076-18076 monodroid-assembly      com.companyname.UnoApp3              W  open_from_bundles: failed to load bundled assembly Uno.Core.Extensions.Collections.dll
2025-12-07 19:43:47.688 18076-18076 monodroid-assembly      com.companyname.UnoApp3              W  open_from_bundles: the assembly might have been uploaded to the device with FastDev instead
2025-12-07 19:43:49.125 18076-18098 AppScoutStateMachine    com.companyname.UnoApp3              D  18076-ScoutStateMachinecreated
2025-12-07 19:43:49.458 18076-18076 monodroid-assembly      com.companyname.UnoApp3              W  open_from_bundles: failed to load bundled assembly SkiaSharp.Skottie.dll
2025-12-07 19:43:49.458 18076-18076 monodroid-assembly      com.companyname.UnoApp3              W  open_from_bundles: the assembly might have been uploaded to the device with FastDev instead
2025-12-07 19:43:49.466 18076-18076 monodroid-assembly      com.companyname.UnoApp3              W  open_from_bundles: failed to load bundled assembly SkiaSharp.SceneGraph.dll
2025-12-07 19:43:49.466 18076-18076 monodroid-assembly      com.companyname.UnoApp3              W  open_from_bundles: the assembly might have been uploaded to the device with FastDev instead
2025-12-07 19:43:49.977 18076-18076 monodroid-assembly      com.companyname.UnoApp3              W  open_from_bundles: failed to load bundled assembly HarfBuzzSharp.dll
2025-12-07 19:43:49.977 18076-18076 monodroid-assembly      com.companyname.UnoApp3              W  open_from_bundles: the assembly might have been uploaded to the device with FastDev instead
2025-12-07 19:43:50.183 18076-18076 monodroid-assembly      com.companyname.UnoApp3              W  open_from_bundles: failed to load bundled assembly System.ComponentModel.dll
2025-12-07 19:43:50.183 18076-18076 monodroid-assembly      com.companyname.UnoApp3              W  open_from_bundles: the assembly might have been uploaded to the device with FastDev instead
2025-12-07 19:43:50.184 18076-18076 monodroid-assembly      com.companyname.UnoApp3              W  open_from_bundles: failed to load bundled assembly Uno.Extensions.Navigation.dll
2025-12-07 19:43:50.184 18076-18076 monodroid-assembly      com.companyname.UnoApp3              W  open_from_bundles: the assembly might have been uploaded to the device with FastDev instead
2025-12-07 19:43:50.342 18076-18076 monodroid-assembly      com.companyname.UnoApp3              W  open_from_bundles: failed to load bundled assembly System.ComponentModel.Primitives.dll
2025-12-07 19:43:50.342 18076-18076 monodroid-assembly      com.companyname.UnoApp3              W  open_from_bundles: the assembly might have been uploaded to the device with FastDev instead
2025-12-07 19:43:50.352 18076-18076 monodroid-assembly      com.companyname.UnoApp3              W  open_from_bundles: failed to load bundled assembly Uno.Toolkit.dll
2025-12-07 19:43:50.352 18076-18076 monodroid-assembly      com.companyname.UnoApp3              W  open_from_bundles: the assembly might have been uploaded to the device with FastDev instead
2025-12-07 19:43:50.433 18076-18076 Activity                com.companyname.UnoApp3              W  PerfMonitor: Slow Operation: Activity com.companyname.UnoApp3/crc647550fd11ca543fdf.MainActivity onStart took 5146ms
2025-12-07 19:43:50.450 18076-18076 anyname.UnoApp          com.companyname.UnoApp3              I  hiddenapi: Accessing hidden method Landroid/view/ViewGroup;->makeOptionalFitsSystemWindows()V (runtime_flags=0, domain=platform, api=unsupported) from Landroidx/appcompat/widget/ViewUtils; (domain=app) using reflection: allowed
2025-12-07 19:43:50.478 18076-18076 DecorView[]             com.companyname.UnoApp3              D  getWindowModeFromSystem  windowmode is 1
2025-12-07 19:43:50.478 18076-18076 DecorView[]             com.companyname.UnoApp3              D  updateDecorCaptionStatus displayWindowDecor is false
2025-12-07 19:43:50.487 18076-18076 Looper                  com.companyname.UnoApp3              W  PerfMonitor longMsg : seq=4 plan=18:43:39.767 late=2144ms wall=6400ms running=0ms h=android.app.ActivityThread$H w=159 procState=-1
2025-12-07 19:43:50.487 18076-18076 Looper                  com.companyname.UnoApp3              W  PerfMonitor looperActivity : package=com.companyname.UnoApp3/crc647550fd11ca543fdf.MainActivity time=6400ms latency=2144ms running=0ms  procState=-1  historyMsgCount=3 (msgIndex=3 wall=2073ms seq=3 late=49ms h=android.app.ActivityThread$H w=110)
2025-12-07 19:43:50.488 18076-18076 Looper                  com.companyname.UnoApp3              W  PerfMonitor looperActivity : package=com.companyname.UnoApp3/crc647550fd11ca543fdf.MainActivity time=1ms latency=8545ms running=0ms  procState=-1  historyMsgCount=4 (msgIndex=3 wall=2073ms seq=3 late=49ms h=android.app.ActivityThread$H w=110) (msgIndex=4 wall=6400ms seq=4 late=2144ms h=android.app.ActivityThread$H w=159)
2025-12-07 19:43:50.489 18076-18076 Looper                  com.companyname.UnoApp3              W  PerfMonitor looperActivity : package=com.companyname.UnoApp3/crc647550fd11ca543fdf.MainActivity time=0ms latency=8544ms running=0ms  procState=-1  historyMsgCount=6 (msgIndex=3 wall=2073ms seq=3 late=49ms h=android.app.ActivityThread$H w=110) (msgIndex=4 wall=6400ms seq=4 late=2144ms h=android.app.ActivityThread$H w=159)
2025-12-07 19:43:50.500 18076-18076 Looper                  com.companyname.UnoApp3              W  PerfMonitor looperActivity : package=com.companyname.UnoApp3/crc647550fd11ca543fdf.MainActivity time=10ms latency=8542ms running=0ms  procState=-1  historyMsgCount=7 (msgIndex=3 wall=2073ms seq=3 late=49ms h=android.app.ActivityThread$H w=110) (msgIndex=4 wall=6400ms seq=4 late=2144ms h=android.app.ActivityThread$H w=159)
2025-12-07 19:43:50.511 18076-18076 Looper                  com.companyname.UnoApp3              W  PerfMonitor looperActivity : package=com.companyname.UnoApp3/crc647550fd11ca543fdf.MainActivity time=11ms latency=8050ms running=0ms  procState=-1  historyMsgCount=7 (msgIndex=1 wall=2073ms seq=3 late=49ms h=android.app.ActivityThread$H w=110) (msgIndex=2 wall=6400ms seq=4 late=2144ms h=android.app.ActivityThread$H w=159)
2025-12-07 19:43:50.512 18076-18076 Choreographer           com.companyname.UnoApp3              I  Skipped 396 frames!  The application may be doing too much work on its main thread.
2025-12-07 19:43:50.559 18076-18076 Looper                  com.companyname.UnoApp3              W  PerfMonitor doFrame : time=47ms vsyncFrame=0 latency=6614ms procState=-1 historyMsgCount=11 (msgIndex=1 wall=2073ms seq=3 late=49ms h=android.app.ActivityThread$H w=110) (msgIndex=2 wall=6400ms seq=4 late=2144ms h=android.app.ActivityThread$H w=159)
2025-12-07 19:43:50.563 18076-18076 Looper                  com.companyname.UnoApp3              W  PerfMonitor looperActivity : package=com.companyname.UnoApp3/crc647550fd11ca543fdf.MainActivity time=1ms latency=1480ms running=0ms  procState=-1  historyMsgCount=13 (msgIndex=1 wall=6400ms seq=4 late=2144ms h=android.app.ActivityThread$H w=159)
2025-12-07 19:43:50.577 18076-18076 Looper                  com.companyname.UnoApp3              W  PerfMonitor looperActivity : package=com.companyname.UnoApp3/crc647550fd11ca543fdf.MainActivity time=13ms latency=1481ms running=0ms  procState=-1  historyMsgCount=14 (msgIndex=1 wall=6400ms seq=4 late=2144ms h=android.app.ActivityThread$H w=159)
2025-12-07 19:43:50.589 18076-18208 AdrenoGLES-0            com.companyname.UnoApp3              I  QUALCOMM build                   : 3e33337ce3, I07ee46fc66
                                                                                                    Build Date                       : 10/08/21
                                                                                                    OpenGL ES Shader Compiler Version: EV031.35.01.10
                                                                                                    Local Branch                     :
                                                                                                    Remote Branch                    :
                                                                                                    Remote Branch                    :
                                                                                                    Reconstruct Branch               :
2025-12-07 19:43:50.589 18076-18208 AdrenoGLES-0            com.companyname.UnoApp3              I  Build Config                     : S P 10.0.7 AArch64
2025-12-07 19:43:50.589 18076-18208 AdrenoGLES-0            com.companyname.UnoApp3              I  Driver Path                      : /vendor/lib64/egl/libGLESv2_adreno.so
2025-12-07 19:43:50.608 18076-18208 AdrenoGLES-0            com.companyname.UnoApp3              I  PFP: 0x016ee201, ME: 0x00000000
2025-12-07 19:43:50.651 18076-18208 hw-ProcessState         com.companyname.UnoApp3              D  Binder ioctl to enable oneway spam detection failed: Invalid argument
2025-12-07 19:43:50.691 18076-18076 monodroid-assembly      com.companyname.UnoApp3              W  open_from_bundles: failed to load bundled assembly Uno.UI.App.Mcp.Messages.dll
2025-12-07 19:43:50.691 18076-18076 monodroid-assembly      com.companyname.UnoApp3              W  open_from_bundles: the assembly might have been uploaded to the device with FastDev instead
2025-12-07 19:43:50.696 18076-18076 monodroid-assembly      com.companyname.UnoApp3              W  open_from_bundles: failed to load bundled assembly Uno.Core.Extensions.Logging.Singleton.dll
2025-12-07 19:43:50.696 18076-18076 monodroid-assembly      com.companyname.UnoApp3              W  open_from_bundles: the assembly might have been uploaded to the device with FastDev instead
2025-12-07 19:43:50.725 18076-18076 monodroid-assembly      com.companyname.UnoApp3              W  open_from_bundles: failed to load bundled assembly Newtonsoft.Json.dll
2025-12-07 19:43:50.725 18076-18076 monodroid-assembly      com.companyname.UnoApp3              W  open_from_bundles: the assembly might have been uploaded to the device with FastDev instead
2025-12-07 19:43:50.742 18076-18076 monodroid-assembly      com.companyname.UnoApp3              W  open_from_bundles: failed to load bundled assembly System.Runtime.Serialization.Formatters.dll
2025-12-07 19:43:50.742 18076-18076 monodroid-assembly      com.companyname.UnoApp3              W  open_from_bundles: the assembly might have been uploaded to the device with FastDev instead
2025-12-07 19:43:50.776 18076-18076 monodroid-assembly      com.companyname.UnoApp3              W  open_from_bundles: failed to load bundled assembly System.Runtime.Serialization.Primitives.dll
2025-12-07 19:43:50.776 18076-18076 monodroid-assembly      com.companyname.UnoApp3              W  open_from_bundles: the assembly might have been uploaded to the device with FastDev instead
2025-12-07 19:43:50.780 18076-18076 monodroid-assembly      com.companyname.UnoApp3              W  open_from_bundles: failed to load bundled assembly System.Runtime.Numerics.dll
2025-12-07 19:43:50.780 18076-18076 monodroid-assembly      com.companyname.UnoApp3              W  open_from_bundles: the assembly might have been uploaded to the device with FastDev instead
2025-12-07 19:43:50.791 18076-18076 monodroid-assembly      com.companyname.UnoApp3              W  open_from_bundles: failed to load bundled assembly System.Diagnostics.TraceSource.dll
2025-12-07 19:43:50.791 18076-18076 monodroid-assembly      com.companyname.UnoApp3              W  open_from_bundles: the assembly might have been uploaded to the device with FastDev instead
2025-12-07 19:43:50.794 18076-18076 monodroid-assembly      com.companyname.UnoApp3              W  open_from_bundles: failed to load bundled assembly System.Linq.Expressions.dll
2025-12-07 19:43:50.794 18076-18076 monodroid-assembly      com.companyname.UnoApp3              W  open_from_bundles: the assembly might have been uploaded to the device with FastDev instead
2025-12-07 19:43:50.798 18076-18076 monodroid-assembly      com.companyname.UnoApp3              W  open_from_bundles: failed to load bundled assembly System.ComponentModel.TypeConverter.dll
2025-12-07 19:43:50.798 18076-18076 monodroid-assembly      com.companyname.UnoApp3              W  open_from_bundles: the assembly might have been uploaded to the device with FastDev instead
2025-12-07 19:43:50.832 18076-18076 monodroid-assembly      com.companyname.UnoApp3              W  open_from_bundles: failed to load bundled assembly System.Data.Common.dll
2025-12-07 19:43:50.832 18076-18076 monodroid-assembly      com.companyname.UnoApp3              W  open_from_bundles: the assembly might have been uploaded to the device with FastDev instead
2025-12-07 19:43:50.904 18076-18076 monodroid-assembly      com.companyname.UnoApp3              W  open_from_bundles: failed to load bundled assembly System.Reflection.Emit.ILGeneration.dll
2025-12-07 19:43:50.904 18076-18076 monodroid-assembly      com.companyname.UnoApp3              W  open_from_bundles: the assembly might have been uploaded to the device with FastDev instead
2025-12-07 19:43:50.923 18076-18076 monodroid-assembly      com.companyname.UnoApp3              W  open_from_bundles: failed to load bundled assembly System.Reflection.Emit.Lightweight.dll
2025-12-07 19:43:50.923 18076-18076 monodroid-assembly      com.companyname.UnoApp3              W  open_from_bundles: the assembly might have been uploaded to the device with FastDev instead
2025-12-07 19:43:50.939 18076-18076 monodroid-assembly      com.companyname.UnoApp3              W  open_from_bundles: failed to load bundled assembly System.Reflection.Primitives.dll
2025-12-07 19:43:50.940 18076-18076 monodroid-assembly      com.companyname.UnoApp3              W  open_from_bundles: the assembly might have been uploaded to the device with FastDev instead
2025-12-07 19:43:50.994 18076-18076 monodroid-assembly      com.companyname.UnoApp3              W  open_from_bundles: failed to load bundled assembly System.IO.Pipelines.dll
2025-12-07 19:43:50.994 18076-18076 monodroid-assembly      com.companyname.UnoApp3              W  open_from_bundles: the assembly might have been uploaded to the device with FastDev instead
2025-12-07 19:43:51.299 18076-18076 monodroid-assembly      com.companyname.UnoApp3              W  open_from_bundles: failed to load bundled assembly Uno.Extensions.Core.dll
2025-12-07 19:43:51.299 18076-18076 monodroid-assembly      com.companyname.UnoApp3              W  open_from_bundles: the assembly might have been uploaded to the device with FastDev instead
2025-12-07 19:43:51.318 18076-18076 monodroid-assembly      com.companyname.UnoApp3              W  open_from_bundles: failed to load bundled assembly System.Drawing.Primitives.dll
2025-12-07 19:43:51.318 18076-18076 monodroid-assembly      com.companyname.UnoApp3              W  open_from_bundles: the assembly might have been uploaded to the device with FastDev instead
2025-12-07 19:43:51.335 18076-18076 monodroid-assembly      com.companyname.UnoApp3              W  open_from_bundles: failed to load bundled assembly System.Xml.XDocument.dll
2025-12-07 19:43:51.335 18076-18076 monodroid-assembly      com.companyname.UnoApp3              W  open_from_bundles: the assembly might have been uploaded to the device with FastDev instead
2025-12-07 19:43:51.336 18076-18076 monodroid-assembly      com.companyname.UnoApp3              W  open_from_bundles: failed to load bundled assembly System.Private.Xml.Linq.dll
2025-12-07 19:43:51.336 18076-18076 monodroid-assembly      com.companyname.UnoApp3              W  open_from_bundles: the assembly might have been uploaded to the device with FastDev instead
2025-12-07 19:43:51.339 18076-18076 monodroid-assembly      com.companyname.UnoApp3              W  open_from_bundles: failed to load bundled assembly System.Xml.XPath.XDocument.dll
2025-12-07 19:43:51.339 18076-18076 monodroid-assembly      com.companyname.UnoApp3              W  open_from_bundles: the assembly might have been uploaded to the device with FastDev instead
2025-12-07 19:43:51.342 18076-18076 monodroid-assembly      com.companyname.UnoApp3              W  open_from_bundles: failed to load bundled assembly CommonServiceLocator.dll
2025-12-07 19:43:51.342 18076-18076 monodroid-assembly      com.companyname.UnoApp3              W  open_from_bundles: the assembly might have been uploaded to the device with FastDev instead
2025-12-07 19:43:51.343 18076-18076 monodroid-assembly      com.companyname.UnoApp3              W  open_from_bundles: failed to load bundled assembly Microsoft.Extensions.Logging.dll
2025-12-07 19:43:51.343 18076-18076 monodroid-assembly      com.companyname.UnoApp3              W  open_from_bundles: the assembly might have been uploaded to the device with FastDev instead
2025-12-07 19:43:51.345 18076-18076 monodroid-assembly      com.companyname.UnoApp3              W  open_from_bundles: failed to load bundled assembly Microsoft.Extensions.Options.dll
2025-12-07 19:43:51.345 18076-18076 monodroid-assembly      com.companyname.UnoApp3              W  open_from_bundles: the assembly might have been uploaded to the device with FastDev instead
2025-12-07 19:43:51.481 18076-18076 monodroid-assembly      com.companyname.UnoApp3              W  open_from_bundles: failed to load bundled assembly Uno.Xaml.dll
2025-12-07 19:43:51.481 18076-18076 monodroid-assembly      com.companyname.UnoApp3              W  open_from_bundles: the assembly might have been uploaded to the device with FastDev instead
2025-12-07 19:43:51.933 18076-18076 monodroid-assembly      com.companyname.UnoApp3              W  open_from_bundles: failed to load bundled assembly _Microsoft.Android.Resource.Designer.dll
2025-12-07 19:43:51.933 18076-18076 monodroid-assembly      com.companyname.UnoApp3              W  open_from_bundles: the assembly might have been uploaded to the device with FastDev instead
2025-12-07 19:43:51.938 18076-18076 monodroid-assembly      com.companyname.UnoApp3              W  open_from_bundles: failed to load bundled assembly Microsoft.Extensions.Localization.Abstractions.dll
2025-12-07 19:43:51.938 18076-18076 monodroid-assembly      com.companyname.UnoApp3              W  open_from_bundles: the assembly might have been uploaded to the device with FastDev instead
2025-12-07 19:43:51.942 18076-18076 monodroid-assembly      com.companyname.UnoApp3              W  open_from_bundles: failed to load bundled assembly Microsoft.Extensions.Hosting.dll
2025-12-07 19:43:51.942 18076-18076 monodroid-assembly      com.companyname.UnoApp3              W  open_from_bundles: the assembly might have been uploaded to the device with FastDev instead
2025-12-07 19:43:51.943 18076-18076 monodroid-assembly      com.companyname.UnoApp3              W  open_from_bundles: failed to load bundled assembly Serilog.dll
2025-12-07 19:43:51.943 18076-18076 monodroid-assembly      com.companyname.UnoApp3              W  open_from_bundles: the assembly might have been uploaded to the device with FastDev instead
2025-12-07 19:43:51.945 18076-18076 monodroid-assembly      com.companyname.UnoApp3              W  open_from_bundles: failed to load bundled assembly Microsoft.Extensions.Configuration.Abstractions.dll
2025-12-07 19:43:51.945 18076-18076 monodroid-assembly      com.companyname.UnoApp3              W  open_from_bundles: the assembly might have been uploaded to the device with FastDev instead
2025-12-07 19:43:52.298 18076-18076 Looper                  com.companyname.UnoApp3              W  PerfMonitor longMsg : seq=41 plan=18:43:50.990 late=183ms wall=1121ms running=0ms h=android.os.Handler c=mono.java.lang.NativeDispatcherImplementor procState=-1
2025-12-07 19:43:52.303 18076-18076 Choreographer           com.companyname.UnoApp3              I  Skipped 67 frames!  The application may be doing too much work on its main thread.
2025-12-07 19:43:52.312 18076-18076 SurfaceView             com.companyname.UnoApp3              D  UPDATE null, mIsCastMode = false
2025-12-07 19:43:52.484 18076-18416 OpenGLRenderer          com.companyname.UnoApp3              I  Davey! duration=1295ms; Flags=1, FrameTimelineVsyncId=18860664, IntendedVsync=370214825690128, Vsync=370215942356750, InputEventId=0, HandleInputStart=370215951625071, AnimationStart=370215951626373, PerformTraversalsStart=370215951626946, DrawStart=370215970539186, FrameDeadline=370214842356794, FrameInterval=370215951514550, FrameStartTime=16666666, SyncQueued=370215976625228, SyncStart=370215976743353, IssueDrawCommandsStart=370215977440384, SwapBuffers=370216118166425, FrameCompleted=370216121610071, DequeueBufferDuration=28907, QueueBufferDuration=1867552, GpuCompleted=370216120360592, SwapBuffersCompleted=370216121610071, DisplayPresentTime=0,
2025-12-07 19:43:52.516 18076-18076 Looper                  com.companyname.UnoApp3              W  PerfMonitor doFrame : time=213ms vsyncFrame=0 latency=1126ms procState=-1 historyMsgCount=1 (msgIndex=1 wall=1121ms seq=41 late=183ms h=android.os.Handler c=mono.java.lang.NativeDispatcherImplementor)
2025-12-07 19:43:52.531 18076-18076 SurfaceView             com.companyname.UnoApp3              D  UPDATE Surface(name=SurfaceView[com.companyname.UnoApp3/crc647550fd11ca543fdf.MainActivity])/@0xb58c086, mIsProjectionMode = false
2025-12-07 19:43:52.554 18076-18076 monodroid-assembly      com.companyname.UnoApp3              W  open_from_bundles: failed to load bundled assembly Microsoft.Extensions.FileProviders.Physical.dll
2025-12-07 19:43:52.554 18076-18076 monodroid-assembly      com.companyname.UnoApp3              W  open_from_bundles: the assembly might have been uploaded to the device with FastDev instead
2025-12-07 19:43:52.555 18076-18076 monodroid-assembly      com.companyname.UnoApp3              W  open_from_bundles: failed to load bundled assembly Microsoft.Extensions.FileProviders.Abstractions.dll
2025-12-07 19:43:52.555 18076-18076 monodroid-assembly      com.companyname.UnoApp3              W  open_from_bundles: the assembly might have been uploaded to the device with FastDev instead
2025-12-07 19:43:52.559 18076-18076 monodroid-assembly      com.companyname.UnoApp3              W  open_from_bundles: failed to load bundled assembly Microsoft.Extensions.DependencyInjection.dll
2025-12-07 19:43:52.559 18076-18076 monodroid-assembly      com.companyname.UnoApp3              W  open_from_bundles: the assembly might have been uploaded to the device with FastDev instead
2025-12-07 19:43:52.565 18076-18076 monodroid-assembly      com.companyname.UnoApp3              W  open_from_bundles: failed to load bundled assembly Uno.Extensions.Serialization.dll
2025-12-07 19:43:52.565 18076-18076 monodroid-assembly      com.companyname.UnoApp3              W  open_from_bundles: the assembly might have been uploaded to the device with FastDev instead
2025-12-07 19:43:52.567 18076-18076 monodroid-assembly      com.companyname.UnoApp3              W  open_from_bundles: failed to load bundled assembly Uno.Extensions.Hosting.dll
2025-12-07 19:43:52.567 18076-18076 monodroid-assembly      com.companyname.UnoApp3              W  open_from_bundles: the assembly might have been uploaded to the device with FastDev instead
2025-12-07 19:43:52.570 18076-18076 monodroid-assembly      com.companyname.UnoApp3              W  open_from_bundles: failed to load bundled assembly Uno.Extensions.Storage.dll
2025-12-07 19:43:52.570 18076-18076 monodroid-assembly      com.companyname.UnoApp3              W  open_from_bundles: the assembly might have been uploaded to the device with FastDev instead
2025-12-07 19:43:52.574 18076-18076 monodroid-assembly      com.companyname.UnoApp3              W  open_from_bundles: failed to load bundled assembly Uno.Extensions.Localization.dll
2025-12-07 19:43:52.574 18076-18076 monodroid-assembly      com.companyname.UnoApp3              W  open_from_bundles: the assembly might have been uploaded to the device with FastDev instead
2025-12-07 19:43:52.580 18076-18076 monodroid-assembly      com.companyname.UnoApp3              W  open_from_bundles: failed to load bundled assembly Uno.Extensions.Http.dll
2025-12-07 19:43:52.580 18076-18076 monodroid-assembly      com.companyname.UnoApp3              W  open_from_bundles: the assembly might have been uploaded to the device with FastDev instead
2025-12-07 19:43:52.585 18076-18076 monodroid-assembly      com.companyname.UnoApp3              W  open_from_bundles: failed to load bundled assembly Microsoft.Extensions.Configuration.dll
2025-12-07 19:43:52.585 18076-18076 monodroid-assembly      com.companyname.UnoApp3              W  open_from_bundles: the assembly might have been uploaded to the device with FastDev instead
2025-12-07 19:43:52.587 18076-18076 monodroid-assembly      com.companyname.UnoApp3              W  open_from_bundles: failed to load bundled assembly Microsoft.Extensions.Configuration.EnvironmentVariables.dll
2025-12-07 19:43:52.587 18076-18076 monodroid-assembly      com.companyname.UnoApp3              W  open_from_bundles: the assembly might have been uploaded to the device with FastDev instead
2025-12-07 19:43:52.588 18076-18076 monodroid-assembly      com.companyname.UnoApp3              W  open_from_bundles: failed to load bundled assembly Microsoft.Extensions.Configuration.CommandLine.dll
2025-12-07 19:43:52.588 18076-18076 monodroid-assembly      com.companyname.UnoApp3              W  open_from_bundles: the assembly might have been uploaded to the device with FastDev instead
2025-12-07 19:43:52.590 18076-18076 monodroid-assembly      com.companyname.UnoApp3              W  open_from_bundles: failed to load bundled assembly System.Web.HttpUtility.dll
2025-12-07 19:43:52.590 18076-18076 monodroid-assembly      com.companyname.UnoApp3              W  open_from_bundles: the assembly might have been uploaded to the device with FastDev instead
2025-12-07 19:43:52.591 18076-18076 monodroid-assembly      com.companyname.UnoApp3              W  open_from_bundles: failed to load bundled assembly Microsoft.Extensions.Primitives.dll
2025-12-07 19:43:52.591 18076-18076 monodroid-assembly      com.companyname.UnoApp3              W  open_from_bundles: the assembly might have been uploaded to the device with FastDev instead
2025-12-07 19:43:52.604 18076-18076 monodroid-assembly      com.companyname.UnoApp3              W  open_from_bundles: failed to load bundled assembly Microsoft.Extensions.Configuration.FileExtensions.dll
2025-12-07 19:43:52.604 18076-18076 monodroid-assembly      com.companyname.UnoApp3              W  open_from_bundles: the assembly might have been uploaded to the device with FastDev instead
2025-12-07 19:43:52.616 18076-18076 monodroid-assembly      com.companyname.UnoApp3              W  open_from_bundles: failed to load bundled assembly Microsoft.Extensions.Configuration.Json.dll
2025-12-07 19:43:52.616 18076-18076 monodroid-assembly      com.companyname.UnoApp3              W  open_from_bundles: the assembly might have been uploaded to the device with FastDev instead
2025-12-07 19:43:52.642 18076-18076 monodroid-assembly      com.companyname.UnoApp3              W  open_from_bundles: failed to load bundled assembly Microsoft.Extensions.Logging.Configuration.dll
2025-12-07 19:43:52.642 18076-18076 monodroid-assembly      com.companyname.UnoApp3              W  open_from_bundles: the assembly might have been uploaded to the device with FastDev instead
