12-14 14:24:15.806 I/RcsProvisioningFlow(26822): imsi: redacted-pii:imsi[chars:15],
12-14 14:24:15.806 I/RcsProvisioningFlow(26822): phoneNumber: redacted-pii:phone_number[chars:0,last2:],
12-14 14:24:15.806 I/RcsProvisioningFlow(26822): countryCode: VN,
12-14 14:24:15.806 I/RcsProvisioningFlow(26822): networkOperatorName: Viettel,
12-14 14:24:15.806 I/RcsProvisioningFlow(26822): subscriptionGroupUuid: ,
12-14 14:24:15.806 I/RcsProvisioningFlow(26822): mcc: 452,
12-14 14:24:15.806 I/RcsProvisioningFlow(26822): mnc: 04,
12-14 14:24:15.806 I/RcsProvisioningFlow(26822): simCarrierId: 1899,
12-14 14:24:15.806 I/RcsProvisioningFlow(26822): iccid: redacted-pii:sim_iccid[chars:20],
12-14 14:24:15.806 I/RcsProvisioningFlow(26822): isFi: false,
12-14 14:24:15.806 I/RcsProvisioningFlow(26822): loggableGuid: 74a18dc5-0dde-41de-8876-78d72acc2be0,
12-14 14:24:15.806 I/RcsProvisioningFlow(26822): formattedMsisdn: redacted-pii:phone_number[chars:0,last2:],
12-14 14:24:15.806 I/RcsProvisioningFlow(26822): simOperatorName: Viettel,
12-14 14:24:15.806 I/RcsProvisioningFlow(26822): simOperator: 45204,
12-14 14:24:15.806 I/RcsProvisioningFlow(26822): groupIdLevel1: 00000000,
12-14 14:24:15.806 I/RcsProvisioningFlow(26822): preferredSubscriptionName: Viettel)]
12-14 14:24:15.807 D/WearableService(13925): Creating wearable service asynchronously.
12-14 14:24:15.807 D/ProfileInstaller(26822): Skipping profile installation for com.google.android.apps.messaging
12-14 14:24:15.815 I/RcsProvisioningFlow(26822): Storing updated SimSubscriptionInfo list: [(redacted-pii:sim_id[chars:20,last3:953], 7990e098-2a1f-4476-a338-d0f92e771baf), (redacted-pii:sim_id[chars:20,last3:780], 74a18dc5-0dde-41de-8876-78d72acc2be0)]
12-14 14:24:15.819 D/WearableService(13925): onGetService: waiting for onCreate to be completed.
12-14 14:24:15.821 I/RcsProvisioningFlow(26822): No new or updated SIMs on phone sim state update.
12-14 14:24:15.821 I/BugleMDD(26822): MddBackgroundStartupTask: Scheduled MDD periodic tasks.
12-14 14:24:15.826 D/WM-GreedyScheduler(26822): Cancelling work ID 69c3c406-61ab-4f6e-a54e-8c5a97adebe1
12-14 14:24:15.833 I/Wear_Controller(13925): Wearable module requires a companion app to be installed.
12-14 14:24:15.833 I/WearableService(13925): onCreate: Wearable Services not starting. Wear is not available on this device.
12-14 14:24:15.834 W/WearableService(13925): onGetService: Wear is not available on this device.
12-14 14:24:15.836 I/BugleRcsProvisioning(26822): RcsProvisioningTrigger: Schedule provisioning on app startup
12-14 14:24:15.837 I/BugleRcsProvisioning(26822): RcsProvisioningTrigger: updateAvailabilityForAllSimsAsync : hint = NO_HINT logTriggerEvent = false
12-14 14:24:15.837 I/Bugle   (26822): RcsAvailabilityUtilForProvisioningEngineV2: updateAvailabilityForAllSimsAsync, hint: NO_HINT
12-14 14:24:15.838 I/BugleRcsProvisioning(26822): updateAvailabilityForAllSimsAsync: scheduling updateAvailabilityForRcsProvisioningId call. Hint: NO_HINT, enableWelcomePopupWithoutGoogleTos: false, reshowSuccessPopup: false
12-14 14:24:15.838 I/BugleRcsProvisioning(26822): updateRcsAvailabilityForMultipleSims: hint: NO_HINT, canReshowWelcomeMessage: false
12-14 14:24:15.840 I/BugleRcsProvisioning(26822): updateAvailabilityForRcsProvisioningId. SimId: redacted-pii:sim_id[chars:20,last3:953], currentAvailability: 23, newAvailability: 23, hint: NO_HINT
12-14 14:24:15.843 I/BugleRcsProvisioning(26822): updateAvailabilityForRcsProvisioningId. SimId: redacted-pii:sim_id[chars:20,last3:780], currentAvailability: 23, newAvailability: 23, hint: NO_HINT
12-14 14:24:15.844 I/BugleNetwork(26822): Startup: registering tachyon.
12-14 14:24:15.844 I/BugleRcsProvisioning(26822): RcsProvisioningTrigger: onRcsAvailabilityUpdate : availability is updated to RCS has been disabled via flags., lastAvailabilityLocal is null, simId hash = -4898274687886434575, simId = redacted-pii:sim_id[chars:20,last3:953], isPev3Enabled = true
12-14 14:24:15.845 I/BugleRcsProvisioning(26822): scheduleProvisioningForEligibleSims
12-14 14:24:15.846 I/cskg    (26822): scheduleProvisioningForEligibleSims: operationTrigger: 5 bugle trigger event: 4
12-14 14:24:15.846 I/cskg    (26822): scheduleProvisioningForAllEligibleSims: operationTrigger: 5 bugle trigger event: 4
12-14 14:24:15.848 I/cskg    (26822): scheduleProvisioningForRcsProvisioningId: rcsProvisioningId: redacted-pii:sim_id[chars:20,last3:780] operationTrigger: 5 bugle trigger event: 4
12-14 14:24:15.850 I/BugleRcsEngine(26822): [SR]: Single Registration is disabled. Skipping Single Registration capability check for subId: 1 [CONTEXT thread_id=710 ]
12-14 14:24:15.850 I/cskg    (26822): RcsProvisioningTrigger: DR is active, initializing DR provisioning. DUAL_REG
12-14 14:24:15.851 D/WM-SystemJobScheduler(26822): Scheduling work ID 69c3c406-61ab-4f6e-a54e-8c5a97adebe1Job ID 2193
12-14 14:24:15.853 I/BugleRcsEngine(26822): [SR]: Single Registration is disabled. Skipping Single Registration capability check for subId: 1 [CONTEXT thread_id=680 ]
12-14 14:24:15.856 D/WM-GreedyScheduler(26822): Ignoring {WorkSpec: 3b110a45-da4a-467a-8c3f-f7c4a51f6091}. Requires ContentUri triggers.
12-14 14:24:15.856 D/WM-GreedyScheduler(26822): Ignoring {WorkSpec: 69c3c406-61ab-4f6e-a54e-8c5a97adebe1}. Requires device idle.
12-14 14:24:15.856 D/WM-GreedyScheduler(26822): Ignoring {WorkSpec: 70022783-01fa-4696-9ebf-556af3c2721c}. Requires ContentUri triggers.
12-14 14:24:15.856 D/WM-GreedyScheduler(26822): Ignoring {WorkSpec: 3d57edc1-8135-4420-8b00-bb5cf911c669}. Requires device idle.
12-14 14:24:15.859 I/BugleNetwork(26822): Startup: registering tachyon for phone.
12-14 14:24:15.861 I/BugleRcs(26822): getAvailablePhoneNumbers: accessing uninitialized provisioning identities.
12-14 14:24:15.861 I/BugleRcs(26822): euvv: FULL
12-14 14:24:15.861 I/BugleRcs(26822): 	at dojb.m(PG:54)
12-14 14:24:15.861 I/BugleRcs(26822): 	at dort.n(PG:3)
12-14 14:24:15.861 I/BugleRcs(26822): 	at doqj.apply(PG:5)
12-14 14:24:15.861 I/BugleRcs(26822): 	at esnt.apply(PG:13)
12-14 14:24:15.861 I/BugleRcs(26822): 	at ezbm.d(PG:3)
12-14 14:24:15.861 I/BugleRcs(26822): 	at ezbn.run(PG:38)
12-14 14:24:15.861 I/BugleRcs(26822): 	at dzkk.run(PG:7)
12-14 14:24:15.861 I/BugleRcs(26822): 	at evkr.run(PG:44)
12-14 14:24:15.861 I/BugleRcs(26822): 	at dzmz.run(PG:18)
12-14 14:24:15.861 I/BugleRcs(26822): 	at dzjt.run(PG:89)
12-14 14:24:15.861 I/BugleRcs(26822): 	at java.lang.Thread.run(Thread.java:1563)
12-14 14:24:15.861 I/BugleRcs(26822): 	at dzli.run(PG:61)
12-14 14:24:15.862 I/BugleRcs(26822): No phone numbers available.
12-14 14:24:15.862 I/BugleRcs(26822): euvv: FULL
12-14 14:24:15.862 I/BugleRcs(26822): 	at dojb.m(PG:126)
12-14 14:24:15.862 I/BugleRcs(26822): 	at dort.n(PG:3)
12-14 14:24:15.862 I/BugleRcs(26822): 	at doqj.apply(PG:5)
12-14 14:24:15.862 I/BugleRcs(26822): 	at esnt.apply(PG:13)
12-14 14:24:15.862 I/BugleRcs(26822): 	at ezbm.d(PG:3)
12-14 14:24:15.862 I/BugleRcs(26822): 	at ezbn.run(PG:38)
12-14 14:24:15.862 I/BugleRcs(26822): 	at dzkk.run(PG:7)
12-14 14:24:15.862 I/BugleRcs(26822): 	at evkr.run(PG:44)
12-14 14:24:15.862 I/BugleRcs(26822): 	at dzmz.run(PG:18)
12-14 14:24:15.862 I/BugleRcs(26822): 	at dzjt.run(PG:89)
12-14 14:24:15.862 I/BugleRcs(26822): 	at java.lang.Thread.run(Thread.java:1563)
12-14 14:24:15.862 I/BugleRcs(26822): 	at dzli.run(PG:61)
12-14 14:24:15.863 W/BugleNetwork(26822): No available phone number to start tachyon for.
12-14 14:24:15.863 D/WM-GreedyScheduler(26822): Cancelling work ID d8300a83-48c0-4b5d-8cc0-d031495ec24c
12-14 14:24:15.869 I/BugleRcsEngine(26822): Skipping provisioning scheduling since RCS is disabled [CONTEXT log_prefix="provisioning" thread_id=680 ]
12-14 14:24:15.873 I/RcsProvisioningManager(26822): Receive onRcsAvailabilityUpdate, SIM = redacted-pii:sim_id[chars:20,last3:953], availability = RcsAvailability{mAvailability=DISABLED_VIA_FLAGS}
12-14 14:24:15.875 I/RcsProvisioningManager(26822): AvailabilityObserver.onUpdate : Notify RcsAvailabilityListener crnh@6aec71f onRcsAvailabilityUpdate, SIM = redacted-pii:sim_id[chars:20,last3:953], availability = 23
12-14 14:24:15.876 I/RcsProvisioningManager(26822): CommonRcsProvisioningChangeListenerHandler.notifyListener : Notify RcsProvisioningChangeListener dilq@4f26835 onRcsProvisioningChange, SIM = redacted-pii:sim_id[chars:35,last3:53)], available rcs provisioning ids  =
12-14 14:24:15.877 I/RcsProvisioningManager(26822): Cannot notify RcsVerifiedPhoneNumberListener because current availability is DISABLED_VIA_FLAGS instead of AVAILABLE.
12-14 14:24:15.878 I/BugleTransport(26822): Retrieved RCS available simIds: []
12-14 14:24:15.878 I/RcsProvisioningManager(26822): AvailabilityObserver.onUpdate : Notify RcsAvailabilityListener cxfb@f8a1685 onRcsAvailabilityUpdate, SIM = redacted-pii:sim_id[chars:20,last3:953], availability = 23
12-14 14:24:15.879 I/BugleTransport(26822): Deregister all SIMs except for SIMs with subIds: [] from chat transport: TACHYGRAM.
12-14 14:24:15.879 I/BugleTransport(26822): Deregister all SIMs except for SIMs with subIds: [] from chat transport: DUAL_REGISTRATION.
12-14 14:24:15.879 I/RcsClientLib(26822): Service is deprecated skipping connection attempt: RcsEngineLifecycleServiceV2
12-14 14:24:15.880 I/BugleTransport(26822): Deregister all SIMs except for SIMs with subIds: [] from chat transport: SINGLE_REGISTRATION.
12-14 14:24:15.881 I/BugleRcsJibe(26822): RcsServiceConnectionException was raised while waiting to connect to RcsEngineLifecycleServiceV2
12-14 14:24:15.888 I/BugleRcsProvisioning(26822): RcsProvisioningTrigger: onRcsAvailabilityUpdate : isPreviousDisabled = false, isCurrentDisabled = true, config[simId:redacted-pii:sim_id[chars:20,last3:953]] = [Type: 0, Version: 0, Validity: 0, Last updated: 0, Remaining validity: 0, Reconfiguration requested: false, Messaging technology: SIMPLE_IM, rcsVolteSingleRegistration: false, Invalid configreason: INVALID_CONFIG_REASON_UNSPECIFIED], hasToken: false, isValidAndUpdated: false
12-14 14:24:15.889 I/BugleRcsEngine(26822): RcsAvailabilityLogWorkerScheduler is cancelled [CONTEXT thread_id=679 ]
12-14 14:24:15.890 I/RcsProvisioningManager(26822): Receive onRcsConfigurationUpdate, SIM = redacted-pii:sim_id[chars:20,last3:953], configuration = <empty>
12-14 14:24:15.891 I/RcsProvisioningManager(26822): onRcsConfigurationUpdate: Configuration is empty for SIM = redacted-pii:sim_id[chars:20,last3:953]
12-14 14:24:15.892 I/RcsProvisioningManager(26822): Configuration is empty: true for simId: redacted-pii:sim_id[chars:35,last3:53)]
12-14 14:24:15.893 I/BugleRcsEngine(26822): [SR]: Single Registration is disabled. Skipping Single Registration capability check for subId: 5 [CONTEXT thread_id=679 ]
12-14 14:24:15.894 I/RcsProvisioningManager(26822): Called addIdentityMappingWithoutPhoneNumberIfSingleRegistration and isSingleRegistration is false for sub id: 5 and simId redacted-pii:sim_id[chars:20,last3:953]
12-14 14:24:15.895 I/RcsProvisioningManager(26822): Unable to notify rcs provisioning change listeners because update is null or sim is not rcs available.
12-14 14:24:15.895 I/RcsProvisioningManager(26822): Notify RcsConfigurationListener cjpo@79caabe onRcsConfigurationUpdate, SIM = redacted-pii:sim_id[chars:20,last3:953], hasConfiguration = false
12-14 14:24:15.896 I/Bugle   (26822): BusinessRcsConfigurationListener: config update received, but no configuration
12-14 14:24:15.896 I/RcsProvisioningManager(26822): Notify RcsConfigurationListener awrd@5516d79 onRcsConfigurationUpdate, SIM = redacted-pii:sim_id[chars:20,last3:953], hasConfiguration = false
12-14 14:24:15.897 I/RcsProvisioningManager(26822): Notify RcsConfigurationListener LruCache[maxSize=2,hits=0,misses=0,hitRate=0%] onRcsConfigurationUpdate, SIM = redacted-pii:sim_id[chars:20,last3:953], hasConfiguration = false
12-14 14:24:15.898 D/WM-SystemJobScheduler(26822): Scheduling work ID d8300a83-48c0-4b5d-8cc0-d031495ec24cJob ID 2194
12-14 14:24:15.899 I/RcsProvisioningManager(26822): Notify RcsConfigurationListener cxfb@f8a1685 onRcsConfigurationUpdate, SIM = redacted-pii:sim_id[chars:20,last3:953], hasConfiguration = false
12-14 14:24:15.900 I/BugleTransport(26822): Retrieved RCS available simIds: []
12-14 14:24:15.900 D/WM-GreedyScheduler(26822): Ignoring {WorkSpec: 3b110a45-da4a-467a-8c3f-f7c4a51f6091}. Requires ContentUri triggers.
12-14 14:24:15.901 I/BugleTransport(26822): Deregister all SIMs except for SIMs with subIds: [] from chat transport: DUAL_REGISTRATION.
12-14 14:24:15.901 I/BugleTransport(26822): Deregister all SIMs except for SIMs with subIds: [] from chat transport: TACHYGRAM.
12-14 14:24:15.901 D/WM-GreedyScheduler(26822): Ignoring {WorkSpec: 69c3c406-61ab-4f6e-a54e-8c5a97adebe1}. Requires device idle.
12-14 14:24:15.902 D/WM-GreedyScheduler(26822): Ignoring {WorkSpec: 70022783-01fa-4696-9ebf-556af3c2721c}. Requires ContentUri triggers.
12-14 14:24:15.902 D/WM-GreedyScheduler(26822): Ignoring {WorkSpec: 3d57edc1-8135-4420-8b00-bb5cf911c669}. Requires device idle.
12-14 14:24:15.906 I/RcsClientLib(26822): Service is deprecated skipping connection attempt: RcsEngineLifecycleServiceV2
12-14 14:24:15.906 I/BugleTransport(26822): Deregister all SIMs except for SIMs with subIds: [] from chat transport: SINGLE_REGISTRATION.
12-14 14:24:15.907 I/BugleRcsJibe(26822): RcsServiceConnectionException was raised while waiting to connect to RcsEngineLifecycleServiceV2
12-14 14:24:15.909 I/BugleRcsProvisioning(26822): RcsProvisioningTrigger: Disable Rcs task not scheduled. Availability: RCS has been disabled via flags., hasToken: false, isValidAndUpdated: false
12-14 14:24:15.910 D/WM-GreedyScheduler(26822): Cancelling work ID c6ccd626-62eb-409e-8e3f-04b5b5b2f20c
12-14 14:24:15.912 I/BugleRcsProvisioning(26822): RcsProvisioningTrigger: Clearing local RCS config.
12-14 14:24:15.925 I/BugleE2eeMls(26822): missing RCS config, skip MLS listener [CONTEXT provisioning_session_id="6003ebb0-921d-4094-b321-1933a12306f6-fallbackId" ]
12-14 14:24:15.935 D/WM-SystemJobScheduler(26822): Scheduling work ID c6ccd626-62eb-409e-8e3f-04b5b5b2f20cJob ID 2195
12-14 14:24:15.938 D/WM-GreedyScheduler(26822): Ignoring {WorkSpec: 3b110a45-da4a-467a-8c3f-f7c4a51f6091}. Requires ContentUri triggers.
12-14 14:24:15.939 D/WM-GreedyScheduler(26822): Ignoring {WorkSpec: 69c3c406-61ab-4f6e-a54e-8c5a97adebe1}. Requires device idle.
12-14 14:24:15.939 D/WM-GreedyScheduler(26822): Ignoring {WorkSpec: 70022783-01fa-4696-9ebf-556af3c2721c}. Requires ContentUri triggers.
12-14 14:24:15.939 D/WM-GreedyScheduler(26822): Ignoring {WorkSpec: 3d57edc1-8135-4420-8b00-bb5cf911c669}. Requires device idle.
12-14 14:24:15.939 I/BugleRcsEngine(26822): Rcs Configuration was updated [CONTEXT log_prefix="ProvisioningEngineDataRetriever" thread_id=679 ]
12-14 14:24:15.941 I/BugleRcsProvisioning(26822): RcsProvisioningTrigger: onRcsAvailabilityUpdate : availability is updated to RCS has been disabled via flags., lastAvailabilityLocal is null, simId hash = -3445930373156510005, simId = redacted-pii:sim_id[chars:20,last3:780], isPev3Enabled = true
12-14 14:24:15.942 I/RcsProvisioningManager(26822): Receive onRcsAvailabilityUpdate, SIM = redacted-pii:sim_id[chars:20,last3:780], availability = RcsAvailability{mAvailability=DISABLED_VIA_FLAGS}
12-14 14:24:15.943 I/RcsProvisioningManager(26822): Cannot notify RcsVerifiedPhoneNumberListener because current availability is DISABLED_VIA_FLAGS instead of AVAILABLE.
12-14 14:24:15.943 I/RcsProvisioningManager(26822): AvailabilityObserver.onUpdate : Notify RcsAvailabilityListener cxfb@f8a1685 onRcsAvailabilityUpdate, SIM = redacted-pii:sim_id[chars:20,last3:780], availability = 23
12-14 14:24:15.944 I/BugleTransport(26822): Retrieved RCS available simIds: []
12-14 14:24:15.945 D/WM-GreedyScheduler(26822): Cancelling work ID 12866da8-8b41-4968-a952-e3e6aab420be
12-14 14:24:15.945 I/BugleTransport(26822): Deregister all SIMs except for SIMs with subIds: [] from chat transport: SINGLE_REGISTRATION.
12-14 14:24:15.945 I/BugleTransport(26822): Deregister all SIMs except for SIMs with subIds: [] from chat transport: TACHYGRAM.
12-14 14:24:15.945 I/BugleTransport(26822): Deregister all SIMs except for SIMs with subIds: [] from chat transport: DUAL_REGISTRATION.
12-14 14:24:15.946 I/RcsProvisioningManager(26822): AvailabilityObserver.onUpdate : Notify RcsAvailabilityListener crnh@6aec71f onRcsAvailabilityUpdate, SIM = redacted-pii:sim_id[chars:20,last3:780], availability = 23
12-14 14:24:15.946 I/RcsClientLib(26822): Service is deprecated skipping connection attempt: RcsEngineLifecycleServiceV2
12-14 14:24:15.947 I/BugleRcsJibe(26822): RcsServiceConnectionException was raised while waiting to connect to RcsEngineLifecycleServiceV2
12-14 14:24:15.949 I/BugleRcsProvisioning(26822): RcsProvisioningTrigger: onRcsAvailabilityUpdate : isPreviousDisabled = false, isCurrentDisabled = true, config[simId:redacted-pii:sim_id[chars:20,last3:780]] = [Type: 0, Version: 0, Validity: 0, Last updated: 0, Remaining validity: 0, Reconfiguration requested: false, Messaging technology: SIMPLE_IM, rcsVolteSingleRegistration: false, Invalid configreason: INVALID_CONFIG_REASON_UNSPECIFIED], hasToken: false, isValidAndUpdated: false
12-14 14:24:15.950 I/BugleRcsEngine(26822): RcsAvailabilityLogWorkerScheduler is cancelled [CONTEXT thread_id=704 ]
12-14 14:24:15.953 I/RcsProvisioningManager(26822): CommonRcsProvisioningChangeListenerHandler.notifyListener : Notify RcsProvisioningChangeListener dilq@4f26835 onRcsProvisioningChange, SIM = redacted-pii:sim_id[chars:35,last3:80)], available rcs provisioning ids  =
12-14 14:24:15.954 I/RcsProvisioningManager(26822): Receive onRcsConfigurationUpdate, SIM = redacted-pii:sim_id[chars:20,last3:780], configuration = <empty>
12-14 14:24:15.954 D/WM-SystemJobScheduler(26822): Scheduling work ID 12866da8-8b41-4968-a952-e3e6aab420beJob ID 2196
12-14 14:24:15.955 I/RcsProvisioningManager(26822): onRcsConfigurationUpdate: Configuration is empty for SIM = redacted-pii:sim_id[chars:20,last3:780]
12-14 14:24:15.956 I/RcsProvisioningManager(26822): Configuration is empty: true for simId: redacted-pii:sim_id[chars:35,last3:80)]
12-14 14:24:15.958 I/BugleRcsEngine(26822): [SR]: Single Registration is disabled. Skipping Single Registration capability check for subId: 1 [CONTEXT thread_id=704 ]
12-14 14:24:15.959 I/RcsProvisioningManager(26822): Called addIdentityMappingWithoutPhoneNumberIfSingleRegistration and isSingleRegistration is false for sub id: 1 and simId redacted-pii:sim_id[chars:20,last3:780]
12-14 14:24:15.960 I/RcsProvisioningManager(26822): Notify RcsConfigurationListener cjpo@79caabe onRcsConfigurationUpdate, SIM = redacted-pii:sim_id[chars:20,last3:780], hasConfiguration = false
12-14 14:24:15.961 I/RcsProvisioningManager(26822): Unable to notify rcs provisioning change listeners because update is null or sim is not rcs available.
12-14 14:24:15.961 I/BugleRcsProvisioning(26822): RcsProvisioningTrigger: Disable Rcs task not scheduled. Availability: RCS has been disabled via flags., hasToken: false, isValidAndUpdated: false
12-14 14:24:15.961 I/RcsProvisioningManager(26822): Notify RcsConfigurationListener LruCache[maxSize=2,hits=0,misses=0,hitRate=0%] onRcsConfigurationUpdate, SIM = redacted-pii:sim_id[chars:20,last3:780], hasConfiguration = false
12-14 14:24:15.961 I/Bugle   (26822): BusinessRcsConfigurationListener: config update received, but no configuration
12-14 14:24:15.962 I/RcsProvisioningManager(26822): Notify RcsConfigurationListener cxfb@f8a1685 onRcsConfigurationUpdate, SIM = redacted-pii:sim_id[chars:20,last3:780], hasConfiguration = false
12-14 14:24:15.962 I/RcsProvisioningManager(26822): Notify RcsConfigurationListener awrd@5516d79 onRcsConfigurationUpdate, SIM = redacted-pii:sim_id[chars:20,last3:780], hasConfiguration = false
12-14 14:24:15.962 I/BugleRcsProvisioning(26822): RcsProvisioningTrigger: Clearing local RCS config.
12-14 14:24:15.963 D/WM-GreedyScheduler(26822): Ignoring {WorkSpec: 3b110a45-da4a-467a-8c3f-f7c4a51f6091}. Requires ContentUri triggers.
12-14 14:24:15.963 I/BugleTransport(26822): Retrieved RCS available simIds: []
12-14 14:24:15.963 D/WM-GreedyScheduler(26822): Ignoring {WorkSpec: 69c3c406-61ab-4f6e-a54e-8c5a97adebe1}. Requires device idle.
12-14 14:24:15.963 D/WM-GreedyScheduler(26822): Ignoring {WorkSpec: 70022783-01fa-4696-9ebf-556af3c2721c}. Requires ContentUri triggers.
12-14 14:24:15.963 D/WM-GreedyScheduler(26822): Ignoring {WorkSpec: 3d57edc1-8135-4420-8b00-bb5cf911c669}. Requires device idle.
12-14 14:24:15.964 I/BugleTransport(26822): Deregister all SIMs except for SIMs with subIds: [] from chat transport: TACHYGRAM.
12-14 14:24:15.964 I/BugleTransport(26822): Deregister all SIMs except for SIMs with subIds: [] from chat transport: DUAL_REGISTRATION.
12-14 14:24:15.965 I/BugleTransport(26822): Deregister all SIMs except for SIMs with subIds: [] from chat transport: SINGLE_REGISTRATION.
12-14 14:24:15.965 I/RcsClientLib(26822): Service is deprecated skipping connection attempt: RcsEngineLifecycleServiceV2
12-14 14:24:15.966 I/WM-WorkerWrapper(26822): Worker result SUCCESS for Work [ id=5d782691-57d8-4d8e-93af-7882fd32f9ad, tags={ com.google.android.apps.messaging.shared.datamodel.workqueue.WorkQueueWorkerShim,sim_state_update_queue-WORK_TYPE_UPDATE_PHONE_SIMS_STATE } ]
12-14 14:24:15.967 D/WM-Processor(26822): rye 5d782691-57d8-4d8e-93af-7882fd32f9ad executed; reschedule = false
12-14 14:24:15.968 D/WM-SystemJobService(26822): 5d782691-57d8-4d8e-93af-7882fd32f9ad executed on JobScheduler
12-14 14:24:15.968 I/BugleRcsJibe(26822): RcsServiceConnectionException was raised while waiting to connect to RcsEngineLifecycleServiceV2
12-14 14:24:15.977 I/BugleE2eeMls(26822): missing RCS config, skip MLS listener [CONTEXT provisioning_session_id="6ba993cd-6e33-458f-934d-66b253971b76" ]
12-14 14:24:15.985 D/WM-SystemJobScheduler(26822): Scheduling work ID d4834523-70e8-475b-b383-874027225593Job ID 2197
12-14 14:24:15.987 D/WM-GreedyScheduler(26822): Ignoring {WorkSpec: 3b110a45-da4a-467a-8c3f-f7c4a51f6091}. Requires ContentUri triggers.
12-14 14:24:15.987 D/WM-GreedyScheduler(26822): Ignoring {WorkSpec: 69c3c406-61ab-4f6e-a54e-8c5a97adebe1}. Requires device idle.
12-14 14:24:15.987 D/WM-GreedyScheduler(26822): Ignoring {WorkSpec: 70022783-01fa-4696-9ebf-556af3c2721c}. Requires ContentUri triggers.
12-14 14:24:15.987 D/WM-GreedyScheduler(26822): Ignoring {WorkSpec: 3d57edc1-8135-4420-8b00-bb5cf911c669}. Requires device idle.
12-14 14:24:15.988 I/BugleRcsEngine(26822): Rcs Configuration was updated [CONTEXT log_prefix="ProvisioningEngineDataRetriever" thread_id=704 ]
12-14 14:24:15.990 D/WM-Processor(26822): Processor cancelling d4834523-70e8-475b-b383-874027225593
12-14 14:24:15.990 D/WM-Processor(26822): WorkerWrapper could not be found for d4834523-70e8-475b-b383-874027225593
12-14 14:24:15.993 D/WM-GreedyScheduler(26822): Cancelling work ID d4834523-70e8-475b-b383-874027225593
12-14 14:24:15.998 D/WM-GreedyScheduler(26822): Ignoring {WorkSpec: 3b110a45-da4a-467a-8c3f-f7c4a51f6091}. Requires ContentUri triggers.
12-14 14:24:15.998 D/WM-GreedyScheduler(26822): Ignoring {WorkSpec: 69c3c406-61ab-4f6e-a54e-8c5a97adebe1}. Requires device idle.
12-14 14:24:15.998 D/WM-GreedyScheduler(26822): Ignoring {WorkSpec: 70022783-01fa-4696-9ebf-556af3c2721c}. Requires ContentUri triggers.
12-14 14:24:15.999 D/WM-GreedyScheduler(26822): Ignoring {WorkSpec: 3d57edc1-8135-4420-8b00-bb5cf911c669}. Requires device idle.
12-14 14:24:16.005 D/WM-GreedyScheduler(26822): Ignoring {WorkSpec: 3b110a45-da4a-467a-8c3f-f7c4a51f6091}. Requires ContentUri triggers.
12-14 14:24:16.005 D/WM-GreedyScheduler(26822): Ignoring {WorkSpec: 69c3c406-61ab-4f6e-a54e-8c5a97adebe1}. Requires device idle.
12-14 14:24:16.005 D/WM-GreedyScheduler(26822): Ignoring {WorkSpec: 70022783-01fa-4696-9ebf-556af3c2721c}. Requires ContentUri triggers.
12-14 14:24:16.005 D/WM-GreedyScheduler(26822): Ignoring {WorkSpec: 3d57edc1-8135-4420-8b00-bb5cf911c669}. Requires device idle.
12-14 14:24:16.007 I/BugleRcsEngine(26822): Cancel All Provisioning work operation result is: SUCCESS, trigger is UNDEFINED_TRIGGER_EVENT [CONTEXT thread_id=679 ]
12-14 14:24:16.011 D/WM-GreedyScheduler(26822): Ignoring {WorkSpec: 3b110a45-da4a-467a-8c3f-f7c4a51f6091}. Requires ContentUri triggers.
12-14 14:24:16.011 D/WM-GreedyScheduler(26822): Ignoring {WorkSpec: 69c3c406-61ab-4f6e-a54e-8c5a97adebe1}. Requires device idle.
12-14 14:24:16.011 D/WM-GreedyScheduler(26822): Ignoring {WorkSpec: 70022783-01fa-4696-9ebf-556af3c2721c}. Requires ContentUri triggers.
12-14 14:24:16.011 D/WM-GreedyScheduler(26822): Ignoring {WorkSpec: 3d57edc1-8135-4420-8b00-bb5cf911c669}. Requires device idle.
12-14 14:24:16.017 D/WM-GreedyScheduler(26822): Ignoring {WorkSpec: 3b110a45-da4a-467a-8c3f-f7c4a51f6091}. Requires ContentUri triggers.
12-14 14:24:16.017 D/WM-GreedyScheduler(26822): Ignoring {WorkSpec: 69c3c406-61ab-4f6e-a54e-8c5a97adebe1}. Requires device idle.
12-14 14:24:16.017 D/WM-GreedyScheduler(26822): Ignoring {WorkSpec: 70022783-01fa-4696-9ebf-556af3c2721c}. Requires ContentUri triggers.
12-14 14:24:16.017 D/WM-GreedyScheduler(26822): Ignoring {WorkSpec: 3d57edc1-8135-4420-8b00-bb5cf911c669}. Requires device idle.
12-14 14:24:16.018 I/BugleRcsEngine(26822): Cancel All Provisioning work operation result is: SUCCESS, trigger is UNDEFINED_TRIGGER_EVENT [CONTEXT thread_id=704 ]
12-14 14:24:16.019 D/WM-GreedyScheduler(26822): Cancelling work ID 5d782691-57d8-4d8e-93af-7882fd32f9ad
12-14 14:24:16.025 D/WM-GreedyScheduler(26822): Ignoring {WorkSpec: 3b110a45-da4a-467a-8c3f-f7c4a51f6091}. Requires ContentUri triggers.
12-14 14:24:16.025 D/WM-GreedyScheduler(26822): Ignoring {WorkSpec: 69c3c406-61ab-4f6e-a54e-8c5a97adebe1}. Requires device idle.
12-14 14:24:16.025 D/WM-GreedyScheduler(26822): Ignoring {WorkSpec: 70022783-01fa-4696-9ebf-556af3c2721c}. Requires ContentUri triggers.
12-14 14:24:16.025 D/WM-GreedyScheduler(26822): Ignoring {WorkSpec: 3d57edc1-8135-4420-8b00-bb5cf911c669}. Requires device idle.
12-14 14:24:16.164 I/BatteryService( 1997): current mPlugType2current mHealthInfo.batteryLevel100current mHealthInfo.batteryTemperature354
12-14 14:24:16.173 D/ThermalIECHandler( 6487): storeDataStyle: thermal_iec_monitor_persistence_data_style_iec_state; startIECTime: -1; IECScreenOffOverPeriodTime: 381178784
12-14 14:24:16.174 D/PowerKeeper.Thermal( 6487): mBatteryTemperature: 35
12-14 14:24:16.174 D/PowerCheckerService( 6487): onBatteryChanged, mBatteryLevel = 100, status = 2, level = 100, plug = 2, scale = 100
12-14 14:24:16.175 I/BatteryInfoReceiver( 4827): ACTION_BATTERY_CHANGED
12-14 14:24:16.175 D/UiModeManager( 1997): updateConfigurationLocked: mDockState=0; mCarMode=false; mCar=false; mPowerSave=false; mComputedNightMode=false; mNightMode=1; uiMode=17
12-14 14:24:16.175 I/PowerSaveService( 4827): onReceive: android.intent.action.BATTERY_CHANGED
12-14 14:24:16.176 I/PowerNoticeUI( 4827): handleBatteryChanged oldPlugType 2 mPlugType 2 oldBatteryLevel 100 mBatteryLevel 100 temperature 354
12-14 14:24:16.195 V/DeviceStatisticsService( 3103): chargerType=2 batteryLevel=100 totalBatteryCapacity=3393000
12-14 14:24:16.201 W/VsyncModulator( 1183): setTransactionSchedule: Unexpected EarlyEnd
12-14 14:24:16.449 E/android.hardware.thermal@2.0-service.qti( 1139): ThermalHAL not initialized properly.
12-14 14:24:16.450 E/ThermalHalWrapper( 1997): Couldn't get temperatures because of HAL error: ThermalHAL not initialized properly.
12-14 14:24:16.469 D/HeapUsage Monitor( 1997): HeapAllocSize : 72MB; monitorSize : 500MB
12-14 14:24:16.882 D/BoundBrokerSvc(13925): onUnbind: Intent { act=com.google.android.gms.auth.aang.events.services.START dat=chimera-action: cmp=com.google.android.gms/.chimera.PersistentApiService }
12-14 14:24:16.918 D/BoundBrokerSvc(13990): onUnbind: Intent { act=com.google.android.gms.auth.cryptauth.cryptauthservice.START dat=chimera-action: cmp=com.google.android.gms/.chimera.GmsBoundBrokerService }
12-14 14:24:16.925 D/BoundBrokerSvc(13990): onUnbind: Intent { act=com.google.android.gms.pay.service.BIND dat=chimera-action: cmp=com.google.android.gms/.chimera.GmsApiService }
12-14 14:24:17.385 W/ThreadPoolForeg(13990): type=1400 audit(0.0:374460): avc: denied { write } for name="traced_producer" dev="tmpfs" ino=33647 scontext=u:r:gmscore_app:s0:c512,c768 tcontext=u:object_r:traced_producer_socket:s0 tclass=sock_file permissive=0 app=com.google.android.gms
12-14 14:24:17.489 E/android.hardware.thermal@2.0-service.qti( 1139): ThermalHAL not initialized properly.
12-14 14:24:17.490 E/ThermalHalWrapper( 1997): Couldn't get temperatures because of HAL error: ThermalHAL not initialized properly.
12-14 14:24:17.616 D/BoundBrokerSvc(13925): onUnbind: Intent { act=com.google.android.gms.libs.gmscorelogger.service.START dat=chimera-action: cmp=com.google.android.gms/.chimera.PersistentDirectBootAwareApiService }
12-14 14:24:17.889 I/MiuiNetworkPolicy( 1997): updateUidState uid = 10167, uidState = 19
12-14 14:24:18.172 I/BatteryService( 1997): current mPlugType2current mHealthInfo.batteryLevel100current mHealthInfo.batteryTemperature355
12-14 14:24:18.177 D/ThermalIECHandler( 6487): storeDataStyle: thermal_iec_monitor_persistence_data_style_iec_state; startIECTime: -1; IECScreenOffOverPeriodTime: 381178784
12-14 14:24:18.178 I/BatteryInfoReceiver( 4827): ACTION_BATTERY_CHANGED
12-14 14:24:18.179 D/UiModeManager( 1997): updateConfigurationLocked: mDockState=0; mCarMode=false; mCar=false; mPowerSave=false; mComputedNightMode=false; mNightMode=1; uiMode=17
12-14 14:24:18.184 I/PowerSaveService( 4827): onReceive: android.intent.action.BATTERY_CHANGED
12-14 14:24:18.184 D/PowerCheckerService( 6487): onBatteryChanged, mBatteryLevel = 100, status = 2, level = 100, plug = 2, scale = 100
12-14 14:24:18.185 I/PowerNoticeUI( 4827): handleBatteryChanged oldPlugType 2 mPlugType 2 oldBatteryLevel 100 mBatteryLevel 100 temperature 355
12-14 14:24:18.186 D/PowerKeeper.Thermal( 6487): mBatteryTemperature: 35
12-14 14:24:18.201 V/DeviceStatisticsService( 3103): chargerType=2 batteryLevel=100 totalBatteryCapacity=3393000
12-14 14:24:18.490 E/android.hardware.thermal@2.0-service.qti( 1139): ThermalHAL not initialized properly.
12-14 14:24:18.491 E/ThermalHalWrapper( 1997): Couldn't get temperatures because of HAL error: ThermalHAL not initialized properly.
12-14 14:24:18.689 V/AlarmManager( 1997): Triggering alarm #0: Alarm{5a250fa type 2 origWhen 382440364 whenElapsed 382440364 android}
12-14 14:24:19.530 E/android.hardware.thermal@2.0-service.qti( 1139): ThermalHAL not initialized properly.
12-14 14:24:19.531 E/ThermalHalWrapper( 1997): Couldn't get temperatures because of HAL error: ThermalHAL not initialized properly.
12-14 14:24:20.185 I/BatteryService( 1997): current mPlugType2current mHealthInfo.batteryLevel100current mHealthInfo.batteryTemperature354
12-14 14:24:20.189 I/BatteryInfoReceiver( 4827): ACTION_BATTERY_CHANGED
12-14 14:24:20.189 D/ThermalIECHandler( 6487): storeDataStyle: thermal_iec_monitor_persistence_data_style_iec_state; startIECTime: -1; IECScreenOffOverPeriodTime: 381178784
12-14 14:24:20.190 I/PowerSaveService( 4827): onReceive: android.intent.action.BATTERY_CHANGED
12-14 14:24:20.190 I/PowerNoticeUI( 4827): handleBatteryChanged oldPlugType 2 mPlugType 2 oldBatteryLevel 100 mBatteryLevel 100 temperature 354
12-14 14:24:20.190 D/UiModeManager( 1997): updateConfigurationLocked: mDockState=0; mCarMode=false; mCar=false; mPowerSave=false; mComputedNightMode=false; mNightMode=1; uiMode=17
12-14 14:24:20.193 D/PowerKeeper.Thermal( 6487): mBatteryTemperature: 35
12-14 14:24:20.195 D/PowerCheckerService( 6487): onBatteryChanged, mBatteryLevel = 100, status = 2, level = 100, plug = 2, scale = 100
12-14 14:24:20.214 V/DeviceStatisticsService( 3103): chargerType=2 batteryLevel=100 totalBatteryCapacity=3393000
12-14 14:24:20.469 D/BoundBrokerSvc(13925): onUnbind: Intent { act=com.google.android.gms.common.telemetry.service.START dat=chimera-action: cmp=com.google.android.gms/.chimera.PersistentApiService }
12-14 14:24:20.474 W/ProcessStats( 1997): Tracking association SourceState{3fa24c2 com.google.android.inputmethod.latin/10223 BTopFgs #582935} whose proc state 2 is better than process ProcessState{202fba7 com.google.android.gms.persistent/10206 pkg=com.google.android.gms} proc state 3 (509 skipped)
12-14 14:24:20.566 E/android.hardware.thermal@2.0-service.qti( 1139): ThermalHAL not initialized properly.
12-14 14:24:20.567 E/ThermalHalWrapper( 1997): Couldn't get temperatures because of HAL error: ThermalHAL not initialized properly.
12-14 14:24:21.122 D/CompatibilityInfo( 1997): mCompatibilityFlags - 0
12-14 14:24:21.123 D/CompatibilityInfo( 1997): applicationDensity - 440
12-14 14:24:21.123 D/CompatibilityInfo( 1997): applicationScale - 1.0
12-14 14:24:21.130 I/BugleDataModel(26822): ActionExecutorImpl: ACTION_EXECUTE_QUEUED_FixupMessageStatusOnStartupAction
12-14 14:24:21.130 I/BugleDataModel(26822): ExecuteActionRunnable: running action FixupMessageStatusOnStartupAction
12-14 14:24:21.132 I/BugleDataModel(26822): ActionExecutorImpl: ACTION_EXECUTE_QUEUED_ProcessPendingMessagesAction
12-14 14:24:21.138 I/BugleDataModel(26822): ActionExecutorImpl: ACTION_EXECUTE_QUEUED_CountryCodeDetectorAction
12-14 14:24:21.180 I/BugleDataModel(26822): ActionExecutorImpl: ACTION_EXECUTE_QUEUED_SelfParticipantsRefreshAction
12-14 14:24:21.186 I/BugleDataModel(26822): FixupMessageStatusOnStartupAction: sendFailedCnt: 0, downloadFailedCnt: 0, partsProcessingFailedCnt: 0
12-14 14:24:21.290 I/BugleDataModel(26822): PendingMessagesProcessor process from FixupMessageStatusOnStartupAction due to process restarts throttled  with delay 0s with queues smsMessagesToSend:0 mmsMessagesToSend:0 rcsMessagesToSend:0 rcsFTMessagesToSend:0 messagesToDownload:0
12-14 14:24:21.291 I/BugleDataModel(26822): Cleared next retry time for channel: sms_send
12-14 14:24:21.291 I/BugleDataModel(26822): Cleared next retry time for channel: mms_send
12-14 14:24:21.292 I/BugleDataModel(26822): Cleared next retry time for channel: mms_download
12-14 14:24:21.292 I/BugleDataModel(26822): Cleared next retry time for channel: rcs_send
12-14 14:24:21.293 I/BugleDataModel(26822): Cleared next retry time for channel: rcs_ft_upload
12-14 14:24:21.293 I/BugleDataModel(26822): Cleared next retry time for channel: rcs_ft_download
12-14 14:24:21.293 I/BugleDataModel(26822): Cleared next retry time for channel: cloud_sync_send
12-14 14:24:21.293 I/BugleDataModel(26822): Cleared next retry time for channel: cloud_sync_attachment_download
12-14 14:24:21.295 I/BugleDataModel(26822): ExecuteActionRunnable: running action ProcessPendingMessagesAction
12-14 14:24:21.305 I/BugleDataModel(26822): PendingMessagesProcessor process from ProcessPendingMessagesAction due to scheduled processing  with delay 0s with queues smsMessagesToSend:0 mmsMessagesToSend:0 rcsMessagesToSend:0 rcsFTMessagesToSend:0 messagesToDownload:0
12-14 14:24:21.306 I/BugleDataModel(26822): ExecuteActionRunnable: running action CountryCodeDetectorAction
12-14 14:24:21.306 I/BugleDataModel(26822): ActionExecutorImpl: ACTION_BACKGROUND_QUEUED_CountryCodeDetectorAction
12-14 14:24:21.307 I/BugleDataModel(26822): ExecuteActionRunnable: running action SelfParticipantsRefreshAction
12-14 14:24:21.307 I/Bugle   (26822): CountryCodeDetector: updateSmsNetworkCountry from default subscription network country. detected country: vn
12-14 14:24:21.308 I/BugleDataModel(26822): ActionExecutorImpl: ACTION_BACKGROUND_QUEUED_SelfParticipantsRefreshAction
12-14 14:24:21.308 I/BugleDataModel(26822): ActionExecutorImpl: ACTION_RESPONSE_QUEUED_CountryCodeDetectorAction
12-14 14:24:21.311 I/BugleDataModel(26822): ParticipantRefresh: ContactContentObserver created
12-14 14:24:21.312 I/BugleDataModel(26822): ParticipantFullRefresh: Start participant refresh. refreshMode: SELF_ONLY
12-14 14:24:21.313 I/BugleDataModel(26822): ExecuteActionRunnable: running action GenericWorkerQueueAction
12-14 14:24:21.313 I/BugleDataModel(26822): ActionExecutorImpl: ACTION_BACKGROUND_QUEUED_GenericWorkerQueueAction
12-14 14:24:21.314 I/BugleDataModel(26822): ActionExecutorImpl: ACTION_EXECUTE_QUEUED_GenericWorkerQueueAction
12-14 14:24:21.320 I/BugleDataModel(26822): SubscriptionsTracker#refreshSelfParticipantList([5, 1])
12-14 14:24:21.365 I/Bugle   (26822): SubscriptionUtils.getCanonicalForSelf: self=redacted-pii[12-chars], country=VN [CONTEXT sub_id=1 ]
12-14 14:24:21.379 I/Bugle   (26822): CountryCodeDetector: updateSmsNetworkCountry from default subscription network country. detected country: vn
12-14 14:24:21.421 I/Bugle   (26822): SubscriptionUtils.getCanonicalForSelf: self=redacted-pii[12-chars], country=VN [CONTEXT sub_id=1 ]
12-14 14:24:21.478 I/BugleDataModel(26822): SubscriptionsTracker bindToTrackingMap bound participants: [ParticipantId=1 subId=-1, ParticipantId=2 subId=1, ParticipantId=8 subId=2, ParticipantId=68 subId=3, ParticipantId=104 subId=4, ParticipantId=135 subId=5]
12-14 14:24:21.479 I/BugleDataModel(26822): set orderedRowIdAndTokenPairs: [rowId=2 subId= 1 token=121de953-010d-47cf-9b1b-8dcc18b94a02, rowId=1 subId= -1 token=fc0809bd-cb40-4668-afc2-3786172e8c01, rowId=135 subId= 5 token=0f6e8a10-393a-45dd-872a-7350b24f434d, rowId=104 subId= 4 token=11ba6984-aed8-407d-8f6f-a7f7415e5305, rowId=68 subId= 3 token=ea37dfd0-652e-4956-88f4-96e5a3815caf, rowId=8 subId= 2 token=789f838f-0388-4185-9f73-52227e28ea70]
12-14 14:24:21.483 I/BugleDataModel(26822): SubscriptionsTracker bindToTrackingMap bound participants: [ParticipantId=1 subId=-1, ParticipantId=2 subId=1, ParticipantId=8 subId=2, ParticipantId=68 subId=3, ParticipantId=104 subId=4, ParticipantId=135 subId=5]
12-14 14:24:21.511 I/Bugle   (26822): SubscriptionUtils.getCanonicalForSelf: self=redacted-pii[12-chars], country=VN [CONTEXT sub_id=1 ]
12-14 14:24:21.531 I/MiuiNetworkPolicy( 1997): updateUidState uid = 10126, uidState = 10
12-14 14:24:21.553 I/ContactsProvider(25412): Contacts query: CPID=26822, CallingPackage = com.google.android.apps.messaging User=0
12-14 14:24:21.572 E/android.hardware.thermal@2.0-service.qti( 1139): ThermalHAL not initialized properly.
12-14 14:24:21.573 E/ThermalHalWrapper( 1997): Couldn't get temperatures because of HAL error: ThermalHAL not initialized properly.
12-14 14:24:21.619 I/ContactsProvider(25412): Contacts query: CPID=26822, CallingPackage = com.google.android.apps.messaging User=0
12-14 14:24:21.642 D/CountryDetector( 1997): The first listener is added
12-14 14:24:21.678 I/ContactQueryLog(25412): reason:com.google.android.apps.messaging first search,number = +8********13:not found
12-14 14:24:21.687 V/ClearcutMetricXmitter(26822): Transmission is done.
12-14 14:24:21.695 I/Bugle   (26822): SubscriptionUtils.getCanonicalForSelf: self=redacted-pii[12-chars], country=VN [CONTEXT sub_id=1 ]
12-14 14:24:21.710 I/ContactsProvider(25412): Contacts query: CPID=26822, CallingPackage = com.google.android.apps.messaging User=0
12-14 14:24:21.757 I/ContactsProvider(25412): Contacts query: CPID=26822, CallingPackage = com.google.android.apps.messaging User=0
12-14 14:24:21.761 I/ContactQueryLog(25412): reason:com.google.android.apps.messaging first search,number = +8********13:not found
12-14 14:24:21.769 I/Bugle   (26822): TelephonyManagerFactory: Returning per-subscription TelephonyManager (>= N) subscription{id:2}
12-14 14:24:21.775 I/Bugle   (26822): TelephonySubscriptionInfoAsOfLMR1: getActiveSubscriptionInfo(): empty sub info [CONTEXT ratelimit_period="1 MINUTES" sub_id=2 ]
12-14 14:24:21.784 I/ContactsProvider(25412): Contacts query: CPID=26822, CallingPackage = com.google.android.apps.messaging User=0
12-14 14:24:21.831 I/Bugle   (26822): TelephonyManagerFactory: Returning per-subscription TelephonyManager (>= N) subscription{id:3}
12-14 14:24:21.841 I/ContactsProvider(25412): Contacts query: CPID=26822, CallingPackage = com.google.android.apps.messaging User=0
12-14 14:24:21.888 V/ClearcutMetricXmitter(26822): Transmission is done.
12-14 14:24:21.888 I/Bugle   (26822): TelephonyManagerFactory: Returning per-subscription TelephonyManager (>= N) subscription{id:4}
12-14 14:24:21.897 I/ContactsProvider(25412): Contacts query: CPID=26822, CallingPackage = com.google.android.apps.messaging User=0
12-14 14:24:21.960 I/ContactsProvider(25412): Contacts query: CPID=26822, CallingPackage = com.google.android.apps.messaging User=0
12-14 14:24:22.003 I/BugleDataModel(26822): ParticipantFullRefresh: Number of participants refreshed: 0
12-14 14:24:22.007 I/BugleDataModel(26822): ActionExecutorImpl: ACTION_RESPONSE_QUEUED_SelfParticipantsRefreshAction
12-14 14:24:22.017 I/BugleJobs(26822): GenericWorkerQueueAction: Bailing early, no work found, no failed work found
12-14 14:24:22.019 I/BugleDataModel(26822): ActionExecutorImpl: ACTION_RESPONSE_QUEUED_GenericWorkerQueueAction
12-14 14:24:22.048 I/Bugle   (26822): SubscriptionUtils.getCanonicalForSelf: self=redacted-pii[12-chars], country=VN [CONTEXT sub_id=1 ]
12-14 14:24:22.051 I/BugleSelfIdentity(26822): Phone number for MyIdentity 0f6e8a10-393a-45dd-872a-7350b24f434d does not change [CONTEXT sub_id=5 icc_id="redacted-pii[20-chars]" rcs_provisioning_id="redacted-pii[0-chars]" ]
12-14 14:24:22.056 I/BugleSelfIdentity(26822): Phone number for MyIdentity 121de953-010d-47cf-9b1b-8dcc18b94a02 does not change [CONTEXT sub_id=1 icc_id="redacted-pii[20-chars]" messaging_identity="redacted-pii[12-chars]" rcs_provisioning_id="redacted-pii[0-chars]" ]
12-14 14:24:22.089 W/ThreadPoolForeg(13925): type=1400 audit(0.0:374461): avc: denied { write } for name="traced_producer" dev="tmpfs" ino=33647 scontext=u:r:gmscore_app:s0:c512,c768 tcontext=u:object_r:traced_producer_socket:s0 tclass=sock_file permissive=0 app=com.google.android.gms
12-14 14:24:22.098 I/Bugle   (26822): SubscriptionUtils.getCanonicalForSelf: self=redacted-pii[12-chars], country=VN [CONTEXT sub_id=1 ]
12-14 14:24:22.100 I/BugleSelfIdentity(26822): Phone number for MyIdentity 0f6e8a10-393a-45dd-872a-7350b24f434d does not change [CONTEXT sub_id=5 icc_id="redacted-pii[20-chars]" rcs_provisioning_id="redacted-pii[0-chars]" ]
12-14 14:24:22.104 I/BugleSelfIdentity(26822): Phone number for MyIdentity 121de953-010d-47cf-9b1b-8dcc18b94a02 does not change [CONTEXT sub_id=1 icc_id="redacted-pii[20-chars]" messaging_identity="redacted-pii[12-chars]" rcs_provisioning_id="redacted-pii[0-chars]" ]
12-14 14:24:22.146 D/BoundBrokerSvc(13925): onUnbind: Intent { act=com.google.android.gms.time.trustedtime.singleuserapi.service.START dat=chimera-action: cmp=com.google.android.gms/.chimera.PersistentSingleUserInternalApiService }
12-14 14:24:22.157 D/BoundBrokerSvc(13925): onUnbind: Intent { act=com.google.android.gms.time.trustedtime.service.START dat=chimera-action: cmp=com.google.android.gms/.chimera.PersistentApiService }
12-14 14:24:22.222 I/BatteryService( 1997): current mPlugType2current mHealthInfo.batteryLevel100current mHealthInfo.batteryTemperature355
12-14 14:24:22.227 D/UiModeManager( 1997): updateConfigurationLocked: mDockState=0; mCarMode=false; mCar=false; mPowerSave=false; mComputedNightMode=false; mNightMode=1; uiMode=17
12-14 14:24:22.228 D/ThermalIECHandler( 6487): storeDataStyle: thermal_iec_monitor_persistence_data_style_iec_state; startIECTime: -1; IECScreenOffOverPeriodTime: 381178784
12-14 14:24:22.232 I/BatteryInfoReceiver( 4827): ACTION_BATTERY_CHANGED
12-14 14:24:22.233 I/PowerSaveService( 4827): onReceive: android.intent.action.BATTERY_CHANGED
12-14 14:24:22.233 I/PowerNoticeUI( 4827): handleBatteryChanged oldPlugType 2 mPlugType 2 oldBatteryLevel 100 mBatteryLevel 100 temperature 355
12-14 14:24:22.235 D/PowerKeeper.Thermal( 6487): mBatteryTemperature: 35
12-14 14:24:22.237 D/PowerCheckerService( 6487): onBatteryChanged, mBatteryLevel = 100, status = 2, level = 100, plug = 2, scale = 100
12-14 14:24:22.255 V/DeviceStatisticsService( 3103): chargerType=2 batteryLevel=100 totalBatteryCapacity=3393000
12-14 14:24:22.613 E/android.hardware.thermal@2.0-service.qti( 1139): ThermalHAL not initialized properly.
12-14 14:24:22.615 E/ThermalHalWrapper( 1997): Couldn't get temperatures because of HAL error: ThermalHAL not initialized properly.
12-14 14:24:23.616 W/VsyncModulator( 1183): setTransactionSchedule: Unexpected EarlyEnd
12-14 14:24:23.652 E/android.hardware.thermal@2.0-service.qti( 1139): ThermalHAL not initialized properly.
12-14 14:24:23.653 E/ThermalHalWrapper( 1997): Couldn't get temperatures because of HAL error: ThermalHAL not initialized properly.
12-14 14:24:23.726 W/VsyncModulator( 1183): setTransactionSchedule: Unexpected EarlyEnd
12-14 14:24:24.261 I/BatteryService( 1997): current mPlugType2current mHealthInfo.batteryLevel100current mHealthInfo.batteryTemperature355
12-14 14:24:24.265 D/ThermalIECHandler( 6487): storeDataStyle: thermal_iec_monitor_persistence_data_style_iec_state; startIECTime: -1; IECScreenOffOverPeriodTime: 381178784
12-14 14:24:24.267 D/UiModeManager( 1997): updateConfigurationLocked: mDockState=0; mCarMode=false; mCar=false; mPowerSave=false; mComputedNightMode=false; mNightMode=1; uiMode=17
12-14 14:24:24.271 I/BatteryInfoReceiver( 4827): ACTION_BATTERY_CHANGED
12-14 14:24:24.272 I/PowerSaveService( 4827): onReceive: android.intent.action.BATTERY_CHANGED
12-14 14:24:24.273 I/PowerNoticeUI( 4827): handleBatteryChanged oldPlugType 2 mPlugType 2 oldBatteryLevel 100 mBatteryLevel 100 temperature 355
12-14 14:24:24.273 D/PowerKeeper.Thermal( 6487): mBatteryTemperature: 35
12-14 14:24:24.274 D/PowerCheckerService( 6487): onBatteryChanged, mBatteryLevel = 100, status = 2, level = 100, plug = 2, scale = 100
12-14 14:24:24.299 V/DeviceStatisticsService( 3103): chargerType=2 batteryLevel=100 totalBatteryCapacity=3393000
12-14 14:24:24.677 E/android.hardware.thermal@2.0-service.qti( 1139): ThermalHAL not initialized properly.
12-14 14:24:24.678 E/ThermalHalWrapper( 1997): Couldn't get temperatures because of HAL error: ThermalHAL not initialized properly.
12-14 14:24:25.718 E/android.hardware.thermal@2.0-service.qti( 1139): ThermalHAL not initialized properly.
12-14 14:24:25.719 E/ThermalHalWrapper( 1997): Couldn't get temperatures because of HAL error: ThermalHAL not initialized properly.
12-14 14:24:26.277 I/BatteryService( 1997): current mPlugType2current mHealthInfo.batteryLevel100current mHealthInfo.batteryTemperature355
12-14 14:24:26.283 D/UiModeManager( 1997): updateConfigurationLocked: mDockState=0; mCarMode=false; mCar=false; mPowerSave=false; mComputedNightMode=false; mNightMode=1; uiMode=17
12-14 14:24:26.283 D/ThermalIECHandler( 6487): storeDataStyle: thermal_iec_monitor_persistence_data_style_iec_state; startIECTime: -1; IECScreenOffOverPeriodTime: 381178784
12-14 14:24:26.286 I/BatteryInfoReceiver( 4827): ACTION_BATTERY_CHANGED
12-14 14:24:26.287 I/PowerSaveService( 4827): onReceive: android.intent.action.BATTERY_CHANGED
12-14 14:24:26.288 I/PowerNoticeUI( 4827): handleBatteryChanged oldPlugType 2 mPlugType 2 oldBatteryLevel 100 mBatteryLevel 100 temperature 355
12-14 14:24:26.293 D/PowerCheckerService( 6487): onBatteryChanged, mBatteryLevel = 100, status = 2, level = 100, plug = 2, scale = 100
12-14 14:24:26.294 D/PowerKeeper.Thermal( 6487): mBatteryTemperature: 35
12-14 14:24:26.317 V/DeviceStatisticsService( 3103): chargerType=2 batteryLevel=100 totalBatteryCapacity=3393000
12-14 14:24:26.655 W/VsyncModulator( 1183): setTransactionSchedule: Unexpected EarlyEnd
12-14 14:24:26.728 E/android.hardware.thermal@2.0-service.qti( 1139): ThermalHAL not initialized properly.
12-14 14:24:26.729 E/ThermalHalWrapper( 1997): Couldn't get temperatures because of HAL error: ThermalHAL not initialized properly.
12-14 14:24:26.765 W/VsyncModulator( 1183): setTransactionSchedule: Unexpected EarlyEnd
12-14 14:24:27.761 E/android.hardware.thermal@2.0-service.qti( 1139): ThermalHAL not initialized properly.
12-14 14:24:27.762 E/ThermalHalWrapper( 1997): Couldn't get temperatures because of HAL error: ThermalHAL not initialized properly.
12-14 14:24:27.947 V/AlarmManager( 1997): Triggering alarm #0: Alarm{435d45a type 3 origWhen 382438385 whenElapsed 382438385 com.google.android.gms}
12-14 14:24:27.961 D/CompatibilityInfo( 1997): mCompatibilityFlags - 0
12-14 14:24:27.961 D/CompatibilityInfo( 1997): applicationDensity - 440
12-14 14:24:27.961 D/CompatibilityInfo( 1997): applicationScale - 1.0
12-14 14:24:28.004 I/Authzen (13990): [DeviceStateSyncManager] The server is in sync with current state. Nothing to do
12-14 14:24:28.049 I/MiuiNetworkPolicy( 1997): updateUidState uid = 10126, uidState = 19
12-14 14:24:28.290 I/BatteryService( 1997): current mPlugType2current mHealthInfo.batteryLevel100current mHealthInfo.batteryTemperature355
12-14 14:24:28.297 D/UiModeManager( 1997): updateConfigurationLocked: mDockState=0; mCarMode=false; mCar=false; mPowerSave=false; mComputedNightMode=false; mNightMode=1; uiMode=17
12-14 14:24:28.300 D/ThermalIECHandler( 6487): storeDataStyle: thermal_iec_monitor_persistence_data_style_iec_state; startIECTime: -1; IECScreenOffOverPeriodTime: 381178784
12-14 14:24:28.301 D/PowerCheckerService( 6487): onBatteryChanged, mBatteryLevel = 100, status = 2, level = 100, plug = 2, scale = 100
12-14 14:24:28.302 D/PowerKeeper.Thermal( 6487): mBatteryTemperature: 35
12-14 14:24:28.303 I/BatteryInfoReceiver( 4827): ACTION_BATTERY_CHANGED
12-14 14:24:28.304 I/PowerSaveService( 4827): onReceive: android.intent.action.BATTERY_CHANGED
12-14 14:24:28.304 I/PowerNoticeUI( 4827): handleBatteryChanged oldPlugType 2 mPlugType 2 oldBatteryLevel 100 mBatteryLevel 100 temperature 355
12-14 14:24:28.320 V/DeviceStatisticsService( 3103): chargerType=2 batteryLevel=100 totalBatteryCapacity=3393000
12-14 14:24:28.762 E/android.hardware.thermal@2.0-service.qti( 1139): ThermalHAL not initialized properly.
12-14 14:24:28.763 E/ThermalHalWrapper( 1997): Couldn't get temperatures because of HAL error: ThermalHAL not initialized properly.
12-14 14:24:29.677 W/VsyncModulator( 1183): setTransactionSchedule: Unexpected EarlyEnd
