1375193353, C: CHARGING_NONE, I: IDLE_NONE, N: NET_ANY, B: BATTERY_ANY }]
12-14 14:23:53.758 I/Finsky  (24423): [662] SCH: Scheduling 1 system job(s)
12-14 14:23:53.759 I/Finsky  (24423): [662] SCH: Scheduling system job Id: 9339, L: 35199168, D: 84920191, C: false, I: false, N: 1
12-14 14:23:53.769 I/Finsky  (24423): [734] SCH: job service finished with id 9312.
12-14 14:23:53.776 I/MiuiNetworkPolicy( 1997): updateUidState uid = 10205, uidState = 10
12-14 14:23:53.782 I/MiuiNetworkPolicy( 1997): updateUidState uid = 10205, uidState = 19
12-14 14:23:53.942 E/android.hardware.thermal@2.0-service.qti( 1139): ThermalHAL not initialized properly.
12-14 14:23:53.943 E/ThermalHalWrapper( 1997): Couldn't get temperatures because of HAL error: ThermalHAL not initialized properly.
12-14 14:23:53.952 I/BatteryService( 1997): current mPlugType2current mHealthInfo.batteryLevel100current mHealthInfo.batteryTemperature354
12-14 14:23:53.958 D/ThermalIECHandler( 6487): storeDataStyle: thermal_iec_monitor_persistence_data_style_iec_state; startIECTime: -1; IECScreenOffOverPeriodTime: 381178784
12-14 14:23:53.959 D/UiModeManager( 1997): updateConfigurationLocked: mDockState=0; mCarMode=false; mCar=false; mPowerSave=false; mComputedNightMode=false; mNightMode=1; uiMode=17
12-14 14:23:53.963 I/BatteryInfoReceiver( 4827): ACTION_BATTERY_CHANGED
12-14 14:23:53.964 I/PowerSaveService( 4827): onReceive: android.intent.action.BATTERY_CHANGED
12-14 14:23:53.964 I/PowerNoticeUI( 4827): handleBatteryChanged oldPlugType 2 mPlugType 2 oldBatteryLevel 100 mBatteryLevel 100 temperature 354
12-14 14:23:53.967 D/PowerKeeper.Thermal( 6487): mBatteryTemperature: 35
12-14 14:23:53.968 D/PowerCheckerService( 6487): onBatteryChanged, mBatteryLevel = 100, status = 2, level = 100, plug = 2, scale = 100
12-14 14:23:53.986 V/DeviceStatisticsService( 3103): chargerType=2 batteryLevel=100 totalBatteryCapacity=3393000
12-14 14:23:54.982 E/android.hardware.thermal@2.0-service.qti( 1139): ThermalHAL not initialized properly.
12-14 14:23:54.983 E/ThermalHalWrapper( 1997): Couldn't get temperatures because of HAL error: ThermalHAL not initialized properly.
12-14 14:23:55.969 I/BatteryService( 1997): current mPlugType2current mHealthInfo.batteryLevel100current mHealthInfo.batteryTemperature354
12-14 14:23:55.975 D/UiModeManager( 1997): updateConfigurationLocked: mDockState=0; mCarMode=false; mCar=false; mPowerSave=false; mComputedNightMode=false; mNightMode=1; uiMode=17
12-14 14:23:55.976 D/ThermalIECHandler( 6487): storeDataStyle: thermal_iec_monitor_persistence_data_style_iec_state; startIECTime: -1; IECScreenOffOverPeriodTime: 381178784
12-14 14:23:55.978 I/BatteryInfoReceiver( 4827): ACTION_BATTERY_CHANGED
12-14 14:23:55.978 I/PowerSaveService( 4827): onReceive: android.intent.action.BATTERY_CHANGED
12-14 14:23:55.979 I/PowerNoticeUI( 4827): handleBatteryChanged oldPlugType 2 mPlugType 2 oldBatteryLevel 100 mBatteryLevel 100 temperature 354
12-14 14:23:55.986 D/PowerKeeper.Thermal( 6487): mBatteryTemperature: 35
12-14 14:23:55.987 D/PowerCheckerService( 6487): onBatteryChanged, mBatteryLevel = 100, status = 2, level = 100, plug = 2, scale = 100
12-14 14:23:56.004 V/DeviceStatisticsService( 3103): chargerType=2 batteryLevel=100 totalBatteryCapacity=3393000
12-14 14:23:56.013 E/android.hardware.thermal@2.0-service.qti( 1139): ThermalHAL not initialized properly.
12-14 14:23:56.014 E/ThermalHalWrapper( 1997): Couldn't get temperatures because of HAL error: ThermalHAL not initialized properly.
12-14 14:23:57.033 E/android.hardware.thermal@2.0-service.qti( 1139): ThermalHAL not initialized properly.
12-14 14:23:57.034 E/ThermalHalWrapper( 1997): Couldn't get temperatures because of HAL error: ThermalHAL not initialized properly.
12-14 14:23:57.993 I/BatteryService( 1997): current mPlugType2current mHealthInfo.batteryLevel100current mHealthInfo.batteryTemperature354
12-14 14:23:57.999 D/UiModeManager( 1997): updateConfigurationLocked: mDockState=0; mCarMode=false; mCar=false; mPowerSave=false; mComputedNightMode=false; mNightMode=1; uiMode=17
12-14 14:23:57.999 D/ThermalIECHandler( 6487): storeDataStyle: thermal_iec_monitor_persistence_data_style_iec_state; startIECTime: -1; IECScreenOffOverPeriodTime: 381178784
12-14 14:23:58.002 I/BatteryInfoReceiver( 4827): ACTION_BATTERY_CHANGED
12-14 14:23:58.002 I/PowerSaveService( 4827): onReceive: android.intent.action.BATTERY_CHANGED
12-14 14:23:58.003 D/PowerKeeper.Thermal( 6487): mBatteryTemperature: 35
12-14 14:23:58.003 I/PowerNoticeUI( 4827): handleBatteryChanged oldPlugType 2 mPlugType 2 oldBatteryLevel 100 mBatteryLevel 100 temperature 354
12-14 14:23:58.004 D/PowerCheckerService( 6487): onBatteryChanged, mBatteryLevel = 100, status = 2, level = 100, plug = 2, scale = 100
12-14 14:23:58.030 V/DeviceStatisticsService( 3103): chargerType=2 batteryLevel=100 totalBatteryCapacity=3393000
12-14 14:23:58.069 E/android.hardware.thermal@2.0-service.qti( 1139): ThermalHAL not initialized properly.
12-14 14:23:58.070 E/ThermalHalWrapper( 1997): Couldn't get temperatures because of HAL error: ThermalHAL not initialized properly.
12-14 14:23:58.593 W/MiuiInputKeyEventLog( 1997): keyCode:224 down:true eventTime:268900904 downTime:268900904 policyFlags:2000000 flags:8 metaState:0 deviceId:5 isScreenOn:false keyguardActive:true repeatCount:0
12-14 14:23:58.608 I/WindowManager( 1997): getCurrentTopActivityName >>> topActivityClassName = crc647550fd11ca543fdf.MainActivity
12-14 14:23:58.612 D/MiuiPaperContrastOverlayStubImpl( 1997): papermode:updateTextureEyeCareLevel, texture eyecare enable:true
12-14 14:23:58.614 W/VsyncModulator( 1183): setTransactionSchedule: Unexpected EarlyEnd
12-14 14:23:58.617 I/PowerManagerService( 1997): Powering on display group fromAsleep (groupId=0, uid=1000, reason=WAKE_REASON_WAKE_KEY, details=android.policy:KEY)...
12-14 14:23:58.617 I/PowerManagerService( 1997): Waking up from Asleep (uid=1000, reason=WAKE_REASON_WAKE_KEY, details=android.policy:KEY)...
12-14 14:23:58.622 W/MiuiInputKeyEventLog( 1997): keyCode:224 down:false eventTime:268900904 downTime:268900904 policyFlags:22000000 flags:8 metaState:0 deviceId:5 isScreenOn:true keyguardActive:true repeatCount:0
12-14 14:23:58.624 I/DisplayPowerController[0]( 1997): Blocking screen on until initial contents have been drawn.
12-14 14:23:58.626 I/WindowManager( 1997): getCurrentTopActivityName >>> topActivityClassName = crc647550fd11ca543fdf.MainActivity
12-14 14:23:58.629 D/miui_face( 3138): receive waking up with reason
12-14 14:23:58.629 W/ProcessStats( 1997): Tracking association SourceState{a63d30e com.miui.securitycenter.remote/1000 BTopFgs #582730} whose proc state 2 is better than process ProcessState{1a3512f com.miui.powerkeeper/1000 pkg=com.miui.powerkeeper (sub)} proc state 3 (50 skipped)
12-14 14:23:58.629 D/KeyguardViewMediator( 3138): notifyScreenOn
12-14 14:23:58.629 D/KeyguardViewMediator( 3138): handleNotifyScreenTurningOn
12-14 14:23:58.629 D/KeyguardViewMediator( 3138): notifyDrawn
12-14 14:23:58.633 D/KeyguardViewMediator( 3138): onStartedWakingUp, seq = 315
12-14 14:23:58.633 D/KeyguardViewMediator( 3138): notifyStartedWakingUp
12-14 14:23:58.634 V/DisplayPowerController[0]( 1997): Brightness [0.039009362] reason changing to: 'manual', previous reason: 'screen_off'.
12-14 14:23:58.634 D/PowerManagerService( 1997): Setting HAL auto-suspend mode to false
12-14 14:23:58.635 D/PowerManagerService( 1997): Setting HAL interactive mode to true
12-14 14:23:58.635 D/LocalDisplayAdapter( 1997): setDisplayState(id=4630947081618265473, state=ON)
12-14 14:23:58.636 I/SDM     ( 1146): HWCSession::SetPowerMode: disp_id: 0 power_mode: 2
12-14 14:23:58.636 I/QTI PowerHAL( 1137): Power setMode: 7 to: 1
12-14 14:23:58.636 I/SDM     ( 1146): DisplayBase::SetDisplayState: Set state = 1, display 32-0, teardown = 0
12-14 14:23:58.636 I/DisplayDeviceRepository( 1997): Display device changed state: "Built-in Screen", ON
12-14 14:23:58.637 I/QTI PowerHAL( 1137): Got set_interactive hint
12-14 14:23:58.641 D/MiuiPaperContrastOverlayStubImpl( 1997): papermode:updateTextureEyeCareLevel, texture eyecare enable:true
12-14 14:23:58.641 D/CompatibilityChangeReporter( 1997): Compat change id reported: 181136395; UID 1000; state: DISABLED
12-14 14:23:58.641 I/sensors-hal( 1138): batch:242, android.sensor.light/51, period=500000000, max_latency=0
12-14 14:23:58.641 I/sensors-hal( 1138): set_config:63, sample_period_ns is adjusted to 0 based on min/max delay_ns
12-14 14:23:58.641 I/sensors-hal( 1138): batch:251, android.sensor.light/51, period=500000000, max_latency=0 request completed
12-14 14:23:58.641 I/sensors-hal( 1138): activate:209, android.sensor.light/51 en=1
12-14 14:23:58.642 D/CompatibilityChangeReporter( 1997): Compat change id reported: 174042936; UID 1000; state: DISABLED
12-14 14:23:58.647 I/hw-BpHwBinder( 1751): onLastStrongRef automatically unlinking death recipients
12-14 14:23:58.647 I/QmiHwInterface/SendRequestCallback( 3031): <- RCV:OnResponseEvent{status=3, error message = messageId not supported}
12-14 14:23:58.648 D/HomeWallpaperRenderer( 2862): OFFSET  x: 0.3335396  y: 0.0
12-14 14:23:58.649 W/OpenGLRenderer( 2862): Surface doesn't have any previously queued frames, nothing to readback from
12-14 14:23:58.649 I/DynamicDDSService( 3031): sendRequest has failure response. errorMsg = messageId not supported
12-14 14:23:58.650 W/Launcher( 3150): onDisplayChanged: newRotation=0, mCurrentRotation=0
12-14 14:23:58.650 D/FiveGPowerController( 3119): onDisplayChanged to STATE ON
12-14 14:23:58.650 D/FiveGPowerController( 3119): cancel network speed monitor
12-14 14:23:58.650 D/NetworkSpeedMonitor( 3119): stop speed monitor.
12-14 14:23:58.650 D/FiveGPowerController( 3119): screen state changed to: true, start check delay.
12-14 14:23:58.651 D/Launcher_UnlockAnimationStateMachine( 3150): mOldDisplayState = 1 onDisplayChange = 2
12-14 14:23:58.654 E/system_server( 1997): Cannot read thread CPU times for PID 1997
12-14 14:23:58.654 D/ScreenDecorations( 3138): updateOrientation: false
12-14 14:23:58.658 D/TaskStackChangeListeners( 3150): onTaskDisplayChanged =  taskId = 2648 newDisplayId = 0
12-14 14:23:58.658 D/TaskStackChangeListeners( 3150): onTaskDisplayChanged =  taskId = 2643 newDisplayId = 0
12-14 14:23:58.658 D/TaskStackChangeListeners( 3150): onTaskDisplayChanged =  taskId = 2645 newDisplayId = 0
12-14 14:23:58.658 I/sensors-hal( 1138): send_sync_sensor_request:358, send sync request
12-14 14:23:58.659 I/sensors-hal( 1138): send_sync_sensor_request:384, wait for notification of response
12-14 14:23:58.660 I/sensors-hal( 1138): ssc_conn_resp_cb:663, resp_value = 0
12-14 14:23:58.660 I/sensors-hal( 1138): send_sync_sensor_request:390, takes 1 ms to receive the response with 0
12-14 14:23:58.660 I/sensors-hal( 1138): activate:220, android.sensor.light/51 en=1 completed
12-14 14:23:58.660 D/TaskStackChangeListeners( 3150): onTaskDisplayChanged =  taskId = 2 newDisplayId = 0
12-14 14:23:58.661 D/TaskStackChangeListeners( 3150): onTaskDisplayChanged =  taskId = 2638 newDisplayId = 0
12-14 14:23:58.661 D/TaskStackChangeListeners( 3150): onTaskDisplayChanged =  taskId = 2640 newDisplayId = 0
12-14 14:23:58.662 D/TaskStackChangeListeners( 3150): onTaskDisplayChanged =  taskId = 2637 newDisplayId = 0
12-14 14:23:58.663 I/WindowManagerService( 1997): Physical orientation not applied, rotation=0
12-14 14:23:58.664 D/KeyguardViewMediator( 3138): handleNotifyWakingUp
12-14 14:23:58.665 D/TaskStackChangeListeners( 3150): onTaskDisplayChanged =  taskId = 3 newDisplayId = 0
12-14 14:23:58.665 D/MiuiFaceManager( 3138): inernational:true supportR:[ALL] nowR:VN
12-14 14:23:58.665 D/MiuiFaceManager( 3138): inernational:true supportR:[ALL] nowR:VN
12-14 14:23:58.665 D/MiuiFaceManager( 3138): inernational:true supportR:[ALL] nowR:VN
12-14 14:23:58.665 D/MiuiFaceManager( 3138): inernational:true supportR:[ALL] nowR:VN
12-14 14:23:58.665 D/miui_face( 3138): requestFaceAuth()
12-14 14:23:58.665 D/MiuiFaceManager( 3138): inernational:true supportR:[ALL] nowR:VN
12-14 14:23:58.665 D/MiuiFaceManager( 3138): inernational:true supportR:[ALL] nowR:VN
12-14 14:23:58.665 D/KeyguardWallpaperRenderer( 2862): OFFSET  x: 0.0  y: 0.0
12-14 14:23:58.665 D/TaskStackChangeListeners( 3150): onTaskDisplayChanged =  taskId = 4 newDisplayId = 0
12-14 14:23:58.666 D/TaskStackChangeListeners( 3150): onTaskDisplayChanged =  taskId = 5 newDisplayId = 0
12-14 14:23:58.666 D/MiuiBleUnlockHelper( 3138): verifyBLEDeviceRssi  isShowing = true isOccluded = false isMXtelcel = false isHiding = false isDeviceInteractive = true
12-14 14:23:58.667 D/StatusBar( 3138): disable<e i a s B H R c s > disable2<q i n >
12-14 14:23:58.667 D/CollapsedStatusBarFragment( 3138): adjustDisableFlags: mStatusBarView.getState() = 2 mHideIconsForBouncer = false mWereIconsJustHidden = false, mWakeUpCoordinator.getNotificationsFullyHidden = false, mIsExpanded = true, mBypassController.getBypassEnabled = false, mStatusBarStateController.getState() = 1, mKeyguardStateController.isKeyguardGoingAway() = false, mHeadsUpManager.hasPinnedHeadsUp = false, mIsLaunchAnimationRunning = false, mHideIconsDuringLaunchAnimation = true, isFullWidth()true, mShowIconsWhenExpanded = false, mControlPanelExpand = false
12-14 14:23:58.667 D/QS      ( 3138): setListening true
12-14 14:23:58.667 D/StatusBar( 3138): disable<e i a s B H R c s > disable2<q i n >
12-14 14:23:58.668 D/CollapsedStatusBarFragment( 3138): adjustDisableFlags: mStatusBarView.getState() = 2 mHideIconsForBouncer = false mWereIconsJustHidden = false, mWakeUpCoordinator.getNotificationsFullyHidden = false, mIsExpanded = true, mBypassController.getBypassEnabled = false, mStatusBarStateController.getState() = 1, mKeyguardStateController.isKeyguardGoingAway() = false, mHeadsUpManager.hasPinnedHeadsUp = false, mIsLaunchAnimationRunning = false, mHideIconsDuringLaunchAnimation = true, isFullWidth()true, mShowIconsWhenExpanded = false, mControlPanelExpand = false
12-14 14:23:58.668 I/WindowManagerService( 1997): Physical orientation not applied, rotation=0
12-14 14:23:58.668 D/TaskStackChangeListeners( 3150): onTaskDisplayChanged =  taskId = 6 newDisplayId = 0
12-14 14:23:58.669 D/TaskStackChangeListeners( 3150): onTaskDisplayChanged =  taskId = 7 newDisplayId = 0
12-14 14:23:58.669 D/TaskStackChangeListeners( 3150): onTaskDisplayChanged =  taskId = 2641 newDisplayId = 0
12-14 14:23:58.674 W/MiuiAodService( 3723): stopDozing:
12-14 14:23:58.674 D/AppScoutStateMachine( 1997): UiThread-ScoutStateMachinecreated
12-14 14:23:58.676 D/StorageManagerService( 1997): Get the action of screen on
12-14 14:23:58.677 D/KeyguardHorizontalMoveLeftViewContainer( 3138): bindLockScreenMagazineService false false false false false true true
12-14 14:23:58.678 I/PowerCenterProvider( 4827): call METHOD_GET_BATTERY_INFO
12-14 14:23:58.678 D/MiuiKeyguardWallpaperRemoteService( 2862): onStartedWakingUp
12-14 14:23:58.678 W/BatteryHistoryLoadMgr( 4827): getHistoryInfo begin
12-14 14:23:58.678 V/AutoDensityController( 3138): on display changed 0 context dpi:449 origin dpi:440 target dpi:449
12-14 14:23:58.678 D/KeyguardUpdateMonitor( 3138): received broadcast android.intent.action.TIME_TICK
12-14 14:23:58.679 D/MiuiKeyguardPictorialWallpaper( 2862):  windowAlpha 1.0
12-14 14:23:58.679 D/MiuiKeyguardPictorialWallpaper( 2862):  needSetupAgain++++ false mEglHelper.hasEglContext true  mEglHelper.hasEglSurface true ischangescreen false
12-14 14:23:58.679 D/KeyguardWallpaperRenderer( 2862): onDrawFrame
12-14 14:23:58.679 I/sensors-hal( 1138): batch:242, android.sensor.light/51, period=1000000, max_latency=0
12-14 14:23:58.680 I/sensors-hal( 1138): set_config:63, sample_period_ns is adjusted to 0 based on min/max delay_ns
12-14 14:23:58.680 I/sensors-hal( 1138): batch:251, android.sensor.light/51, period=1000000, max_latency=0 request completed
12-14 14:23:58.682 D/MiuiKeyguardPictorialWallpaper( 2862):  windowAlpha 1.0
12-14 14:23:58.682 D/KeyguardWallpaperHelper( 2862): get lockscreenMagazineSupportScreenOn fail
12-14 14:23:58.682 D/KeyguardWallpaperHelper( 2862): android.content.pm.PackageManager$NameNotFoundException: com.miui.android.fashiongallery
12-14 14:23:58.682 D/KeyguardWallpaperHelper( 2862): 	at android.app.ApplicationPackageManager.getApplicationInfoAsUser(ApplicationPackageManager.java:471)
12-14 14:23:58.682 D/KeyguardWallpaperHelper( 2862): 	at android.app.ApplicationPackageManager.getApplicationInfo(ApplicationPackageManager.java:460)
12-14 14:23:58.682 D/KeyguardWallpaperHelper( 2862): 	at com.miui.miwallpaper.keyguard.wallpaper.KeyguardWallpaperHelper.isLockscreenMagazineSupportScreenOn(KeyguardWallpaperHelper.java:492)
12-14 14:23:58.682 D/KeyguardWallpaperHelper( 2862): 	at com.miui.miwallpaper.MiuiKeyguardWallpaperRemoteService$IMiuiKeyguardWallpaperServiceStub.lambda$onStartedWakingUp$0$com-miui-miwallpaper-MiuiKeyguardWallpaperRemoteService$IMiuiKeyguardWallpaperServiceStub(MiuiKeyguardWallpaperRemoteService.java:166)
12-14 14:23:58.682 D/KeyguardWallpaperHelper( 2862): 	at com.miui.miwallpaper.MiuiKeyguardWallpaperRemoteService$IMiuiKeyguardWallpaperServiceStub$$ExternalSyntheticLambda1.run(Unknown Source:2)
12-14 14:23:58.682 D/KeyguardWallpaperHelper( 2862): 	at android.os.Handler.handleCallback(Handler.java:938)
12-14 14:23:58.682 D/KeyguardWallpaperHelper( 2862): 	at android.os.Handler.dispatchMessage(Handler.java:99)
12-14 14:23:58.682 D/KeyguardWallpaperHelper( 2862): 	at android.os.Looper.loopOnce(Looper.java:211)
12-14 14:23:58.682 D/KeyguardWallpaperHelper( 2862): 	at android.os.Looper.loop(Looper.java:300)
12-14 14:23:58.682 D/KeyguardWallpaperHelper( 2862): 	at android.app.ActivityThread.main(ActivityThread.java:8301)
12-14 14:23:58.682 D/KeyguardWallpaperHelper( 2862): 	at java.lang.reflect.Method.invoke(Native Method)
12-14 14:23:58.682 D/KeyguardWallpaperHelper( 2862): 	at com.android.internal.os.RuntimeInit$MethodAndArgsCaller.run(RuntimeInit.java:556)
12-14 14:23:58.682 D/KeyguardWallpaperHelper( 2862): 	at com.android.internal.os.ZygoteInit.main(ZygoteInit.java:1043)
12-14 14:23:58.682 D/KeyguardWallpaperHelper( 2862): get lockscreenMagazineSupportScreenOn == false
12-14 14:23:58.683 D/vold    (  544): The trim thread is not running
12-14 14:23:58.683 D/vold    (  544): idle maintenance stopped
12-14 14:23:58.691 D/thread_hook( 2862): tid---: 3629
12-14 14:23:58.691 D/MiuiKeyguardPictorialWallpaper( 2862): 　scheduleFinishRendering
12-14 14:23:58.691 D/KeyguardWallpaperRenderer( 2862): onDrawFrame
12-14 14:23:58.693 W/Binder:4827_8( 4827): type=1400 audit(0.0:374357): avc: denied { search } for name="/" dev="bpf" ino=1 scontext=u:r:system_app:s0 tcontext=u:object_r:fs_bpf:s0 tclass=dir permissive=0
12-14 14:23:58.699 D/MiuiWifiService( 1997): cancelPeriodWifiScan trigger
12-14 14:23:58.693 W/Binder:4827_8( 4827): type=1400 audit(0.0:374358): avc: denied { search } for name="/" dev="bpf" ino=1 scontext=u:r:system_app:s0 tcontext=u:object_r:fs_bpf:s0 tclass=dir permissive=0
12-14 14:23:58.700 D/thread_hook( 2862): tid---: 3629
12-14 14:23:58.700 D/ImageGLWallpaper( 2862):  scissor: Rect(0, 0 - 1080, 2400) displayPoint: Point(1080, 2400) isScrollWithScreen: false
12-14 14:23:58.700 D/ImageGLWallpaper( 2862):  heightDiffRatio 0.0
12-14 14:23:58.700 D/ImageGLWallpaper( 2862):  widthDiffRatio 0.0
12-14 14:23:58.700 D/ImageGLWallpaper( 2862):  mCurrentTexCoordinate [0.0, 1.0, 1.0, 1.0, 1.0, 0.0, 1.0, 0.0, 0.0, 0.0, 0.0, 1.0]
12-14 14:23:58.700 D/MiuiKeyguardPictorialWallpaper( 2862):  needSetupAgain++++ false mEglHelper.hasEglContext true  mEglHelper.hasEglSurface true ischangescreen false
12-14 14:23:58.700 I/BatteryHistoryLoadMgr( 4827): lastIncreasingIntervalStartIndex=0
12-14 14:23:58.700 W/BatteryHistoryLoadMgr( 4827): get firstHistoryInfo time: 381183670
12-14 14:23:58.701 D/BatteryHistoryLoadMgr( 4827): getHistoryInfo end
12-14 14:23:58.702 I/PowerUtils( 4827): Device name:veux
12-14 14:23:58.702 W/PowerUtils( 4827): should not use this capacity value 5000
12-14 14:23:58.703 D/KeyguardUpdateMonitor( 3138): handleTimeUpdate
12-14 14:23:58.704 D/KeyguardIndication( 3138):  switchIndication:About 26 h 18 m left
12-14 14:23:58.704 D/WindowManager( 1997): finishDrawingLocked: mDrawState=COMMIT_DRAW_PENDING Window{ef5257a u0 NotificationShade} in Surface(name=NotificationShade)/@0x6c5f262
12-14 14:23:58.708 I/sensors-hal( 1138): batch:242, android.sensor.device_orientation/272, period=66667000, max_latency=0
12-14 14:23:58.708 I/sensors-hal( 1138): set_config:63, sample_period_ns is adjusted to 0 based on min/max delay_ns
12-14 14:23:58.708 I/sensors-hal( 1138): batch:251, android.sensor.device_orientation/272, period=66667000, max_latency=0 request completed
12-14 14:23:58.709 I/sensors-hal( 1138): activate:209, android.sensor.device_orientation/272 en=1
12-14 14:23:58.712 I/sensors-hal( 1138): send_sync_sensor_request:358, send sync request
12-14 14:23:58.712 I/sensors-hal( 1138): send_sync_sensor_request:384, wait for notification of response
12-14 14:23:58.713 I/sensors-hal( 1138): ssc_conn_resp_cb:663, resp_value = 0
12-14 14:23:58.713 I/sensors-hal( 1138): send_sync_sensor_request:390, takes 0 ms to receive the response with 0
12-14 14:23:58.713 I/sensors-hal( 1138): activate:220, android.sensor.device_orientation/272 en=1 completed
12-14 14:23:58.713 I/DisplayPowerController[0]( 1997): Unblocked screen on after 89 ms
12-14 14:23:58.716 I/PowerUtils( 4827): Device name:veux
12-14 14:23:58.716 W/PowerUtils( 4827): should not use this capacity value 5000
12-14 14:23:58.717 I/AudioFlinger( 1178): setGameParameters keyvalue: screen_state=on
12-14 14:23:58.718 D/audio_hw_primary( 1121): adev_set_parameters:enter: screen_state=on
12-14 14:23:58.718 D/sound_trigger_hw( 1121): handle_screen_status_change: screen on
12-14 14:23:58.718 V/ultrasound_extn( 1121): ultrasound_extn_set_parameters: enter
12-14 14:23:58.718 V/ultrasound_extn( 1121): ultrasound_handle_screen_on_message: enter
12-14 14:23:58.718 V/ultrasound_extn( 1121): ultrasound_handle_screen_on_message: exit
12-14 14:23:58.718 V/ultrasound_extn( 1121): ultrasound_handle_sensor_fusion_message: enter
12-14 14:23:58.718 V/ultrasound_extn( 1121): ultrasound_handle_sensor_fusion_message: exit
12-14 14:23:58.718 V/ultrasound_extn( 1121): ultrasound_extn_set_parameters: usecase handling parms:screen_state=on
12-14 14:23:58.718 E/audio_hw_extn( 1121): wt_smartpa_get audiock
12-14 14:23:58.718 E/wt_audio_cust( 1121): wt_audio_mmi_setparameter audiock mmi test 0
12-14 14:23:58.718 E/wt_audio_cust( 1121): wt_audio_mmi_setparameter audiock mmi test2 -2
12-14 14:23:58.718 D/audio_hw_primary( 1121): mmi status = 0
12-14 14:23:58.719 I/BatteryChargeTimeHelper( 4827): Only use maxChargeTime in CV level
12-14 14:23:58.719 I/BatteryChargeTimeHelper( 4827): Use default time,  0.0 0ms
12-14 14:23:58.719 I/PowerUtils( 4827): Device name:veux
12-14 14:23:58.719 W/PowerUtils( 4827): should not use this capacity value 5000
12-14 14:23:58.730 D/KeyguardWallpaperRenderer( 2862): onDrawFrame
12-14 14:23:58.730 I/KeyguardIndicationInjector( 3138): handleChargeTextAnimation: false;powerPluggedIn=true
12-14 14:23:58.730 D/KeyguardIndication( 3138):  switchIndication:About 26 h 18 m left
12-14 14:23:58.734 V/LocationPolicy( 1997): Screen state changed
12-14 14:23:58.735 D/thread_hook( 2862): tid---: 3629
12-14 14:23:58.737 W/ContextImpl( 1997): Calling a method in the system process without a qualified user: android.app.ContextImpl.sendBroadcast:1198 com.miui.server.car.MiuiCarService$3.onReceive:307 android.app.LoadedApk$ReceiverDispatcher$Args.lambda$getRunnable$0$LoadedApk$ReceiverDispatcher$Args:1694 android.app.LoadedApk$ReceiverDispatcher$Args$$ExternalSyntheticLambda0.run:2 android.os.Handler.handleCallback:938
12-14 14:23:58.746 D/KeyguardWallpaperRenderer( 2862): onDrawFrame
12-14 14:23:58.750 D/thread_hook( 2862): tid---: 3629
12-14 14:23:58.762 D/KeyguardWallpaperRenderer( 2862): onDrawFrame
12-14 14:23:58.766 D/thread_hook( 2862): tid---: 3629
12-14 14:23:58.779 D/KeyguardWallpaperRenderer( 2862): onDrawFrame
12-14 14:23:58.783 D/thread_hook( 2862): tid---: 3629
12-14 14:23:58.795 D/KeyguardWallpaperRenderer( 2862): onDrawFrame
12-14 14:23:58.801 D/thread_hook( 2862): tid---: 3629
12-14 14:23:58.804 D/syspressure.cpuinfo( 1997): parseCpuInfo
12-14 14:23:58.804 D/syspressure.cpuinfo( 1997): cpu:9.1|3.9|4.0|0.2|0.7|0.2
12-14 14:23:58.805 D/syspressure.cpuinfo( 1997): cpu0:14.3|5.9|5.4|0.3|2.3|0.4
12-14 14:23:58.805 D/syspressure.cpuinfo( 1997): cpu1:17.4|7.7|7.1|0.2|1.8|0.4
12-14 14:23:58.805 D/syspressure.cpuinfo( 1997): cpu2:16.6|7.8|7.6|0.2|0.7|0.3
12-14 14:23:58.805 D/syspressure.cpuinfo( 1997): cpu3:7.4|2.2|4.6|0.1|0.3|0.2
12-14 14:23:58.805 D/syspressure.cpuinfo( 1997): cpu4:1.5|0.7|0.7|0.0|0.0|0.0
12-14 14:23:58.805 D/syspressure.cpuinfo( 1997): cpu5:1.7|0.8|0.8|0.1|0.0|0.0
12-14 14:23:58.805 D/syspressure.cpuinfo( 1997): cpu6:6.9|3.1|3.0|0.5|0.3|0.1
12-14 14:23:58.805 D/syspressure.cpuinfo( 1997): cpu7:7.1|3.5|2.8|0.4|0.3|0.1
12-14 14:23:58.811 D/KeyguardWallpaperRenderer( 2862): onDrawFrame
12-14 14:23:58.826 D/thread_hook( 2862): tid---: 3629
12-14 14:23:58.829 D/KeyguardWallpaperRenderer( 2862): onDrawFrame
12-14 14:23:58.836 D/thread_hook( 2862): tid---: 3629
12-14 14:23:58.838 I/mi_thermald( 1640): generic_set_level: set generic device battery to 12
12-14 14:23:58.844 D/KeyguardWallpaperRenderer( 2862): onDrawFrame
12-14 14:23:58.849 D/thread_hook( 2862): tid---: 3629
12-14 14:23:58.863 D/KeyguardWallpaperRenderer( 2862): onDrawFrame
12-14 14:23:58.871 D/thread_hook( 2862): tid---: 3629
12-14 14:23:58.878 D/KeyguardWallpaperRenderer( 2862): onDrawFrame
12-14 14:23:58.882 D/thread_hook( 2862): tid---: 3629
12-14 14:23:58.895 D/KeyguardWallpaperRenderer( 2862): onDrawFrame
12-14 14:23:58.903 D/thread_hook( 2862): tid---: 3629
12-14 14:23:58.912 D/KeyguardWallpaperRenderer( 2862): onDrawFrame
12-14 14:23:58.914 D/BroadcastExecutor( 3138): BroadcastExecutor : 2
12-14 14:23:58.922 D/thread_hook( 2862): tid---: 3629
12-14 14:23:58.928 D/KeyguardWallpaperRenderer( 2862): onDrawFrame
12-14 14:23:58.930 D/BroadcastExecutor( 3138): BroadcastExecutor : 2
12-14 14:23:58.938 D/thread_hook( 2862): tid---: 3629
12-14 14:23:58.939 I/SDM     ( 1146): DisplayBase::SetDisplayState: active 1-1 state 1-1 pending_power_state_ 0
12-14 14:23:58.941 D/SurfaceFlinger( 1183): Setting power mode 2 on display 4630947081618265473
12-14 14:23:58.942 D/SurfaceFlinger( 1183): Finished setting power mode 2 on display 4630947081618265473
12-14 14:23:58.943 W/BpBinder( 1997): Slow Binder: BpBinder transact took 307 ms, interface=android.ui.ISurfaceComposer, code=18 oneway=false
12-14 14:23:58.943 D/SurfaceControl( 1997): Excessive delay in setPowerMode()
12-14 14:23:58.953 W/PowerManagerService( 1997): Screen on took 361 ms
12-14 14:23:58.953 D/KeyguardViewMediator( 3138): notifyScreenTurnedOn
12-14 14:23:58.953 D/WindowManager( 1997): PocketHandlerCallback pocket on
12-14 14:23:58.954 D/KeyguardViewMediator( 3138): handleNotifyScreenTurnedOn
12-14 14:23:58.955 D/DisplayFeatureManager( 1997): setScreenEffect displayId=0 mode=23 value=2 cookie=255
12-14 14:23:58.955 D/pocket write success( 1997): content1
12-14 14:23:58.956 D/displayfeature( 1660): onTransact received request.
12-14 14:23:58.956 D/displayfeature( 1660): SET_FEATURE
12-14 14:23:58.956 D/displayfeature( 1660): setFeatureK6S, called mode:23 value:2.
12-14 14:23:58.956 D/displayfeature( 1660): setFeatureK6S begin,lastmode = 0, mode = 23,value = 2.
12-14 14:23:58.956 D/displayfeature( 1660): displayfeature,setUserCb:m_ducbc:1.000000,1.000000,1.000000
12-14 14:23:58.956 D/displayfeature( 1660): compDiffScreen 3
12-14 14:23:58.956 D/displayfeature( 1660): displayfeature,ret:3,device_product:
12-14 14:23:58.957 D/displayfeature( 1660): displayfeature,setUserCb,mducbc:R:1.000000,G:1.000000,B:1.000000
12-14 14:23:58.957 D/displayfeature( 1660): displayfeature,setUserCb,ducbc:R:1.000000,G:1.000000,B:1.000000
12-14 14:23:58.957 D/displayfeature( 1660): displayfeature,setColorAdjust A  value:2 rgbCoeff: 1.000000 1.000000 1.000000, ret:0
12-14 14:23:58.957 D/displayfeature( 1660): displayfeature,setColorAdjust C value:2 rgbCoeff: 1.000000 1.000000 1.000000,maxRGB 1.000000
12-14 14:23:58.957 D/displayfeature( 1660): displayfeature,setColorAdjust eyecareon,value: 2 , coeff[0]: 1.000000, coeff[4]: 1.000000,coeff[8]: 1.000000
12-14 14:23:58.957 D/displayfeature( 1660): displayfeature: rgb_params R:1.000000, G:1.000000, B:1.000000
12-14 14:23:58.957 D/displayfeature( 1660): ====>PccData value 1.000000, 1.000000, 1.000000
12-14 14:23:58.958 D/displayfeature( 1660): DisplayFeatureControl success to acquire SurfaceFlinger  1
12-14 14:23:58.959 D/SurfaceFlinger( 1183): set MIUI pcccfg
12-14 14:23:58.959 D/SurfaceFlinger( 1183): set MIUI pcccfg mMiColorMatrix= 1.000000
12-14 14:23:58.959 D/SurfaceFlinger( 1183): set MIUI pcccfg mMiColorMatrix= 0.000000
12-14 14:23:58.959 D/SurfaceFlinger( 1183): set MIUI pcccfg mMiColorMatrix= 0.000000
12-14 14:23:58.959 D/SurfaceFlinger( 1183): set MIUI pcccfg mMiColorMatrix= 0.000000
12-14 14:23:58.959 D/SurfaceFlinger( 1183): set MIUI pcccfg mMiColorMatrix= 1.000000
12-14 14:23:58.959 D/SurfaceFlinger( 1183): set MIUI pcccfg mMiColorMatrix= 0.000000
12-14 14:23:58.959 D/SurfaceFlinger( 1183): set MIUI pcccfg mMiColorMatrix= 0.000000
12-14 14:23:58.959 D/SurfaceFlinger( 1183): set MIUI pcccfg mMiColorMatrix= 0.000000
12-14 14:23:58.959 D/SurfaceFlinger( 1183): set MIUI pcccfg mMiColorMatrix= 1.000000
12-14 14:23:58.959 D/DisplayFeatureManager( 1997): setScreenEffect displayId=0 mode=0 value=2 cookie=255
12-14 14:23:58.960 D/KeyguardWallpaperRenderer( 2862): onDrawFrame
12-14 14:23:58.960 D/displayfeature( 1660): onTransact received request.
12-14 14:23:58.962 D/displayfeature( 1660): SET_FEATURE
12-14 14:23:58.962 D/displayfeature( 1660): setFeatureK6S, called mode:0 value:2.
12-14 14:23:58.962 D/displayfeature( 1660): setFeatureK6S begin,lastmode = 0, mode = 0,value = 2.
12-14 14:23:58.962 D/displayfeature( 1660): flat mode to 2
12-14 14:23:58.963 D/thread_hook( 2862): tid---: 3629
12-14 14:23:58.967 D/BroadcastExecutor( 3119): BroadcastExecutor : 2
12-14 14:23:58.972 D/displayfeature( 1660): readbrightness,out:80.
12-14 14:23:58.972 D/displayfeature( 1660): doThreadWorkforBl, screen on 80
12-14 14:23:58.973 D/BroadcastExecutor( 3119): BroadcastExecutor : 2
12-14 14:23:58.974 D/displayfeature( 1660): doThreadWork 528038747312 lightThread 528038747312
12-14 14:23:58.974 D/KeyguardWallpaperRenderer( 2862): onDrawFrame
12-14 14:23:58.975 D/displayfeature( 1660): doThreadWork,looper == NULL!
12-14 14:23:58.979 D/thread_hook( 2862): tid---: 3629
12-14 14:23:58.979 I/DeviceStatusMonitor( 4708): DeviceStatusMonitor.handleBroadcast():138 onReceive() : Action = android.intent.action.SCREEN_ON
12-14 14:23:58.980 I/DeviceStatusMonitor( 4708): DeviceStatusMonitor.updateCountryInfo():154 updateCountryInfo(), notifyAnyway = false
12-14 14:23:58.982 E/JavaBinder( 1997): *** Uncaught remote exception!  (Exceptions are not yet supported across processes.)
12-14 14:23:58.982 E/JavaBinder( 1997): java.lang.RuntimeException: android.os.RemoteException: Couldn't get targetSdkVersion for package DisplayFeatureControl
12-14 14:23:58.982 E/JavaBinder( 1997): 	at android.os.Parcel.writeException(Parcel.java:2211)
12-14 14:23:58.982 E/JavaBinder( 1997): 	at android.os.Binder.execTransactInternal(Binder.java:1209)
12-14 14:23:58.982 E/JavaBinder( 1997): 	at android.os.Binder.execTransact(Binder.java:1149)
12-14 14:23:58.982 E/JavaBinder( 1997): Caused by: android.os.RemoteException: Couldn't get targetSdkVersion for package DisplayFeatureControl
12-14 14:23:58.982 E/JavaBinder( 1997): 	at com.android.server.pm.PackageManagerService$PackageManagerNative.getTargetSdkVersionForPackage(PackageManagerService.java:27563)
12-14 14:23:58.982 E/JavaBinder( 1997): 	at android.content.pm.IPackageManagerNative$Stub.onTransact(IPackageManagerNative.java:297)
12-14 14:23:58.982 E/JavaBinder( 1997): 	at android.os.Binder.execTransactInternal(Binder.java:1190)
12-14 14:23:58.982 E/JavaBinder( 1997): 	... 1 more
12-14 14:23:58.982 I/TrafficManageService( 4827): onReceive: android.intent.action.SCREEN_ON
12-14 14:23:58.984 I/displayfeature( 1660): doThreadWork closed
12-14 14:23:58.984 I/sensors-hal( 1138): batch:242, android.sensor.light/51, period=1000000, max_latency=0
12-14 14:23:58.984 I/sensors-hal( 1138): set_config:63, sample_period_ns is adjusted to 0 based on min/max delay_ns
12-14 14:23:58.984 I/sensors-hal( 1138): batch:251, android.sensor.light/51, period=1000000, max_latency=0 request completed
12-14 14:23:58.990 D/KeyguardWallpaperRenderer( 2862): onDrawFrame
12-14 14:23:58.992 D/NfcService( 5155): MSG_APPLY_SCREEN_STATE 4
12-14 14:23:58.993 D/thread_hook( 2862): tid---: 3629
12-14 14:23:59.001 I/PowerSaveService( 4827): onReceive: android.intent.action.SCREEN_ON
12-14 14:23:59.001 D/PowerNoticeUI( 4827): ScreenOnEvent
12-14 14:23:59.003 I/ThermalInfoCollector( 6487): collectForgroundAppsInfo: SCREEN_OFF
12-14 14:23:59.007 D/KeyguardWallpaperRenderer( 2862): onDrawFrame
12-14 14:23:59.008 D/LS-ForegroundStatusManager( 6487): onScreenChanged screenOn = true, mWorking = false
12-14 14:23:59.009 D/ThermalIECHandler( 6487): IECAll48Allowed: false; IECMonitorAllowed: false; IECTestState: false
12-14 14:23:59.011 D/thread_hook( 2862): tid---: 3629

12-14 14:23:59.011 D/ThermalIECHandler( 6487):  IECStateByte: 0
12-14 14:23:59.011 D/ThermalIECHandler( 6487): storeDataStyle: thermal_iec_monitor_persistence_data_style_iec_state; startIECTime: -1; IECScreenOffOverPeriodTime: 381178784
12-14 14:23:59.015 D/DeviceStatisticsService( 3103): Send device is interactive
12-14 14:23:59.015 D/DeviceInfoHidlClient( 3103): getDeviceInfoSupportStatus()=1
12-14 14:23:59.015 D/DeviceInfoHidlClient( 3103): isRadioOn()=true
12-14 14:23:59.015 I/DeviceInfoHidlClient( 3103): deviceState=2
12-14 14:23:59.019 D/SYS_EVENT( 5286): send event 16 notification to client
12-14 14:23:59.024 D/PASRDozeReceiver( 5208): Received Intent Intent { act=android.intent.action.SCREEN_ON flg=0x50200010 }
12-14 14:23:59.024 D/KeyguardWallpaperRenderer( 2862): onDrawFrame
12-14 14:23:59.026 D/PASRDozeReceiver( 5208): Sent intent Successfully
12-14 14:23:59.027 D/PASRService( 5208): PASRService started
12-14 14:23:59.028 D/thread_hook( 2862): tid---: 3629
12-14 14:23:59.033 D/BroadcastExecutor(13327): BroadcastExecutor : 2
12-14 14:23:59.035 D/BroadcastExecutor(13327): BroadcastExecutor : 2
12-14 14:23:59.040 D/KeyguardWallpaperRenderer( 2862): onDrawFrame
12-14 14:23:59.044 D/thread_hook( 2862): tid---: 3629
12-14 14:23:59.057 D/KeyguardWallpaperRenderer( 2862): onDrawFrame
12-14 14:23:59.061 D/thread_hook( 2862): tid---: 3629
12-14 14:23:59.063 D/displayfeature( 1660): successfully write 2 into
12-14 14:23:59.064 D/displayfeature( 1660): setWtColorMode Mode 0, result 0
12-14 14:23:59.064 D/displayfeature( 1660): displayfeature setFeatureK6S setAd:1
12-14 14:23:59.065 D/displayfeature( 1660): displayfeature setFeatureK6S setAd error:-1
12-14 14:23:59.065 D/displayfeature( 1660): setFeatureK6S,setUserCb: 2.
12-14 14:23:59.061 W/displayfeature( 1660): type=1400 audit(0.0:374359): avc: denied { write } for name="pps" dev="tmpfs" ino=31363 scontext=u:r:displayfeature:s0 tcontext=u:object_r:vendor_pps_socket:s0 tclass=sock_file permissive=0
12-14 14:23:59.069 E/android.hardware.thermal@2.0-service.qti( 1139): ThermalHAL not initialized properly.
12-14 14:23:59.070 E/ThermalHalWrapper( 1997): Couldn't get temperatures because of HAL error: ThermalHAL not initialized properly.
12-14 14:23:59.074 D/KeyguardWallpaperRenderer( 2862): onDrawFrame
12-14 14:23:59.078 D/thread_hook( 2862): tid---: 3629
12-14 14:23:59.090 D/KeyguardWallpaperRenderer( 2862): onDrawFrame
12-14 14:23:59.095 D/displayfeature( 1660): displayfeature,setColorAdjust A  value:2 rgbCoeff: 1.000000 1.000000 1.000000, ret:0
12-14 14:23:59.095 D/displayfeature( 1660): displayfeature,setColorAdjust C value:2 rgbCoeff: 1.000000 1.000000 1.000000,maxRGB 1.000000
12-14 14:23:59.095 D/displayfeature( 1660): displayfeature,setColorAdjust eyecareon,value: 2 , coeff[0]: 1.000000, coeff[4]: 1.000000,coeff[8]: 1.000000
12-14 14:23:59.095 D/displayfeature( 1660): displayfeature: rgb_params R:1.000000, G:1.000000, B:1.000000
12-14 14:23:59.095 D/displayfeature( 1660): ====>PccData value 1.000000, 1.000000, 1.000000
12-14 14:23:59.096 D/displayfeature( 1660): DisplayFeatureControl success to acquire SurfaceFlinger  1
12-14 14:23:59.096 D/SurfaceFlinger( 1183): set MIUI pcccfg
12-14 14:23:59.096 D/SurfaceFlinger( 1183): set MIUI pcccfg mMiColorMatrix= 1.000000
12-14 14:23:59.096 D/SurfaceFlinger( 1183): set MIUI pcccfg mMiColorMatrix= 0.000000
12-14 14:23:59.096 D/SurfaceFlinger( 1183): set MIUI pcccfg mMiColorMatrix= 0.000000
12-14 14:23:59.096 D/SurfaceFlinger( 1183): set MIUI pcccfg mMiColorMatrix= 0.000000
12-14 14:23:59.096 D/SurfaceFlinger( 1183): set MIUI pcccfg mMiColorMatrix= 1.000000
12-14 14:23:59.096 D/SurfaceFlinger( 1183): set MIUI pcccfg mMiColorMatrix= 0.000000
12-14 14:23:59.096 D/SurfaceFlinger( 1183): set MIUI pcccfg mMiColorMatrix= 0.000000
12-14 14:23:59.096 D/SurfaceFlinger( 1183): set MIUI pcccfg mMiColorMatrix= 0.000000
12-14 14:23:59.097 D/SurfaceFlinger( 1183): set MIUI pcccfg mMiColorMatrix= 1.000000
12-14 14:23:59.097 D/displayfeature( 1660): setFeatureK6S,displayId:0,mode:0,value:2
12-14 14:23:59.097 D/thread_hook( 2862): tid---: 3629
12-14 14:23:59.106 W/NsdServiceInfo(14792): Key lengths > 9 are discouraged: commonData
12-14 14:23:59.107 D/KeyguardWallpaperRenderer( 2862): onDrawFrame
12-14 14:23:59.108 D/NsdService( 1997): Register service
12-14 14:23:59.110 D/NsdService( 1997): mdnssd [start-service]
12-14 14:23:59.111 D/thread_hook( 2862): tid---: 3629
12-14 14:23:59.124 D/KeyguardWallpaperRenderer( 2862): onDrawFrame
12-14 14:23:59.127 D/thread_hook( 2862): tid---: 3629
12-14 14:23:59.140 D/KeyguardWallpaperRenderer( 2862): onDrawFrame
12-14 14:23:59.146 D/thread_hook( 2862): tid---: 3629
12-14 14:23:59.157 D/KeyguardWallpaperRenderer( 2862): onDrawFrame
12-14 14:23:59.161 D/thread_hook( 2862): tid---: 3629
12-14 14:23:59.174 D/KeyguardWallpaperRenderer( 2862): onDrawFrame
12-14 14:23:59.179 D/thread_hook( 2862): tid---: 3629
12-14 14:23:59.191 D/KeyguardWallpaperRenderer( 2862): onDrawFrame
12-14 14:23:59.195 D/thread_hook( 2862): tid---: 3629
12-14 14:23:59.207 D/KeyguardWallpaperRenderer( 2862): onDrawFrame
12-14 14:23:59.211 D/thread_hook( 2862): tid---: 3629
12-14 14:23:59.224 D/KeyguardWallpaperRenderer( 2862): onDrawFrame
12-14 14:23:59.228 D/thread_hook( 2862): tid---: 3629
12-14 14:23:59.240 D/KeyguardWallpaperRenderer( 2862): onDrawFrame
12-14 14:23:59.244 D/thread_hook( 2862): tid---: 3629
12-14 14:23:59.258 D/KeyguardWallpaperRenderer( 2862): onDrawFrame
12-14 14:23:59.263 D/thread_hook( 2862): tid---: 3629
12-14 14:23:59.274 D/KeyguardWallpaperRenderer( 2862): onDrawFrame
12-14 14:23:59.280 D/thread_hook( 2862): tid---: 3629
12-14 14:23:59.291 D/KeyguardWallpaperRenderer( 2862): onDrawFrame
12-14 14:23:59.295 D/thread_hook( 2862): tid---: 3629
12-14 14:23:59.307 I/MiuiNetworkPolicy( 1997): updateUidState uid = 10131, uidState = 11
12-14 14:23:59.308 D/KeyguardWallpaperRenderer( 2862): onDrawFrame
12-14 14:23:59.314 D/thread_hook( 2862): tid---: 3629
12-14 14:23:59.319 D/NsdService( 1997): registerService: 404 name: {"nm":"POCO","as":"[8194]","ip":"136"}, type: _mi-connect._udp, host: null, port: 56666, txtRecord: idHash=YzY5
12-14 14:23:59.319 D/NsdService( 1997): dev=1sec=2apps=[8194]	name=POCOflags=Ag==
version=65544commonData=0appsData=AQIEgw==
12-14 14:23:59.320 D/NsdService( 1997): mdnssd [register, 404, {"nm":"POCO","as":"[8194]","ip":"136"}, _mi-connect._udp, 56666, DGlkSGFzaD1Zelk1CgVkZXY9MQVzZWM9MgthcHBzPVs4MTk0XQluYW1lPVBPQ08LZmxhZ3M9QWc9PQoNdmVyc2lvbj02NTU0NAxjb21tb25EYXRhPTASYXBwc0RhdGE9QVFJRWd3PT0K]
12-14 14:23:59.321 D/NsdService( 1997): Register 11 404
12-14 14:23:59.325 D/KeyguardWallpaperRenderer( 2862): onDrawFrame
12-14 14:23:59.327 I/MiuiNetworkPolicy( 1997): updateUidState uid = 10161, uidState = 11
12-14 14:23:59.327 I/MiuiNetworkPolicy( 1997): updateUidState uid = 10131, uidState = 19
12-14 14:23:59.328 D/BroadcastExecutor(24708): BroadcastExecutor : 2
12-14 14:23:59.330 D/thread_hook( 2862): tid---: 3629
12-14 14:23:59.332 D/BroadcastExecutor(24708): BroadcastExecutor : 2
12-14 14:23:59.334 I/MiuiNetworkPolicy( 1997): updateUidState uid = 10161, uidState = 19
12-14 14:23:59.342 D/KeyguardWallpaperRenderer( 2862): onDrawFrame
12-14 14:23:59.346 D/thread_hook( 2862): tid---: 3629
12-14 14:23:59.347 D/MiuiImsPhoneCallTrackerStubImpl( 3119): onReceive : android.net.wifi.RSSI_CHANGED
12-14 14:23:59.348 D/QCNEJ/WlanStaInfoRelay( 3048): Received action: android.net.wifi.RSSI_CHANGED
12-14 14:23:59.357 D/MiuiImsPhoneCallTrackerStubImpl( 3119): onReceive : android.net.wifi.RSSI_CHANGED
12-14 14:23:59.359 D/KeyguardWallpaperRenderer( 2862): onDrawFrame
12-14 14:23:59.363 D/thread_hook( 2862): tid---: 3629
12-14 14:23:59.375 D/KeyguardWallpaperRenderer( 2862): onDrawFrame
12-14 14:23:59.380 D/thread_hook( 2862): tid---: 3629
12-14 14:23:59.391 D/KeyguardWallpaperRenderer( 2862): onDrawFrame
12-14 14:23:59.395 D/thread_hook( 2862): tid---: 3629
12-14 14:23:59.409 D/KeyguardWallpaperRenderer( 2862): onDrawFrame
12-14 14:23:59.413 D/thread_hook( 2862): tid---: 3629
12-14 14:23:59.425 D/KeyguardWallpaperRenderer( 2862): onDrawFrame
12-14 14:23:59.428 D/thread_hook( 2862): tid---: 3629
12-14 14:23:59.442 D/KeyguardWallpaperRenderer( 2862): onDrawFrame
12-14 14:23:59.447 D/thread_hook( 2862): tid---: 3629
12-14 14:23:59.451 I/BugleRcsEngine(10099): Connected state: [1], networkType: [WIFI] [CONTEXT thread_id=653 ]
12-14 14:23:59.451 I/BugleRcsEngine(10099): handleMessage processing message:[NOTIFY_UPTIME_IGNORE_STATE_CHANGED] with [non-null]:RcsEngineImpl reference [CONTEXT log_prefix="RcsEngineImpl[DUAL_REG]:[a09b14ef-ca41]>Handler" thread_id=663 ]
12-14 14:23:59.458 D/CompatibilityChangeReporter( 1997): Compat change id reported: 135634846; UID 10221; state: DISABLED
12-14 14:23:59.458 D/CompatibilityChangeReporter( 1997): Compat change id reported: 177438394; UID 10221; state: DISABLED
12-14 14:23:59.458 D/CompatibilityChangeReporter( 1997): Compat change id reported: 135772972; UID 10221; state: DISABLED
12-14 14:23:59.458 D/CompatibilityChangeReporter( 1997): Compat change id reported: 135754954; UID 10221; state: ENABLED
12-14 14:23:59.459 D/CompatibilityChangeReporter( 1997): Compat change id reported: 143937733; UID 10221; state: ENABLED
12-14 14:23:59.459 D/KeyguardWallpaperRenderer( 2862): onDrawFrame
12-14 14:23:59.462 D/thread_hook( 2862): tid---: 3629
12-14 14:23:59.472 D/Zygote  (  984): Forked child process 26822
12-14 14:23:59.473 D/Boost   ( 1997): hostingType=content provider, hostingName={com.google.android.apps.messaging/com.google.android.apps.messaging.shared.datamodel.provider.sharedstorage.SharedStorageProvider}, callerPackage=com.google.android.apps.messaging, isSystem=true, isBoostNeeded=false.
12-14 14:23:59.474 I/ActivityManager( 1997): Start proc 26822:com.google.android.apps.messaging/u0a221 for content provider {com.google.android.apps.messaging/com.google.android.apps.messaging.shared.datamodel.provider.sharedstorage.SharedStorageProvider} caller=com.google.android.apps.messaging
12-14 14:23:59.475 D/KeyguardWallpaperRenderer( 2862): onDrawFrame
12-14 14:23:59.478 D/thread_hook( 2862): tid---: 3629
12-14 14:23:59.492 D/KeyguardWallpaperRenderer( 2862): onDrawFrame
12-14 14:23:59.497 I/.apps.messagin(26822): Using CollectorTypeCC GC.
12-14 14:23:59.499 D/thread_hook( 2862): tid---: 3629
12-14 14:23:59.504 I/adbd    (24075): jdwp connection from 26822
12-14 14:23:59.506 D/ProcessState(26822): Binder ioctl to enable oneway spam detection failed: Invalid argument
12-14 14:23:59.508 D/KeyguardWallpaperRenderer( 2862): onDrawFrame
12-14 14:23:59.508 I/MessageMonitor(26822): Load libmiui_runtime
12-14 14:23:59.513 D/thread_hook( 2862): tid---: 3629
12-14 14:23:59.517 D/CompatibilityInfo( 1997): mCompatibilityFlags - 0
12-14 14:23:59.517 D/CompatibilityInfo( 1997): applicationDensity - 440
12-14 14:23:59.517 D/CompatibilityInfo( 1997): applicationScale - 1.0
12-14 14:23:59.525 D/KeyguardWallpaperRenderer( 2862): onDrawFrame
12-14 14:23:59.528 D/CompatibilityChangeReporter(26822): Compat change id reported: 171979766; UID 10221; state: ENABLED
12-14 14:23:59.530 D/thread_hook( 2862): tid---: 3629
12-14 14:23:59.530 W/MQSService( 5119): CallerName:com.google.android.apps.messaging,calling Uid:10221
12-14 14:23:59.531 D/MQSService( 5119): registerApplicationScoutThread pid = 26822, packageName = com.google.android.apps.messaging
12-14 14:23:59.541 D/KeyguardWallpaperRenderer( 2862): onDrawFrame
12-14 14:23:59.544 D/thread_hook( 2862): tid---: 3629
12-14 14:23:59.544 D/ImageGLWallpaper( 2862):  scissor: Rect(0, 0 - 1080, 2400) displayPoint: Point(1080, 2400) isScrollWithScreen: false
12-14 14:23:59.544 D/ImageGLWallpaper( 2862):  heightDiffRatio 0.0
12-14 14:23:59.544 D/ImageGLWallpaper( 2862):  widthDiffRatio 0.0
12-14 14:23:59.544 D/ImageGLWallpaper( 2862):  mCurrentTexCoordinate [0.0, 1.0, 1.0, 1.0, 1.0, 0.0, 1.0, 0.0, 0.0, 0.0, 0.0, 1.0]
12-14 14:23:59.544 D/KeyguardWallpaperRenderer( 2862): onDrawFrame
12-14 14:23:59.548 D/thread_hook( 2862): tid---: 3629
12-14 14:23:59.548 D/MiuiKeyguardPictorialWallpaper( 2862): 　scheduleFinishRendering
12-14 14:23:59.556 D/nativeloader(26822): Configuring clns-4 for other apk /system/framework/org.apache.http.legacy.jar. target_sdk_version=36, uses_libraries=ALL, library_path=/data/app/~~pWaQYq-gSXB-BGGcdA963A==/com.google.android.apps.messaging-La2yYvppLZ_wpDmqMSDSnQ==/lib/arm64:/data/app/~~pWaQYq-gSXB-BGGcdA963A==/com.google.android.apps.messaging-La2yYvppLZ_wpDmqMSDSnQ==/base.apk!/lib/arm64-v8a:/data/app/~~pWaQYq-gSXB-BGGcdA963A==/com.google.android.apps.messaging-La2yYvppLZ_wpDmqMSDSnQ==/split_config.arm64_v8a.apk!/lib/arm64-v8a:/data/app/~~pWaQYq-gSXB-BGGcdA963A==/com.google.android.apps.messaging-La2yYvppLZ_wpDmqMSDSnQ==/split_config.en.apk!/lib/arm64-v8a:/data/app/~~pWaQYq-gSXB-BGGcdA963A==/com.google.android.apps.messaging-La2yYvppLZ_wpDmqMSDSnQ==/split_config.xxhdpi.apk!/lib/arm64-v8a, permitted_path=/data:/mnt/expand:/data/user/0/com.google.android.apps.messaging
12-14 14:23:59.556 D/nativeloader(26822): Extending system_exposed_libraries: libvraudio_client.qti.so:libbinauralrenderer_wrapper.qti.so:libhoaeffects.qti.so:libQOC.qti.so:libcamera_algoup_jni.xiaomi.so:libcamera_mianode_jni.xiaomi.so:libupdateprof.qti.so:libthermalclient.qti.so:libQOC.qti.so:libdiag_system.qti.so:libqape.qti.so:libqesdk_ndk_platform.qti.so:liblistenjni.qti.so
12-14 14:23:59.618 D/MIUIInput( 1997): [MotionEvent] publisher action=0x0, 268901930, channel 'ef5257a NotificationShade (server)'
12-14 14:23:59.652 W/ANDR-PERF-LM( 1151): FeatureState: readState() 151: warning: appName is NULL, returning default State
12-14 14:23:59.652 W/ANDR-PERF-LM( 1151): FeatureState: readState() 151: warning: appName is NULL, returning default State
12-14 14:23:59.652 W/ANDR-PERF-LM( 1151): MetaMeter: handleSecondaryAsync() 151: PreKill MetaMeterThread start(). No MeterMgr Available to handle this Secondary/Data Async. !!!!
12-14 14:23:59.664 W/VsyncModulator( 1183): setTransactionSchedule: Unexpected EarlyEnd
12-14 14:23:59.668 D/PanelView( 3138): cancelFlingSpring
12-14 14:23:59.670 D/PanelView( 3138): cancelFlingSpring
12-14 14:23:59.670 D/KeyguardIndication( 3138):  clearUpArrowAnimation mUpArrow:android.widget.ImageView{472d24e I.ED..... ........ 511,125-569,153 #7f0b03cc app:id/keyguard_up_arrow}  mTextView:com.android.keyguard.MiuiKeyguardIndicationTextView{74b7f6f VFED..C.. ........ 130,88-490,142 #7f0b03b3 app:id/keyguard_indication_text}
12-14 14:23:59.670 D/KeyguardIndication( 3138):  switchIndication:About 26 h 18 m left
12-14 14:23:59.733 I/WindowManagerService( 1997): Physical orientation not applied, rotation=0
12-14 14:23:59.745 D/MIUIInput( 1997): [MotionEvent] publisher action=0x1, 268902056, channel 'ef5257a NotificationShade (server)'
12-14 14:23:59.754 D/KeyguardViewMediator( 3138): adjustStatusBarLocked: mShowing=true mOccluded=false isSecure=true force=true --> flags=0x1600000
12-14 14:23:59.755 D/StatusBar( 3138): disable<e i a s B H R c s > disable2<q i n >
12-14 14:23:59.756 D/CollapsedStatusBarFragment( 3138): adjustDisableFlags: mStatusBarView.getState() = 2 mHideIconsForBouncer = true mWereIconsJustHidden = false, mWakeUpCoordinator.getNotificationsFullyHidden = false, mIsExpanded = false, mBypassController.getBypassEnabled = false, mStatusBarStateController.getState() = 1, mKeyguardStateController.isKeyguardGoingAway() = false, mHeadsUpManager.hasPinnedHeadsUp = false, mIsLaunchAnimationRunning = false, mHideIconsDuringLaunchAnimation = true, isFullWidth()true, mShowIconsWhenExpanded = false, mControlPanelExpand = false
12-14 14:23:59.756 D/StatusBar( 3138): disable<e i a s B H R c s > disable2<q i n >
12-14 14:23:59.756 D/CollapsedStatusBarFragment( 3138): adjustDisableFlags: mStatusBarView.getState() = 2 mHideIconsForBouncer = true mWereIconsJustHidden = false, mWakeUpCoordinator.getNotificationsFullyHidden = false, mIsExpanded = false, mBypassController.getBypassEnabled = false, mStatusBarStateController.getState() = 1, mKeyguardStateController.isKeyguardGoingAway() = false, mHeadsUpManager.hasPinnedHeadsUp = false, mIsLaunchAnimationRunning = false, mHideIconsDuringLaunchAnimation = true, isFullWidth()true, mShowIconsWhenExpanded = false, mControlPanelExpand = false
12-14 14:23:59.756 D/KeyguardUpdateMonitor( 3138): sendKeyguardBouncerChanged(true)
12-14 14:23:59.763 I/WindowManagerService( 1997): Physical orientation not applied, rotation=0
