2025-12-07 19:43:52.648 18076-18076 monodroid-assembly      com.companyname.UnoApp3              W  open_from_bundles: failed to load bundled assembly Microsoft.Extensions.Options.ConfigurationExtensions.dll
2025-12-07 19:43:52.649 18076-18076 monodroid-assembly      com.companyname.UnoApp3              W  open_from_bundles: the assembly might have been uploaded to the device with FastDev instead
2025-12-07 19:43:52.652 18076-18076 monodroid-assembly      com.companyname.UnoApp3              W  open_from_bundles: failed to load bundled assembly Microsoft.Extensions.Configuration.Binder.dll
2025-12-07 19:43:52.652 18076-18076 monodroid-assembly      com.companyname.UnoApp3              W  open_from_bundles: the assembly might have been uploaded to the device with FastDev instead
2025-12-07 19:43:52.662 18076-18076 monodroid-assembly      com.companyname.UnoApp3              W  open_from_bundles: failed to load bundled assembly Uno.Extensions.Logging.WebAssembly.Console.dll
2025-12-07 19:43:52.662 18076-18076 monodroid-assembly      com.companyname.UnoApp3              W  open_from_bundles: the assembly might have been uploaded to the device with FastDev instead
2025-12-07 19:43:52.664 18076-18076 monodroid-assembly      com.companyname.UnoApp3              W  open_from_bundles: failed to load bundled assembly Microsoft.Extensions.Logging.Console.dll
2025-12-07 19:43:52.664 18076-18076 monodroid-assembly      com.companyname.UnoApp3              W  open_from_bundles: the assembly might have been uploaded to the device with FastDev instead
2025-12-07 19:43:52.665 18076-18076 monodroid-assembly      com.companyname.UnoApp3              W  open_from_bundles: failed to load bundled assembly Microsoft.Extensions.Logging.Debug.dll
2025-12-07 19:43:52.665 18076-18076 monodroid-assembly      com.companyname.UnoApp3              W  open_from_bundles: the assembly might have been uploaded to the device with FastDev instead
2025-12-07 19:43:52.669 18076-18076 monodroid-assembly      com.companyname.UnoApp3              W  open_from_bundles: failed to load bundled assembly Serilog.Settings.Configuration.dll
2025-12-07 19:43:52.669 18076-18076 monodroid-assembly      com.companyname.UnoApp3              W  open_from_bundles: the assembly might have been uploaded to the device with FastDev instead
2025-12-07 19:43:52.671 18076-18076 monodroid-assembly      com.companyname.UnoApp3              W  open_from_bundles: failed to load bundled assembly Microsoft.Extensions.DependencyModel.dll
2025-12-07 19:43:52.671 18076-18076 monodroid-assembly      com.companyname.UnoApp3              W  open_from_bundles: the assembly might have been uploaded to the device with FastDev instead
2025-12-07 19:43:52.673 18076-18076 monodroid-assembly      com.companyname.UnoApp3              W  open_from_bundles: failed to load bundled assembly Serilog.Extensions.Logging.dll
2025-12-07 19:43:52.673 18076-18076 monodroid-assembly      com.companyname.UnoApp3              W  open_from_bundles: the assembly might have been uploaded to the device with FastDev instead
2025-12-07 19:43:52.692 18076-18076 monodroid-assembly      com.companyname.UnoApp3              W  open_from_bundles: failed to load bundled assembly Serilog.Sinks.Console.dll
2025-12-07 19:43:52.692 18076-18076 monodroid-assembly      com.companyname.UnoApp3              W  open_from_bundles: the assembly might have been uploaded to the device with FastDev instead
2025-12-07 19:43:52.697 18076-18076 monodroid-assembly      com.companyname.UnoApp3              W  open_from_bundles: failed to load bundled assembly Serilog.Sinks.Debug.dll
2025-12-07 19:43:52.697 18076-18076 monodroid-assembly      com.companyname.UnoApp3              W  open_from_bundles: the assembly might have been uploaded to the device with FastDev instead
2025-12-07 19:43:52.712 18076-18076 monodroid-assembly      com.companyname.UnoApp3              W  open_from_bundles: failed to load bundled assembly System.Runtime.InteropServices.RuntimeInformation.dll
2025-12-07 19:43:52.712 18076-18076 monodroid-assembly      com.companyname.UnoApp3              W  open_from_bundles: the assembly might have been uploaded to the device with FastDev instead
2025-12-07 19:43:52.921 18076-18076 monodroid-assembly      com.companyname.UnoApp3              W  open_from_bundles: failed to load bundled assembly Uno.UI.Adapter.Microsoft.Extensions.Logging.dll
2025-12-07 19:43:52.921 18076-18076 monodroid-assembly      com.companyname.UnoApp3              W  open_from_bundles: the assembly might have been uploaded to the device with FastDev instead
2025-12-07 19:43:53.009 18076-18076 DecorView[]             com.companyname.UnoApp3              D  onWindowFocusChanged hasWindowFocus true
2025-12-07 19:43:53.046 18076-18284 monodroid-assembly      com.companyname.UnoApp3              W  open_from_bundles: failed to load bundled assembly en/System.Private.CoreLib.resources.dll
2025-12-07 19:43:53.046 18076-18284 monodroid-assembly      com.companyname.UnoApp3              W  open_from_bundles: the assembly might have been uploaded to the device with FastDev instead
2025-12-07 19:43:53.046 18076-18284 monodroid-assembly      com.companyname.UnoApp3              W  open_from_update_dir: assembly file DOES NOT EXIST
2025-12-07 19:43:53.046 18076-18284 monodroid-assembly      com.companyname.UnoApp3              W  open_from_bundles: failed to load bundled assembly en/System.Private.CoreLib.resources.dll
2025-12-07 19:43:53.046 18076-18284 monodroid-assembly      com.companyname.UnoApp3              W  open_from_bundles: the assembly might have been uploaded to the device with FastDev instead
2025-12-07 19:43:53.071 18076-18284 app_process64           com.companyname.UnoApp3              D  12-07 18:43:53.037+07:00 I/Uno.Extensions.Storage.FileStorage: ReadPackageFileAsync - File 'appsettings.keyvaluestorageconfiguration.json' does not exist in package
2025-12-07 19:43:53.073 18076-18284 app_process64           com.companyname.UnoApp3              D  12-07 18:43:53.072+07:00 I/Uno.Extensions.Storage.FileStorage: ReadPackageFileAsync - File 'appsettings.appconfig.json' does not exist in package
2025-12-07 19:43:53.074 18076-18284 app_process64           com.companyname.UnoApp3              D  12-07 18:43:53.073+07:00 I/Uno.Extensions.Storage.FileStorage: ReadPackageFileAsync - File 'appsettings.localizationconfiguration.json' does not exist in package
2025-12-07 19:43:53.074 18076-18284 app_process64           com.companyname.UnoApp3              D  12-07 18:43:53.074+07:00 I/Uno.Extensions.Storage.FileStorage: ReadPackageFileAsync - File 'appsettings.localizationsettings.json' does not exist in package
2025-12-07 19:43:53.075 18076-18284 app_process64           com.companyname.UnoApp3              D  12-07 18:43:53.075+07:00 I/Uno.Extensions.Storage.FileStorage: ReadPackageFileAsync - File 'appsettings.webconfiguration.json' does not exist in package
2025-12-07 19:43:53.076 18076-18284 app_process64           com.companyname.UnoApp3              D  12-07 18:43:53.076+07:00 I/Uno.Extensions.Storage.FileStorage: ReadPackageFileAsync - File 'appsettings.navigationconfiguration.json' does not exist in package
2025-12-07 19:43:53.255 18076-18076 app_process64           com.companyname.UnoApp3              D  12-07 18:43:53.255+07:00 I/Uno.Extensions.Navigation.Navigators.ContentControlNavigator: NavigateAsync - Starting Navigation - Navigator: ContentControlNavigator Request:
2025-12-07 19:43:53.264 18076-18076 app_process64           com.companyname.UnoApp3              D  12-07 18:43:53.263+07:00 I/Uno.Extensions.Navigation.Navigators.ContentControlNavigator: CreateControlFromType - Creating control of type FrameView
2025-12-07 19:43:53.906 18076-18076 monodroid-assembly      com.companyname.UnoApp3              W  open_from_bundles: failed to load bundled assembly Uno.Core.Extensions.Logging.dll
2025-12-07 19:43:53.906 18076-18076 monodroid-assembly      com.companyname.UnoApp3              W  open_from_bundles: the assembly might have been uploaded to the device with FastDev instead
2025-12-07 19:43:54.344 18076-18076 anyname.UnoApp          com.companyname.UnoApp3              I  Explicit concurrent copying GC freed 364KB AllocSpace bytes, 2(104KB) LOS objects, 49% free, 3508KB/7017KB, paused 30us,21us total 10.822ms
2025-12-07 19:43:54.559 18076-18076 app_process64           com.companyname.UnoApp3              D  The Bindable attribute is missing and the type [UnoApp3.Presentation.MainViewModel] is not known by the MetadataProvider. Reflection was used instead of the binding engine and generated static metadata. Add the Bindable attribute to prevent this message and performance issues.
2025-12-07 19:43:54.652 18076-18076 app_process64           com.companyname.UnoApp3              D  12-07 18:43:54.652+07:00 I/Uno.Extensions.Navigation.Navigators.ContentControlNavigator: NavigateAsync - Starting Navigation - Navigator: ContentControlNavigator Request: ./Login
2025-12-07 19:43:54.711 18076-18076 app_process64           com.companyname.UnoApp3              D  The Bindable attribute is missing and the type [UnoApp3.Presentation.ShellViewModel] is not known by the MetadataProvider. Reflection was used instead of the binding engine and generated static metadata. Add the Bindable attribute to prevent this message and performance issues.
2025-12-07 19:43:54.839 18076-18076 app_process64           com.companyname.UnoApp3              D  The Bindable attribute is missing and the type [UnoApp3.Presentation.LoginViewModel] is not known by the MetadataProvider. Reflection was used instead of the binding engine and generated static metadata. Add the Bindable attribute to prevent this message and performance issues.
2025-12-07 19:43:55.227 18076-18076 app_process64           com.companyname.UnoApp3              D  The Bindable attribute is missing and the type [Microsoft.UI.Xaml.Controls.ToolTipService] is not known by the MetadataProvider. Reflection was used instead of the binding engine and generated static metadata. Add the Bindable attribute to prevent this message and performance issues.
2025-12-07 19:43:56.325 18076-18469 ProfileInstaller        com.companyname.UnoApp3              D  Installing profile for com.companyname.UnoApp3
2025-12-07 19:44:42.765 18076-18076 monodroid-assembly      com.companyname.UnoApp3              W  open_from_bundles: failed to load bundled assembly Xamarin.AndroidX.Browser.dll
2025-12-07 19:44:42.765 18076-18076 monodroid-assembly      com.companyname.UnoApp3              W  open_from_bundles: the assembly might have been uploaded to the device with FastDev instead
2025-12-07 19:44:42.857 18076-18076 IS_CTS_MODE             com.companyname.UnoApp3              D  false
2025-12-07 19:44:42.857 18076-18076 MULTI_WIND...CH_ENABLED com.companyname.UnoApp3              D  false
2025-12-07 19:44:42.890 18076-18076 DecorView[]             com.companyname.UnoApp3              D  getWindowModeFromSystem  windowmode is 1
2025-12-07 19:44:42.909 18076-18076 IconCustomizer          com.companyname.UnoApp3              W  can't load transform_config.xml
2025-12-07 19:44:42.966  3067-3425  ActivityManagerWrapper  pid-3067                             E  getRecentTasks: taskId=2133   userId=0   baseIntent=Intent { act=android.intent.action.MAIN flag=268435456 cmp=ComponentInfo{com.companyname.UnoApp3/crc647550fd11ca543fdf.MainActivity} }
2025-12-07 19:44:43.068 18076-18076 DecorView[]             com.companyname.UnoApp3              D  onWindowFocusChanged hasWindowFocus false
2025-12-07 19:44:43.093  3067-3425  ActivityManagerWrapper  pid-3067                             E  getRecentTasks: taskId=2133   userId=0   baseIntent=Intent { act=android.intent.action.MAIN flag=268435456 cmp=ComponentInfo{com.companyname.UnoApp3/crc647550fd11ca543fdf.MainActivity} }
2025-12-07 19:44:43.391  3067-3425  ActivityManagerWrapper  pid-3067                             E  getRecentTasks: taskId=2133   userId=0   baseIntent=Intent { act=android.intent.action.MAIN flag=268435456 cmp=ComponentInfo{com.companyname.UnoApp3/crc647550fd11ca543fdf.MainActivity} }
2025-12-07 19:44:48.958 18076-18416 AppScoutStateMachine    com.companyname.UnoApp3              D  18076-ScoutStateMachinecreated
2025-12-07 19:44:49.053 18076-19033 OpenGLRenderer          com.companyname.UnoApp3              I  Davey! duration=6067ms; Flags=1, FrameTimelineVsyncId=18863947, IntendedVsync=370266616672672, Vsync=370266616672672, InputEventId=0, HandleInputStart=370266629183542, AnimationStart=370266629184844, PerformTraversalsStart=370266629185417, DrawStart=370266650185625, FrameDeadline=370266650006004, FrameInterval=370266629146042, FrameStartTime=16666666, SyncQueued=370266656713125, SyncStart=370266656786302, IssueDrawCommandsStart=370266656844167, SwapBuffers=370266710170000, FrameCompleted=370272684144320, DequeueBufferDuration=177969, QueueBufferDuration=1845417, GpuCompleted=370272684144320, SwapBuffersCompleted=370266712815573, DisplayPresentTime=0,
2025-12-07 19:44:49.111 18076-18076 SurfaceView             com.companyname.UnoApp3              D  UPDATE Surface(name=SurfaceView[com.companyname.UnoApp3/crc647550fd11ca543fdf.MainActivity])/@0x9c734a8, mIsProjectionMode = false
2025-12-07 19:44:49.159  3067-3425  ActivityManagerWrapper  pid-3067                             E  getRecentTasks: taskId=2133   userId=0   baseIntent=Intent { act=android.intent.action.MAIN flag=268435456 cmp=ComponentInfo{com.companyname.UnoApp3/crc647550fd11ca543fdf.MainActivity} }
2025-12-07 19:44:49.192 18076-18076 DecorView[]             com.companyname.UnoApp3              D  onWindowFocusChanged hasWindowFocus true
2025-12-07 19:44:55.896 18076-18076 app_process64           com.companyname.UnoApp3              D  12-07 18:44:55.895+07:00 I/Uno.Extensions.Navigation.Navigators.FrameNavigator: NavigateAsync - Starting Navigation - Navigator: FrameNavigator Request: -
2025-12-07 19:45:28.666 18076-18076 InputMethodManager      com.companyname.UnoApp3              D  showSoftInput() view=crc64d465fbe34e0c11e4.UnoSKCanvasView{1bd1100 VFED..... .F....ID 0,0-1080,2400 aid=1073741824} flags=0 reason=SHOW_SOFT_INPUT
2025-12-07 19:45:28.713 18076-18076 IInputConnectionWrapper com.companyname.UnoApp3              W  getSurroundingText on inactive InputConnection
2025-12-07 19:45:28.729 18076-18076 AssistStructure         com.companyname.UnoApp3              I  Flattened final assist data: 772 bytes, containing 3 windows, 6 views
2025-12-07 19:45:28.787 18076-18076 IInputConnectionWrapper com.companyname.UnoApp3              W  requestCursorAnchorInfo on inactive InputConnection
2025-12-07 19:45:28.892 18076-18076 InsetsController        com.companyname.UnoApp3              D  show(ime(), fromIme=true)
2025-12-07 19:45:29.035 18076-18076 InsetsController        com.companyname.UnoApp3              D  show(ime(), fromIme=true)
2025-12-07 19:45:35.937 18076-18076 app_process64           com.companyname.UnoApp3              D  12-07 18:45:35.936+07:00 I/Uno.Extensions.Navigation.Navigators.FrameNavigator: NavigateAsync - Starting Navigation - Navigator: FrameNavigator Request: Second
2025-12-07 19:45:36.136 18076-18076 app_process64           com.companyname.UnoApp3              D  The Bindable attribute is missing and the type [UnoApp3.Presentation.SecondViewModel] is not known by the MetadataProvider. Reflection was used instead of the binding engine and generated static metadata. Add the Bindable attribute to prevent this message and performance issues.
2025-12-07 19:45:36.137 18076-18076 app_process64           com.companyname.UnoApp3              D  The Bindable attribute is missing and the type [UnoApp3.Models.Entity] is not known by the MetadataProvider. Reflection was used instead of the binding engine and generated static metadata. Add the Bindable attribute to prevent this message and performance issues.
2025-12-07 19:45:47.668 18076-18076 app_process64           com.companyname.UnoApp3              D  12-07 18:45:47.667+07:00 I/Uno.Extensions.Navigation.Navigators.FrameNavigator: NavigateAsync - Starting Navigation - Navigator: FrameNavigator Request: -
2025-12-07 19:45:58.675 18076-18076 IS_CTS_MODE             com.companyname.UnoApp3              D  false
2025-12-07 19:45:58.675 18076-18076 MULTI_WIND...CH_ENABLED com.companyname.UnoApp3              D  false
2025-12-07 19:45:58.676 18076-18076 DecorView[]             com.companyname.UnoApp3              D  getWindowModeFromSystem  windowmode is 1
2025-12-07 19:45:58.749 18076-18076 DecorView[]             com.companyname.UnoApp3              D  onWindowFocusChanged hasWindowFocus false
2025-12-07 19:45:58.894  3067-3425  ActivityManagerWrapper  pid-3067                             E  getRecentTasks: taskId=2133   userId=0   baseIntent=Intent { act=android.intent.action.MAIN flag=268435456 cmp=ComponentInfo{com.companyname.UnoApp3/crc647550fd11ca543fdf.MainActivity} }
2025-12-07 19:46:01.232 18076-18104 AppScoutStateMachine    com.companyname.UnoApp3              D  18076-ScoutStateMachinecreated
2025-12-07 19:46:01.323 18076-18099 OpenGLRenderer          com.companyname.UnoApp3              I  Davey! duration=2581ms; Flags=1, FrameTimelineVsyncId=18869487, IntendedVsync=370342365010330, Vsync=370342365010330, InputEventId=0, HandleInputStart=370342367157419, AnimationStart=370342367160856, PerformTraversalsStart=370342367162575, DrawStart=370342380645283, FrameDeadline=370342398343662, FrameInterval=370342367075961, FrameStartTime=16666666, SyncQueued=370342383490700, SyncStart=370342383803356, IssueDrawCommandsStart=370342383887731, SwapBuffers=370342393010752, FrameCompleted=370344947308876, DequeueBufferDuration=8250677, QueueBufferDuration=794219, GpuCompleted=370344947308876, SwapBuffersCompleted=370342394679346, DisplayPresentTime=0,
2025-12-07 19:46:01.363 18076-18076 SurfaceView             com.companyname.UnoApp3              D  UPDATE Surface(name=SurfaceView[com.companyname.UnoApp3/crc647550fd11ca543fdf.MainActivity])/@0x2a0f3c6, mIsProjectionMode = false
2025-12-07 19:46:01.426 18076-18076 DecorView[]             com.companyname.UnoApp3              D  onWindowFocusChanged hasWindowFocus true
2025-12-07 19:46:01.429  3067-3425  ActivityManagerWrapper  pid-3067                             E  getRecentTasks: taskId=2133   userId=0   baseIntent=Intent { act=android.intent.action.MAIN flag=268435456 cmp=ComponentInfo{com.companyname.UnoApp3/crc647550fd11ca543fdf.MainActivity} }
2025-12-07 19:46:03.380 18076-18076 app_process64           com.companyname.UnoApp3              D  12-07 18:46:03.380+07:00 I/Uno.Extensions.Navigation.Navigators.FrameNavigator: NavigateAsync - Starting Navigation - Navigator: FrameNavigator Request: Second
2025-12-07 19:46:04.570 18076-18076 app_process64           com.companyname.UnoApp3              D  12-07 18:46:04.569+07:00 I/Uno.Extensions.Navigation.Navigators.FrameNavigator: NavigateAsync - Starting Navigation - Navigator: FrameNavigator Request: -
2025-12-07 19:46:06.364 18076-18076 MIUIInput               com.companyname.UnoApp3              D  [KeyEvent] ViewRootImpl windowName 'com.companyname.UnoApp3/crc647550fd11ca543fdf.MainActivity', KeyEvent { action=ACTION_DOWN, keyCode=KEYCODE_BACK, scanCode=0, metaState=0, flags=0x48, repeatCount=0, eventTime=370350003, downTime=370350003, deviceId=-1, source=0x101, displayId=0 }, phoneEventTime=18:46:06.355
2025-12-07 19:46:06.438 18076-18076 MIUIInput               com.companyname.UnoApp3              D  [KeyEvent] ViewRootImpl windowName 'com.companyname.UnoApp3/crc647550fd11ca543fdf.MainActivity', KeyEvent { action=ACTION_UP, keyCode=KEYCODE_BACK, scanCode=0, metaState=0, flags=0x48, repeatCount=0, eventTime=370350080, downTime=370350003, deviceId=-1, source=0x101, displayId=0 }, phoneEventTime=18:46:06.432
2025-12-07 19:46:06.507 18076-18076 DecorView[]             com.companyname.UnoApp3              D  onWindowFocusChanged hasWindowFocus false
2025-12-07 19:46:06.579  3067-3425  ActivityManagerWrapper  pid-3067                             E  getRecentTasks: taskId=2133   userId=0   baseIntent=Intent { act=android.intent.action.MAIN flag=268435456 cmp=ComponentInfo{com.companyname.UnoApp3/crc647550fd11ca543fdf.MainActivity} }
