2025-12-07 20:30:03.959  9971-10036 EGL_emulation           com.companyname.UnoApp3              D  app_time_stats: avg=244.31ms min=22.10ms max=548.68ms count=6
2025-12-07 20:30:04.055  9971-9971  InputMethodManager      com.companyname.UnoApp3              W  Timeout waiting for IME to handle input event after 2500 ms: com.google.android.inputmethod.latin/com.android.inputmethod.latin.LatinIME
2025-12-07 20:30:04.325  9971-9989  EGL_emulation           com.companyname.UnoApp3              D  app_time_stats: avg=267.05ms min=75.22ms max=517.69ms count=5
2025-12-07 20:30:04.831  9971-9971  FrameTracker            com.companyname.UnoApp3              E  force finish cuj, time out: J<IME_INSETS_SHOW_ANIMATION::0@0@com.companyname.UnoApp3>
2025-12-07 20:30:05.083  9971-10036 EGL_emulation           com.companyname.UnoApp3              D  app_time_stats: avg=165.19ms min=77.04ms max=264.40ms count=6
2025-12-07 20:30:05.538  9971-9989  EGL_emulation           com.companyname.UnoApp3              D  app_time_stats: avg=292.18ms min=37.56ms max=520.84ms count=4
2025-12-07 20:30:06.410  9971-10036 EGL_emulation           com.companyname.UnoApp3              D  app_time_stats: avg=262.63ms min=20.84ms max=526.29ms count=5
2025-12-07 20:30:06.888  9971-9989  EGL_emulation           com.companyname.UnoApp3              D  app_time_stats: avg=188.18ms min=20.77ms max=551.91ms count=7
2025-12-07 20:30:07.504  9971-10036 EGL_emulation           com.companyname.UnoApp3              D  app_time_stats: avg=543.62ms min=288.99ms max=798.25ms count=2
2025-12-07 20:30:07.921  9971-9989  EGL_emulation           com.companyname.UnoApp3              D  app_time_stats: avg=343.94ms min=149.92ms max=716.99ms count=3
2025-12-07 20:30:08.514  9971-10036 EGL_emulation           com.companyname.UnoApp3              D  app_time_stats: avg=164.91ms min=40.69ms max=269.89ms count=5
2025-12-07 20:30:09.210  9971-9989  EGL_emulation           com.companyname.UnoApp3              D  app_time_stats: avg=207.79ms min=77.61ms max=409.05ms count=6
2025-12-07 20:30:09.942  9971-10036 EGL_emulation           com.companyname.UnoApp3              D  app_time_stats: avg=285.20ms min=20.74ms max=530.42ms count=5
2025-12-07 20:30:10.342  9971-9989  EGL_emulation           com.companyname.UnoApp3              D  app_time_stats: avg=282.85ms min=83.07ms max=501.72ms count=4
2025-12-07 20:30:10.995  9971-10036 EGL_emulation           com.companyname.UnoApp3              D  app_time_stats: avg=169.24ms min=9.47ms max=388.81ms count=6
2025-12-07 20:30:11.356  9971-9989  EGL_emulation           com.companyname.UnoApp3              D  app_time_stats: avg=154.32ms min=21.82ms max=381.76ms count=6
2025-12-07 20:30:12.011  9971-10036 EGL_emulation           com.companyname.UnoApp3              D  app_time_stats: avg=253.58ms min=120.26ms max=418.40ms count=4
2025-12-07 20:30:12.403  9971-9989  EGL_emulation           com.companyname.UnoApp3              D  app_time_stats: avg=261.47ms min=71.61ms max=502.87ms count=4
2025-12-07 20:30:12.996  9971-9971  ImeTracker              com.companyname.UnoApp3              I  com.companyname.UnoApp3:a5460d2f: onRequestShow at ORIGIN_CLIENT reason SHOW_SOFT_INPUT fromUser true
2025-12-07 20:30:12.997  9971-9971  InputMethodManager      com.companyname.UnoApp3              D  showSoftInput() view=crc64d465fbe34e0c11e4.UnoSKCanvasView{bd79611 VFED..... .F...... 0,0-1080,2424 aid=1073741824} flags=0 reason=SHOW_SOFT_INPUT
2025-12-07 20:30:13.058  9971-10036 EGL_emulation           com.companyname.UnoApp3              D  app_time_stats: avg=204.16ms min=86.46ms max=369.03ms count=5
2025-12-07 20:30:13.254  9971-9971  AssistStructure         com.companyname.UnoApp3              I  Flattened final assist data: 844 bytes, containing 3 windows, 6 views
2025-12-07 20:30:13.583  9971-9989  EGL_emulation           com.companyname.UnoApp3              D  app_time_stats: avg=288.65ms min=45.83ms max=715.40ms count=4
2025-12-07 20:30:14.093  9971-10036 EGL_emulation           com.companyname.UnoApp3              D  app_time_stats: avg=136.52ms min=8.98ms max=348.62ms count=7
2025-12-07 20:30:22.230  9971-9989  EGL_emulation           com.companyname.UnoApp3              D  app_time_stats: avg=1427.69ms min=14.14ms max=8173.70ms count=6
2025-12-07 20:30:22.438  9971-10036 EGL_emulation           com.companyname.UnoApp3              D  app_time_stats: avg=8343.82ms min=8343.82ms max=8343.82ms count=1
2025-12-07 20:30:22.737  9971-9971  InsetsController        com.companyname.UnoApp3              D  show(ime(), fromIme=true)
2025-12-07 20:30:23.407  9971-9971  ImeTracker              com.companyname.UnoApp3              I  com.companyname.UnoApp3:a5460d2f: onShown
2025-12-07 20:30:23.439  9971-9971  FrameTracker            com.companyname.UnoApp3              W  Missed App frame:UNKNOWN: 24, 93061, 0, CUJ=J<IME_INSETS_SHOW_ANIMATION::0@0@com.companyname.UnoApp3>
2025-12-07 20:30:23.440  9971-9971  FrameTracker            com.companyname.UnoApp3              W  Missed SF frame:UNKNOWN: 24, 93061, 0, CUJ=J<IME_INSETS_SHOW_ANIMATION::0@0@com.companyname.UnoApp3>
2025-12-07 20:30:33.524  9971-9971  ImeTracker              com.companyname.UnoApp3              I  com.companyname.UnoApp3:fda2d268: onRequestShow at ORIGIN_CLIENT reason SHOW_SOFT_INPUT fromUser true
2025-12-07 20:30:33.528  9971-9971  InputMethodManager      com.companyname.UnoApp3              D  showSoftInput() view=crc64d465fbe34e0c11e4.UnoSKCanvasView{bd79611 VFED..... .F...... 0,0-1080,2424 aid=1073741824} flags=0 reason=SHOW_SOFT_INPUT
2025-12-07 20:30:33.615  9971-9971  InsetsController        com.companyname.UnoApp3              D  show(ime(), fromIme=true)
2025-12-07 20:30:33.619  9971-9971  ImeTracker              com.companyname.UnoApp3              I  com.companyname.UnoApp3:fda2d268: onCancelled at PHASE_CLIENT_APPLY_ANIMATION
2025-12-07 20:30:33.653  9971-9971  AssistStructure         com.companyname.UnoApp3              I  Flattened final assist data: 844 bytes, containing 3 windows, 6 views
2025-12-07 20:30:33.955  9971-9971  InsetsController        com.companyname.UnoApp3              D  show(ime(), fromIme=true)
2025-12-07 20:30:33.959  9971-9971  ImeTracker              com.companyname.UnoApp3              I  com.companyname.UnoApp3:e2e91f38: onCancelled at PHASE_CLIENT_APPLY_ANIMATION
2025-12-07 20:30:34.719  9971-10036 EGL_emulation           com.companyname.UnoApp3              D  app_time_stats: avg=6140.47ms min=72.42ms max=12208.51ms count=2
2025-12-07 20:30:34.759  9971-9989  EGL_emulation           com.companyname.UnoApp3              D  app_time_stats: avg=6254.54ms min=61.45ms max=12447.63ms count=2
2025-12-07 20:30:36.551  9971-9971  ImeTracker              com.companyname.UnoApp3              I  com.companyname.UnoApp3:70a7e00: onRequestHide at ORIGIN_CLIENT reason HIDE_SOFT_INPUT fromUser true
2025-12-07 20:30:36.592  9971-10036 EGL_emulation           com.companyname.UnoApp3              D  app_time_stats: avg=615.17ms min=15.71ms max=1671.25ms count=3
2025-12-07 20:30:36.952  9971-9971  app_process64           com.companyname.UnoApp3              D  12-07 20:30:36.949+08:00 I/Uno.Extensions.Navigation.Navigators.FrameNavigator: NavigateAsync - Starting Navigation - Navigator: FrameNavigator Request: Second
2025-12-07 20:30:37.214  9971-9971  Choreographer           com.companyname.UnoApp3              I  Skipped 41 frames!  The application may be doing too much work on its main thread.
2025-12-07 20:30:37.225  9971-9971  InsetsController        com.companyname.UnoApp3              D  hide(ime(), fromIme=true)
2025-12-07 20:30:37.227  9971-9989  EGL_emulation           com.companyname.UnoApp3              D  app_time_stats: avg=1233.50ms min=96.41ms max=2370.59ms count=2
2025-12-07 20:30:37.245  9971-9983  HWUI                    com.companyname.UnoApp3              I  Davey! duration=702ms; Flags=0, FrameTimelineVsyncId=94546, IntendedVsync=1059888648944, Vsync=1060571982250, InputEventId=130688442, HandleInputStart=1060577615800, AnimationStart=1060577660900, PerformTraversalsStart=1060577719700, DrawStart=1060578072300, FrameDeadline=1059905315610, FrameInterval=1060574891500, FrameStartTime=16666666, SyncQueued=1060578156600, SyncStart=1060579507000, IssueDrawCommandsStart=1060579613900, SwapBuffers=1060581794600, FrameCompleted=1060592506100, DequeueBufferDuration=58200, QueueBufferDuration=3825000, GpuCompleted=1060587873500, SwapBuffersCompleted=1060592506100, DisplayPresentTime=0, CommandSubmissionCompleted=1060581794600,
2025-12-07 20:30:37.635  9971-9971  ImeTracker              com.companyname.UnoApp3              I  com.companyname.UnoApp3:715b6e0c: onRequestHide at ORIGIN_CLIENT reason HIDE_SOFT_INPUT_ON_ANIMATION_STATE_CHANGED fromUser false
2025-12-07 20:30:37.641  9971-9971  ImeTracker              com.companyname.UnoApp3              I  com.companyname.UnoApp3:70a7e00: onHidden
2025-12-07 20:30:37.683  9971-9971  app_process64           com.companyname.UnoApp3              D  The Bindable attribute is missing and the type [UnoApp3.Presentation.SecondViewModel] is not known by the MetadataProvider. Reflection was used instead of the binding engine and generated static metadata. Add the Bindable attribute to prevent this message and performance issues.
2025-12-07 20:30:37.688  9971-9971  app_process64           com.companyname.UnoApp3              D  The Bindable attribute is missing and the type [UnoApp3.Models.Entity] is not known by the MetadataProvider. Reflection was used instead of the binding engine and generated static metadata. Add the Bindable attribute to prevent this message and performance issues.
2025-12-07 20:30:37.707  9971-10036 EGL_emulation           com.companyname.UnoApp3              D  app_time_stats: avg=556.83ms min=419.84ms max=693.81ms count=2
2025-12-07 20:30:37.741  9971-9971  FrameTracker            com.companyname.UnoApp3              W  Missed App frame:UNKNOWN: 88, 94748, 0, CUJ=J<IME_INSETS_HIDE_ANIMATION::1@0@com.companyname.UnoApp3>
2025-12-07 20:30:37.743  9971-9971  FrameTracker            com.companyname.UnoApp3              W  Missed SF frame:UNKNOWN: 88, 94748, 0, CUJ=J<IME_INSETS_HIDE_ANIMATION::1@0@com.companyname.UnoApp3>
2025-12-07 20:30:40.275  9971-10036 EGL_emulation           com.companyname.UnoApp3              D  app_time_stats: avg=854.59ms min=24.19ms max=2475.02ms count=3
2025-12-07 20:30:40.295  9971-9989  EGL_emulation           com.companyname.UnoApp3              D  app_time_stats: avg=766.75ms min=30.23ms max=2530.17ms count=4
2025-12-07 20:30:40.353  9971-9971  app_process64           com.companyname.UnoApp3              D  12-07 20:30:40.353+08:00 I/Uno.Extensions.Navigation.Navigators.FrameNavigator: NavigateAsync - Starting Navigation - Navigator: FrameNavigator Request: -
2025-12-07 20:30:41.282  9971-10036 EGL_emulation           com.companyname.UnoApp3              D  app_time_stats: avg=22.24ms min=4.55ms max=83.92ms count=39
2025-12-07 20:30:41.311  9971-9989  EGL_emulation           com.companyname.UnoApp3              D  app_time_stats: avg=27.97ms min=3.16ms max=67.41ms count=34
2025-12-07 20:30:42.083  9971-9971  ImeTracker              com.companyname.UnoApp3              I  com.companyname.UnoApp3:69190bb4: onRequestHide at ORIGIN_CLIENT reason HIDE_SOFT_INPUT fromUser false
2025-12-07 20:30:42.558  9971-9989  EGL_emulation           com.companyname.UnoApp3              D  app_time_stats: avg=171.39ms min=2.23ms max=461.05ms count=7
2025-12-07 20:30:42.637  9971-10036 EGL_emulation           com.companyname.UnoApp3              D  app_time_stats: avg=133.41ms min=5.08ms max=525.73ms count=10
2025-12-07 20:30:45.866  9971-9971  VRI[PopupW...w:82748a8] com.companyname.UnoApp3              D  visibilityChanged oldVisibility=true newVisibility=false
2025-12-07 20:30:45.930  9971-9971  VRI[PopupW...w:9301790] com.companyname.UnoApp3              D  visibilityChanged oldVisibility=true newVisibility=false
2025-12-07 20:30:45.973  9971-9971  VRI[MainActivity]       com.companyname.UnoApp3              D  visibilityChanged oldVisibility=true newVisibility=false
2025-12-07 20:30:58.318  9971-9977  anyname.UnoApp3         com.companyname.UnoApp3              I  Background concurrent mark compact GC freed 1433KB AllocSpace bytes, 20(1392KB) LOS objects, 49% free, 3673KB/7346KB, paused 6.033ms,14.046ms total 101.693ms
2025-12-07 20:30:58.807  9971-9971  VRI[PopupW...w:9301790] com.companyname.UnoApp3              D  visibilityChanged oldVisibility=false newVisibility=true
2025-12-07 20:30:58.808  9971-9971  VRI[PopupW...w:82748a8] com.companyname.UnoApp3              D  visibilityChanged oldVisibility=false newVisibility=true
2025-12-07 20:31:00.493  9971-9971  WindowOnBackDispatcher  com.companyname.UnoApp3              W  sendCancelIfRunning: isInProgress=false callback=android.view.ViewRootImpl$$ExternalSyntheticLambda11@b9ec9ef
2025-12-07 20:31:02.231  9971-10036 EGL_emulation           com.companyname.UnoApp3              D  app_time_stats: avg=1475.96ms min=82.47ms max=2869.45ms count=2
2025-12-07 20:31:02.262  9971-9989  EGL_emulation           com.companyname.UnoApp3              D  app_time_stats: avg=770.21ms min=39.54ms max=2918.19ms count=4
2025-12-07 20:31:02.295  9971-9971  app_process64           com.companyname.UnoApp3              D  12-07 20:31:02.291+08:00 I/Uno.Extensions.Navigation.Navigators.FrameNavigator: NavigateAsync - Starting Navigation - Navigator: FrameNavigator Request: Second
2025-12-07 20:31:03.268  9971-10036 EGL_emulation           com.companyname.UnoApp3              D  app_time_stats: avg=169.36ms min=22.05ms max=580.79ms count=6
2025-12-07 20:31:03.271  9971-9989  EGL_emulation           com.companyname.UnoApp3              D  app_time_stats: avg=167.89ms min=12.33ms max=549.47ms count=6
2025-12-07 20:31:05.750  9971-10036 EGL_emulation           com.companyname.UnoApp3              D  app_time_stats: avg=2479.98ms min=2479.98ms max=2479.98ms count=1
2025-12-07 20:31:05.775  9971-9989  EGL_emulation           com.companyname.UnoApp3              D  app_time_stats: avg=2493.45ms min=2493.45ms max=2493.45ms count=1
2025-12-07 20:31:05.820  9971-9971  app_process64           com.companyname.UnoApp3              D  12-07 20:31:05.819+08:00 I/Uno.Extensions.Navigation.Navigators.FrameNavigator: NavigateAsync - Starting Navigation - Navigator: FrameNavigator Request: -
2025-12-07 20:31:06.759  9971-10036 EGL_emulation           com.companyname.UnoApp3              D  app_time_stats: avg=19.64ms min=4.49ms max=64.75ms count=43
2025-12-07 20:31:06.787  9971-9989  EGL_emulation           com.companyname.UnoApp3              D  app_time_stats: avg=29.84ms min=6.73ms max=81.43ms count=32
2025-12-07 20:31:16.215  9971-10036 EGL_emulation           com.companyname.UnoApp3              D  app_time_stats: avg=2359.40ms min=10.02ms max=9372.39ms count=4
2025-12-07 20:31:16.234  9971-9989  EGL_emulation           com.companyname.UnoApp3              D  app_time_stats: avg=4722.87ms min=51.96ms max=9393.78ms count=2
2025-12-07 20:31:22.084  9971-10036 EGL_emulation           com.companyname.UnoApp3              D  app_time_stats: avg=977.00ms min=6.30ms max=5620.84ms count=6
2025-12-07 20:31:22.174  9971-9989  EGL_emulation           com.companyname.UnoApp3              D  app_time_stats: avg=1483.03ms min=46.26ms max=5714.33ms count=4
2025-12-07 20:31:23.153  9971-10036 EGL_emulation           com.companyname.UnoApp3              D  app_time_stats: avg=534.15ms min=263.14ms max=805.17ms count=2
